<?xml version="1.0" encoding="ISO-8859-1" ?>
<link_info>
   <banner>TI ARM Linker PC v20.2.5.LTS</banner>
   <copyright>Copyright (c) 1996-2018 Texas Instruments Incorporated</copyright>
   <link_time>0x61acb191</link_time>
   <link_errors>0x0</link_errors>
   <output_file>empty_MSP_EXP432P401R_nortos_ccs.out</output_file>
   <entry_point>
      <name>_c_int00_noargs</name>
      <address>0x3155</address>
   </entry_point>
   <input_file_list>
      <input_file id="fl-2">
         <path>.\</path>
         <kind>object</kind>
         <file>main.obj</file>
         <name>main.obj</name>
      </input_file>
      <input_file id="fl-3">
         <path>.\</path>
         <kind>object</kind>
         <file>system_msp432p401r.obj</file>
         <name>system_msp432p401r.obj</name>
      </input_file>
      <input_file id="fl-4">
         <path>.\ccs\</path>
         <kind>object</kind>
         <file>startup_msp432p401r_ccs.obj</file>
         <name>startup_msp432p401r_ccs.obj</name>
      </input_file>
      <input_file id="fl-e">
         <kind>object</kind>
         <file>&lt;internal&gt;</file>
         <name>&lt;internal&gt;</name>
      </input_file>
      <input_file id="fl-f">
         <path>C:\ti\simplelink_msp432p4_sdk_3_40_01_02\source\ti\devices\msp432p4xx\driverlib\ccs\</path>
         <kind>archive</kind>
         <file>msp432p4xx_driverlib.lib</file>
         <name>cs.o</name>
      </input_file>
      <input_file id="fl-10">
         <path>C:\ti\simplelink_msp432p4_sdk_3_40_01_02\source\ti\devices\msp432p4xx\driverlib\ccs\</path>
         <kind>archive</kind>
         <file>msp432p4xx_driverlib.lib</file>
         <name>gpio.o</name>
      </input_file>
      <input_file id="fl-11">
         <path>C:\ti\simplelink_msp432p4_sdk_3_40_01_02\source\ti\devices\msp432p4xx\driverlib\ccs\</path>
         <kind>archive</kind>
         <file>msp432p4xx_driverlib.lib</file>
         <name>interrupt.o</name>
      </input_file>
      <input_file id="fl-12">
         <path>C:\ti\simplelink_msp432p4_sdk_3_40_01_02\source\ti\devices\msp432p4xx\driverlib\ccs\</path>
         <kind>archive</kind>
         <file>msp432p4xx_driverlib.lib</file>
         <name>sysctl_a.o</name>
      </input_file>
      <input_file id="fl-13">
         <path>C:\ti\simplelink_msp432p4_sdk_3_40_01_02\source\ti\devices\msp432p4xx\driverlib\ccs\</path>
         <kind>archive</kind>
         <file>msp432p4xx_driverlib.lib</file>
         <name>timer_a.o</name>
      </input_file>
      <input_file id="fl-14">
         <path>C:\ti\simplelink_msp432p4_sdk_3_40_01_02\source\ti\devices\msp432p4xx\driverlib\ccs\</path>
         <kind>archive</kind>
         <file>msp432p4xx_driverlib.lib</file>
         <name>uart.o</name>
      </input_file>
      <input_file id="fl-15">
         <path>C:\ti\simplelink_msp432p4_sdk_3_40_01_02\source\ti\devices\msp432p4xx\driverlib\ccs\</path>
         <kind>archive</kind>
         <file>msp432p4xx_driverlib.lib</file>
         <name>cpu.o</name>
      </input_file>
      <input_file id="fl-cb">
         <path>C:\ti\ccs1040\ccs\tools\compiler\ti-cgt-arm_20.2.5.LTS\lib\</path>
         <kind>archive</kind>
         <file>rtsv7M4_T_le_v4SPD16_eabi.lib</file>
         <name>printf.c.obj</name>
      </input_file>
      <input_file id="fl-cc">
         <path>C:\ti\ccs1040\ccs\tools\compiler\ti-cgt-arm_20.2.5.LTS\lib\</path>
         <kind>archive</kind>
         <file>rtsv7M4_T_le_v4SPD16_eabi.lib</file>
         <name>_printfi.c.obj</name>
      </input_file>
      <input_file id="fl-cd">
         <path>C:\ti\ccs1040\ccs\tools\compiler\ti-cgt-arm_20.2.5.LTS\lib\</path>
         <kind>archive</kind>
         <file>rtsv7M4_T_le_v4SPD16_eabi.lib</file>
         <name>fputc.c.obj</name>
      </input_file>
      <input_file id="fl-ce">
         <path>C:\ti\ccs1040\ccs\tools\compiler\ti-cgt-arm_20.2.5.LTS\lib\</path>
         <kind>archive</kind>
         <file>rtsv7M4_T_le_v4SPD16_eabi.lib</file>
         <name>fputs.c.obj</name>
      </input_file>
      <input_file id="fl-cf">
         <path>C:\ti\ccs1040\ccs\tools\compiler\ti-cgt-arm_20.2.5.LTS\lib\</path>
         <kind>archive</kind>
         <file>rtsv7M4_T_le_v4SPD16_eabi.lib</file>
         <name>_io_perm.c.obj</name>
      </input_file>
      <input_file id="fl-d0">
         <path>C:\ti\ccs1040\ccs\tools\compiler\ti-cgt-arm_20.2.5.LTS\lib\</path>
         <kind>archive</kind>
         <file>rtsv7M4_T_le_v4SPD16_eabi.lib</file>
         <name>setvbuf.c.obj</name>
      </input_file>
      <input_file id="fl-d1">
         <path>C:\ti\ccs1040\ccs\tools\compiler\ti-cgt-arm_20.2.5.LTS\lib\</path>
         <kind>archive</kind>
         <file>rtsv7M4_T_le_v4SPD16_eabi.lib</file>
         <name>s_frexp.c.obj</name>
      </input_file>
      <input_file id="fl-d2">
         <path>C:\ti\ccs1040\ccs\tools\compiler\ti-cgt-arm_20.2.5.LTS\lib\</path>
         <kind>archive</kind>
         <file>rtsv7M4_T_le_v4SPD16_eabi.lib</file>
         <name>s_scalbn.c.obj</name>
      </input_file>
      <input_file id="fl-d3">
         <path>C:\ti\ccs1040\ccs\tools\compiler\ti-cgt-arm_20.2.5.LTS\lib\</path>
         <kind>archive</kind>
         <file>rtsv7M4_T_le_v4SPD16_eabi.lib</file>
         <name>wcslen.c.obj</name>
      </input_file>
      <input_file id="fl-d4">
         <path>C:\ti\ccs1040\ccs\tools\compiler\ti-cgt-arm_20.2.5.LTS\lib\</path>
         <kind>archive</kind>
         <file>rtsv7M4_T_le_v4SPD16_eabi.lib</file>
         <name>fd_add_t2.asm.obj</name>
      </input_file>
      <input_file id="fl-d5">
         <path>C:\ti\ccs1040\ccs\tools\compiler\ti-cgt-arm_20.2.5.LTS\lib\</path>
         <kind>archive</kind>
         <file>rtsv7M4_T_le_v4SPD16_eabi.lib</file>
         <name>fd_cmp_t2.asm.obj</name>
      </input_file>
      <input_file id="fl-d6">
         <path>C:\ti\ccs1040\ccs\tools\compiler\ti-cgt-arm_20.2.5.LTS\lib\</path>
         <kind>archive</kind>
         <file>rtsv7M4_T_le_v4SPD16_eabi.lib</file>
         <name>fd_div_t2.asm.obj</name>
      </input_file>
      <input_file id="fl-d7">
         <path>C:\ti\ccs1040\ccs\tools\compiler\ti-cgt-arm_20.2.5.LTS\lib\</path>
         <kind>archive</kind>
         <file>rtsv7M4_T_le_v4SPD16_eabi.lib</file>
         <name>fd_mul_t2.asm.obj</name>
      </input_file>
      <input_file id="fl-d8">
         <path>C:\ti\ccs1040\ccs\tools\compiler\ti-cgt-arm_20.2.5.LTS\lib\</path>
         <kind>archive</kind>
         <file>rtsv7M4_T_le_v4SPD16_eabi.lib</file>
         <name>fd_toi_t2.asm.obj</name>
      </input_file>
      <input_file id="fl-d9">
         <path>C:\ti\ccs1040\ccs\tools\compiler\ti-cgt-arm_20.2.5.LTS\lib\</path>
         <kind>archive</kind>
         <file>rtsv7M4_T_le_v4SPD16_eabi.lib</file>
         <name>i_tofd_t2.asm.obj</name>
      </input_file>
      <input_file id="fl-da">
         <path>C:\ti\ccs1040\ccs\tools\compiler\ti-cgt-arm_20.2.5.LTS\lib\</path>
         <kind>archive</kind>
         <file>rtsv7M4_T_le_v4SPD16_eabi.lib</file>
         <name>memcpy_t2.asm.obj</name>
      </input_file>
      <input_file id="fl-db">
         <path>C:\ti\ccs1040\ccs\tools\compiler\ti-cgt-arm_20.2.5.LTS\lib\</path>
         <kind>archive</kind>
         <file>rtsv7M4_T_le_v4SPD16_eabi.lib</file>
         <name>ull_div_t2.asm.obj</name>
      </input_file>
      <input_file id="fl-dc">
         <path>C:\ti\ccs1040\ccs\tools\compiler\ti-cgt-arm_20.2.5.LTS\lib\</path>
         <kind>archive</kind>
         <file>rtsv7M4_T_le_v4SPD16_eabi.lib</file>
         <name>memset_t2.asm.obj</name>
      </input_file>
      <input_file id="fl-dd">
         <path>C:\ti\ccs1040\ccs\tools\compiler\ti-cgt-arm_20.2.5.LTS\lib\</path>
         <kind>archive</kind>
         <file>rtsv7M4_T_le_v4SPD16_eabi.lib</file>
         <name>copy_zero_init.c.obj</name>
      </input_file>
      <input_file id="fl-de">
         <path>C:\ti\ccs1040\ccs\tools\compiler\ti-cgt-arm_20.2.5.LTS\lib\</path>
         <kind>archive</kind>
         <file>rtsv7M4_T_le_v4SPD16_eabi.lib</file>
         <name>copy_decompress_none.c.obj</name>
      </input_file>
      <input_file id="fl-df">
         <path>C:\ti\ccs1040\ccs\tools\compiler\ti-cgt-arm_20.2.5.LTS\lib\</path>
         <kind>archive</kind>
         <file>rtsv7M4_T_le_v4SPD16_eabi.lib</file>
         <name>copy_decompress_lzss.c.obj</name>
      </input_file>
      <input_file id="fl-e0">
         <path>C:\ti\ccs1040\ccs\tools\compiler\ti-cgt-arm_20.2.5.LTS\lib\</path>
         <kind>archive</kind>
         <file>rtsv7M4_T_le_v4SPD16_eabi.lib</file>
         <name>exit.c.obj</name>
      </input_file>
      <input_file id="fl-e1">
         <path>C:\ti\ccs1040\ccs\tools\compiler\ti-cgt-arm_20.2.5.LTS\lib\</path>
         <kind>archive</kind>
         <file>rtsv7M4_T_le_v4SPD16_eabi.lib</file>
         <name>_lock.c.obj</name>
      </input_file>
      <input_file id="fl-e2">
         <path>C:\ti\ccs1040\ccs\tools\compiler\ti-cgt-arm_20.2.5.LTS\lib\</path>
         <kind>archive</kind>
         <file>rtsv7M4_T_le_v4SPD16_eabi.lib</file>
         <name>_ltoa.c.obj</name>
      </input_file>
      <input_file id="fl-e3">
         <path>C:\ti\ccs1040\ccs\tools\compiler\ti-cgt-arm_20.2.5.LTS\lib\</path>
         <kind>archive</kind>
         <file>rtsv7M4_T_le_v4SPD16_eabi.lib</file>
         <name>atoi.c.obj</name>
      </input_file>
      <input_file id="fl-e4">
         <path>C:\ti\ccs1040\ccs\tools\compiler\ti-cgt-arm_20.2.5.LTS\lib\</path>
         <kind>archive</kind>
         <file>rtsv7M4_T_le_v4SPD16_eabi.lib</file>
         <name>ctype.c.obj</name>
      </input_file>
      <input_file id="fl-e5">
         <path>C:\ti\ccs1040\ccs\tools\compiler\ti-cgt-arm_20.2.5.LTS\lib\</path>
         <kind>archive</kind>
         <file>rtsv7M4_T_le_v4SPD16_eabi.lib</file>
         <name>defs.c.obj</name>
      </input_file>
      <input_file id="fl-e6">
         <path>C:\ti\ccs1040\ccs\tools\compiler\ti-cgt-arm_20.2.5.LTS\lib\</path>
         <kind>archive</kind>
         <file>rtsv7M4_T_le_v4SPD16_eabi.lib</file>
         <name>memccpy.c.obj</name>
      </input_file>
      <input_file id="fl-e7">
         <path>C:\ti\ccs1040\ccs\tools\compiler\ti-cgt-arm_20.2.5.LTS\lib\</path>
         <kind>archive</kind>
         <file>rtsv7M4_T_le_v4SPD16_eabi.lib</file>
         <name>memchr.c.obj</name>
      </input_file>
      <input_file id="fl-e8">
         <path>C:\ti\ccs1040\ccs\tools\compiler\ti-cgt-arm_20.2.5.LTS\lib\</path>
         <kind>archive</kind>
         <file>rtsv7M4_T_le_v4SPD16_eabi.lib</file>
         <name>memory.c.obj</name>
      </input_file>
      <input_file id="fl-e9">
         <path>C:\ti\ccs1040\ccs\tools\compiler\ti-cgt-arm_20.2.5.LTS\lib\</path>
         <kind>archive</kind>
         <file>rtsv7M4_T_le_v4SPD16_eabi.lib</file>
         <name>strchr.c.obj</name>
      </input_file>
      <input_file id="fl-ea">
         <path>C:\ti\ccs1040\ccs\tools\compiler\ti-cgt-arm_20.2.5.LTS\lib\</path>
         <kind>archive</kind>
         <file>rtsv7M4_T_le_v4SPD16_eabi.lib</file>
         <name>strlen.c.obj</name>
      </input_file>
      <input_file id="fl-eb">
         <path>C:\ti\ccs1040\ccs\tools\compiler\ti-cgt-arm_20.2.5.LTS\lib\</path>
         <kind>archive</kind>
         <file>rtsv7M4_T_le_v4SPD16_eabi.lib</file>
         <name>errno.c.obj</name>
      </input_file>
      <input_file id="fl-ec">
         <path>C:\ti\ccs1040\ccs\tools\compiler\ti-cgt-arm_20.2.5.LTS\lib\</path>
         <kind>archive</kind>
         <file>rtsv7M4_T_le_v4SPD16_eabi.lib</file>
         <name>boot_cortex_m.c.obj</name>
      </input_file>
      <input_file id="fl-ed">
         <path>C:\ti\ccs1040\ccs\tools\compiler\ti-cgt-arm_20.2.5.LTS\lib\</path>
         <kind>archive</kind>
         <file>rtsv7M4_T_le_v4SPD16_eabi.lib</file>
         <name>write.c.obj</name>
      </input_file>
      <input_file id="fl-ee">
         <path>C:\ti\ccs1040\ccs\tools\compiler\ti-cgt-arm_20.2.5.LTS\lib\</path>
         <kind>archive</kind>
         <file>rtsv7M4_T_le_v4SPD16_eabi.lib</file>
         <name>host_device.c.obj</name>
      </input_file>
      <input_file id="fl-ef">
         <path>C:\ti\ccs1040\ccs\tools\compiler\ti-cgt-arm_20.2.5.LTS\lib\</path>
         <kind>archive</kind>
         <file>rtsv7M4_T_le_v4SPD16_eabi.lib</file>
         <name>fflush.c.obj</name>
      </input_file>
      <input_file id="fl-f0">
         <path>C:\ti\ccs1040\ccs\tools\compiler\ti-cgt-arm_20.2.5.LTS\lib\</path>
         <kind>archive</kind>
         <file>rtsv7M4_T_le_v4SPD16_eabi.lib</file>
         <name>fopen.c.obj</name>
      </input_file>
      <input_file id="fl-f1">
         <path>C:\ti\ccs1040\ccs\tools\compiler\ti-cgt-arm_20.2.5.LTS\lib\</path>
         <kind>archive</kind>
         <file>rtsv7M4_T_le_v4SPD16_eabi.lib</file>
         <name>fseek.c.obj</name>
      </input_file>
      <input_file id="fl-f2">
         <path>C:\ti\ccs1040\ccs\tools\compiler\ti-cgt-arm_20.2.5.LTS\lib\</path>
         <kind>archive</kind>
         <file>rtsv7M4_T_le_v4SPD16_eabi.lib</file>
         <name>s_copysign.c.obj</name>
      </input_file>
      <input_file id="fl-f3">
         <path>C:\ti\ccs1040\ccs\tools\compiler\ti-cgt-arm_20.2.5.LTS\lib\</path>
         <kind>archive</kind>
         <file>rtsv7M4_T_le_v4SPD16_eabi.lib</file>
         <name>div0.asm.obj</name>
      </input_file>
      <input_file id="fl-f4">
         <path>C:\ti\ccs1040\ccs\tools\compiler\ti-cgt-arm_20.2.5.LTS\lib\</path>
         <kind>archive</kind>
         <file>rtsv7M4_T_le_v4SPD16_eabi.lib</file>
         <name>autoinit.c.obj</name>
      </input_file>
      <input_file id="fl-f5">
         <path>C:\ti\ccs1040\ccs\tools\compiler\ti-cgt-arm_20.2.5.LTS\lib\</path>
         <kind>archive</kind>
         <file>rtsv7M4_T_le_v4SPD16_eabi.lib</file>
         <name>pre_init.c.obj</name>
      </input_file>
      <input_file id="fl-f6">
         <path>C:\ti\ccs1040\ccs\tools\compiler\ti-cgt-arm_20.2.5.LTS\lib\</path>
         <kind>archive</kind>
         <file>rtsv7M4_T_le_v4SPD16_eabi.lib</file>
         <name>cpy_tbl.c.obj</name>
      </input_file>
      <input_file id="fl-f7">
         <path>C:\ti\ccs1040\ccs\tools\compiler\ti-cgt-arm_20.2.5.LTS\lib\</path>
         <kind>archive</kind>
         <file>rtsv7M4_T_le_v4SPD16_eabi.lib</file>
         <name>args_main.c.obj</name>
      </input_file>
      <input_file id="fl-f8">
         <path>C:\ti\ccs1040\ccs\tools\compiler\ti-cgt-arm_20.2.5.LTS\lib\</path>
         <kind>archive</kind>
         <file>rtsv7M4_T_le_v4SPD16_eabi.lib</file>
         <name>hostclose.c.obj</name>
      </input_file>
      <input_file id="fl-f9">
         <path>C:\ti\ccs1040\ccs\tools\compiler\ti-cgt-arm_20.2.5.LTS\lib\</path>
         <kind>archive</kind>
         <file>rtsv7M4_T_le_v4SPD16_eabi.lib</file>
         <name>hostlseek.c.obj</name>
      </input_file>
      <input_file id="fl-fa">
         <path>C:\ti\ccs1040\ccs\tools\compiler\ti-cgt-arm_20.2.5.LTS\lib\</path>
         <kind>archive</kind>
         <file>rtsv7M4_T_le_v4SPD16_eabi.lib</file>
         <name>hostopen.c.obj</name>
      </input_file>
      <input_file id="fl-fb">
         <path>C:\ti\ccs1040\ccs\tools\compiler\ti-cgt-arm_20.2.5.LTS\lib\</path>
         <kind>archive</kind>
         <file>rtsv7M4_T_le_v4SPD16_eabi.lib</file>
         <name>hostread.c.obj</name>
      </input_file>
      <input_file id="fl-fc">
         <path>C:\ti\ccs1040\ccs\tools\compiler\ti-cgt-arm_20.2.5.LTS\lib\</path>
         <kind>archive</kind>
         <file>rtsv7M4_T_le_v4SPD16_eabi.lib</file>
         <name>hostrename.c.obj</name>
      </input_file>
      <input_file id="fl-fd">
         <path>C:\ti\ccs1040\ccs\tools\compiler\ti-cgt-arm_20.2.5.LTS\lib\</path>
         <kind>archive</kind>
         <file>rtsv7M4_T_le_v4SPD16_eabi.lib</file>
         <name>hostunlink.c.obj</name>
      </input_file>
      <input_file id="fl-fe">
         <path>C:\ti\ccs1040\ccs\tools\compiler\ti-cgt-arm_20.2.5.LTS\lib\</path>
         <kind>archive</kind>
         <file>rtsv7M4_T_le_v4SPD16_eabi.lib</file>
         <name>hostwrite.c.obj</name>
      </input_file>
      <input_file id="fl-ff">
         <path>C:\ti\ccs1040\ccs\tools\compiler\ti-cgt-arm_20.2.5.LTS\lib\</path>
         <kind>archive</kind>
         <file>rtsv7M4_T_le_v4SPD16_eabi.lib</file>
         <name>trgmsg.c.obj</name>
      </input_file>
      <input_file id="fl-100">
         <path>C:\ti\ccs1040\ccs\tools\compiler\ti-cgt-arm_20.2.5.LTS\lib\</path>
         <kind>archive</kind>
         <file>rtsv7M4_T_le_v4SPD16_eabi.lib</file>
         <name>open.c.obj</name>
      </input_file>
      <input_file id="fl-101">
         <path>C:\ti\ccs1040\ccs\tools\compiler\ti-cgt-arm_20.2.5.LTS\lib\</path>
         <kind>archive</kind>
         <file>rtsv7M4_T_le_v4SPD16_eabi.lib</file>
         <name>lseek.c.obj</name>
      </input_file>
      <input_file id="fl-102">
         <path>C:\ti\ccs1040\ccs\tools\compiler\ti-cgt-arm_20.2.5.LTS\lib\</path>
         <kind>archive</kind>
         <file>rtsv7M4_T_le_v4SPD16_eabi.lib</file>
         <name>fclose.c.obj</name>
      </input_file>
      <input_file id="fl-103">
         <path>C:\ti\ccs1040\ccs\tools\compiler\ti-cgt-arm_20.2.5.LTS\lib\</path>
         <kind>archive</kind>
         <file>rtsv7M4_T_le_v4SPD16_eabi.lib</file>
         <name>getdevice.c.obj</name>
      </input_file>
      <input_file id="fl-104">
         <path>C:\ti\ccs1040\ccs\tools\compiler\ti-cgt-arm_20.2.5.LTS\lib\</path>
         <kind>archive</kind>
         <file>rtsv7M4_T_le_v4SPD16_eabi.lib</file>
         <name>strcmp.c.obj</name>
      </input_file>
      <input_file id="fl-105">
         <path>C:\ti\ccs1040\ccs\tools\compiler\ti-cgt-arm_20.2.5.LTS\lib\</path>
         <kind>archive</kind>
         <file>rtsv7M4_T_le_v4SPD16_eabi.lib</file>
         <name>strcpy.c.obj</name>
      </input_file>
      <input_file id="fl-106">
         <path>C:\ti\ccs1040\ccs\tools\compiler\ti-cgt-arm_20.2.5.LTS\lib\</path>
         <kind>archive</kind>
         <file>rtsv7M4_T_le_v4SPD16_eabi.lib</file>
         <name>strncpy.c.obj</name>
      </input_file>
      <input_file id="fl-107">
         <path>C:\ti\ccs1040\ccs\tools\compiler\ti-cgt-arm_20.2.5.LTS\lib\</path>
         <kind>archive</kind>
         <file>rtsv7M4_T_le_v4SPD16_eabi.lib</file>
         <name>remove.c.obj</name>
      </input_file>
      <input_file id="fl-108">
         <path>C:\ti\ccs1040\ccs\tools\compiler\ti-cgt-arm_20.2.5.LTS\lib\</path>
         <kind>archive</kind>
         <file>rtsv7M4_T_le_v4SPD16_eabi.lib</file>
         <name>close.c.obj</name>
      </input_file>
      <input_file id="fl-109">
         <path>C:\ti\ccs1040\ccs\tools\compiler\ti-cgt-arm_20.2.5.LTS\lib\</path>
         <kind>archive</kind>
         <file>rtsv7M4_T_le_v4SPD16_eabi.lib</file>
         <name>unlink.c.obj</name>
      </input_file>
   </input_file_list>
   <object_component_list>
      <object_component id="oc-26">
         <name>.intvecs:retain</name>
         <load_address>0x0</load_address>
         <run_address>0x0</run_address>
         <size>0xe4</size>
         <input_file_ref idref="fl-4"/>
      </object_component>
      <object_component id="oc-1fb">
         <name>.text:__TI_printfi</name>
         <load_address>0xe4</load_address>
         <run_address>0xe4</run_address>
         <size>0xa4e</size>
         <input_file_ref idref="fl-cc"/>
      </object_component>
      <object_component id="oc-70">
         <name>.text:Default_Handler</name>
         <load_address>0xb32</load_address>
         <run_address>0xb32</run_address>
         <size>0x2</size>
         <input_file_ref idref="fl-4"/>
      </object_component>
      <object_component id="oc-2b4">
         <name>.text:_pconv_a</name>
         <load_address>0xb34</load_address>
         <run_address>0xb34</run_address>
         <size>0x270</size>
         <input_file_ref idref="fl-cc"/>
      </object_component>
      <object_component id="oc-2a2">
         <name>.text:_pconv_g</name>
         <load_address>0xda4</load_address>
         <run_address>0xda4</run_address>
         <size>0x1d0</size>
         <input_file_ref idref="fl-cc"/>
      </object_component>
      <object_component id="oc-364">
         <name>.text</name>
         <load_address>0xf74</load_address>
         <run_address>0xf74</run_address>
         <size>0x1b6</size>
         <input_file_ref idref="fl-d4"/>
      </object_component>
      <object_component id="oc-2d8">
         <name>.text:_nop</name>
         <load_address>0x112a</load_address>
         <run_address>0x112a</run_address>
         <size>0x2</size>
         <input_file_ref idref="fl-e1"/>
      </object_component>
      <object_component id="oc-244">
         <name>.text:privateTimer_AProcessClockSourceDivider</name>
         <load_address>0x112c</load_address>
         <run_address>0x112c</run_address>
         <size>0x144</size>
         <input_file_ref idref="fl-13"/>
      </object_component>
      <object_component id="oc-b8">
         <name>.text:main</name>
         <load_address>0x1270</load_address>
         <run_address>0x1270</run_address>
         <size>0x140</size>
         <input_file_ref idref="fl-2"/>
      </object_component>
      <object_component id="oc-2ae">
         <name>.text:_pconv_e</name>
         <load_address>0x13b0</load_address>
         <run_address>0x13b0</run_address>
         <size>0x13c</size>
         <input_file_ref idref="fl-cc"/>
      </object_component>
      <object_component id="oc-34a">
         <name>.text</name>
         <load_address>0x14ec</load_address>
         <run_address>0x14ec</run_address>
         <size>0x136</size>
         <input_file_ref idref="fl-d6"/>
      </object_component>
      <object_component id="oc-3f3">
         <name>.text</name>
         <load_address>0x1622</load_address>
         <run_address>0x1622</run_address>
         <size>0x2</size>
         <input_file_ref idref="fl-f3"/>
      </object_component>
      <object_component id="oc-376">
         <name>.text:fcvt</name>
         <load_address>0x1624</load_address>
         <run_address>0x1624</run_address>
         <size>0x124</size>
         <input_file_ref idref="fl-cc"/>
      </object_component>
      <object_component id="oc-166">
         <name>.text:UART_initModule</name>
         <load_address>0x1748</load_address>
         <run_address>0x1748</run_address>
         <size>0x11c</size>
         <input_file_ref idref="fl-14"/>
      </object_component>
      <object_component id="oc-2e6">
         <name>.text:fputs</name>
         <load_address>0x1864</load_address>
         <run_address>0x1864</run_address>
         <size>0x114</size>
         <input_file_ref idref="fl-ce"/>
      </object_component>
      <object_component id="oc-38a">
         <name>.text:scalbn</name>
         <load_address>0x1978</load_address>
         <run_address>0x1978</run_address>
         <size>0x110</size>
         <input_file_ref idref="fl-d2"/>
      </object_component>
      <object_component id="oc-49e">
         <name>.text:aligned_alloc</name>
         <load_address>0x1a88</load_address>
         <run_address>0x1a88</run_address>
         <size>0x100</size>
         <input_file_ref idref="fl-e8"/>
      </object_component>
      <object_component id="oc-345">
         <name>.text</name>
         <load_address>0x1b88</load_address>
         <run_address>0x1b88</run_address>
         <size>0xfc</size>
         <input_file_ref idref="fl-d7"/>
      </object_component>
      <object_component id="oc-45c">
         <name>.text:free</name>
         <load_address>0x1c84</load_address>
         <run_address>0x1c84</run_address>
         <size>0xe4</size>
         <input_file_ref idref="fl-e8"/>
      </object_component>
      <object_component id="oc-42e">
         <name>.text:setvbuf</name>
         <load_address>0x1d68</load_address>
         <run_address>0x1d68</run_address>
         <size>0xdc</size>
         <input_file_ref idref="fl-d0"/>
      </object_component>
      <object_component id="oc-297">
         <name>.text:_ltostr</name>
         <load_address>0x1e44</load_address>
         <run_address>0x1e44</run_address>
         <size>0xb1</size>
         <input_file_ref idref="fl-cc"/>
      </object_component>
      <object_component id="oc-76">
         <name>.text:EUSCIA2_IRQHandler</name>
         <load_address>0x1ef8</load_address>
         <run_address>0x1ef8</run_address>
         <size>0x9c</size>
         <input_file_ref idref="fl-2"/>
      </object_component>
      <object_component id="oc-3a">
         <name>.text</name>
         <load_address>0x1f94</load_address>
         <run_address>0x1f94</run_address>
         <size>0x9c</size>
         <input_file_ref idref="fl-da"/>
      </object_component>
      <object_component id="oc-33e">
         <name>.text</name>
         <load_address>0x2030</load_address>
         <run_address>0x2030</run_address>
         <size>0x96</size>
         <input_file_ref idref="fl-db"/>
      </object_component>
      <object_component id="oc-2ed">
         <name>.text:fputc</name>
         <load_address>0x20c8</load_address>
         <run_address>0x20c8</run_address>
         <size>0x8c</size>
         <input_file_ref idref="fl-cd"/>
      </object_component>
      <object_component id="oc-160">
         <name>.text:GPIO_setAsPeripheralModuleFunctionInputPin</name>
         <load_address>0x2154</load_address>
         <run_address>0x2154</run_address>
         <size>0x88</size>
         <input_file_ref idref="fl-10"/>
      </object_component>
      <object_component id="oc-184">
         <name>.text:GPIO_setAsPeripheralModuleFunctionOutputPin</name>
         <load_address>0x21dc</load_address>
         <run_address>0x21dc</run_address>
         <size>0x88</size>
         <input_file_ref idref="fl-10"/>
      </object_component>
      <object_component id="oc-29d">
         <name>.text:__aeabi_cdcmple</name>
         <load_address>0x2264</load_address>
         <run_address>0x2264</run_address>
         <size>0x86</size>
         <input_file_ref idref="fl-d5"/>
      </object_component>
      <object_component id="oc-34f">
         <name>.text:__aeabi_cdrcmple</name>
         <load_address>0x22ea</load_address>
         <run_address>0x22ea</run_address>
         <size>0x86</size>
         <input_file_ref idref="fl-d5"/>
      </object_component>
      <object_component id="oc-178">
         <name>.text:Interrupt_enableInterrupt</name>
         <load_address>0x2370</load_address>
         <run_address>0x2370</run_address>
         <size>0x80</size>
         <input_file_ref idref="fl-11"/>
      </object_component>
      <object_component id="oc-ac">
         <name>.text</name>
         <load_address>0x23f0</load_address>
         <run_address>0x23f0</run_address>
         <size>0x7a</size>
         <input_file_ref idref="fl-dc"/>
      </object_component>
      <object_component id="oc-ca">
         <name>.text:SystemInit</name>
         <load_address>0x246c</load_address>
         <run_address>0x246c</run_address>
         <size>0x78</size>
         <input_file_ref idref="fl-3"/>
      </object_component>
      <object_component id="oc-15a">
         <name>.text:Timer_A_generatePWM</name>
         <load_address>0x24e4</load_address>
         <run_address>0x24e4</run_address>
         <size>0x74</size>
         <input_file_ref idref="fl-13"/>
      </object_component>
      <object_component id="oc-4a5">
         <name>.text:__TI_closefile</name>
         <load_address>0x2558</load_address>
         <run_address>0x2558</run_address>
         <size>0x74</size>
         <input_file_ref idref="fl-102"/>
      </object_component>
      <object_component id="oc-4e6">
         <name>.text:split</name>
         <load_address>0x25cc</load_address>
         <run_address>0x25cc</run_address>
         <size>0x70</size>
         <input_file_ref idref="fl-e8"/>
      </object_component>
      <object_component id="oc-36f">
         <name>.text:_mcpy</name>
         <load_address>0x263c</load_address>
         <run_address>0x263c</run_address>
         <size>0x6e</size>
         <input_file_ref idref="fl-cc"/>
      </object_component>
      <object_component id="oc-4d5">
         <name>.text:HOSTrename</name>
         <load_address>0x26ac</load_address>
         <run_address>0x26ac</run_address>
         <size>0x6c</size>
         <input_file_ref idref="fl-fc"/>
      </object_component>
      <object_component id="oc-4c9">
         <name>.text:HOSTlseek</name>
         <load_address>0x2718</load_address>
         <run_address>0x2718</run_address>
         <size>0x68</size>
         <input_file_ref idref="fl-f9"/>
      </object_component>
      <object_component id="oc-17">
         <name>.text:decompress:lzss:__TI_decompress_lzss</name>
         <load_address>0x2780</load_address>
         <run_address>0x2780</run_address>
         <size>0x68</size>
         <input_file_ref idref="fl-df"/>
      </object_component>
      <object_component id="oc-10f">
         <name>.text:printf</name>
         <load_address>0x27e8</load_address>
         <run_address>0x27e8</run_address>
         <size>0x68</size>
         <input_file_ref idref="fl-cb"/>
      </object_component>
      <object_component id="oc-384">
         <name>.text:frexp</name>
         <load_address>0x2850</load_address>
         <run_address>0x2850</run_address>
         <size>0x64</size>
         <input_file_ref idref="fl-d1"/>
      </object_component>
      <object_component id="oc-428">
         <name>.text:fseek</name>
         <load_address>0x28b4</load_address>
         <run_address>0x28b4</run_address>
         <size>0x64</size>
         <input_file_ref idref="fl-f1"/>
      </object_component>
      <object_component id="oc-3bb">
         <name>.text:__TI_wrt_ok</name>
         <load_address>0x2918</load_address>
         <run_address>0x2918</run_address>
         <size>0x62</size>
         <input_file_ref idref="fl-cf"/>
      </object_component>
      <object_component id="oc-4b1">
         <name>.text:HOSTopen</name>
         <load_address>0x297c</load_address>
         <run_address>0x297c</run_address>
         <size>0x60</size>
         <input_file_ref idref="fl-fa"/>
      </object_component>
      <object_component id="oc-7c">
         <name>.text:PORT1_IRQHandler</name>
         <load_address>0x29dc</load_address>
         <run_address>0x29dc</run_address>
         <size>0x60</size>
         <input_file_ref idref="fl-2"/>
      </object_component>
      <object_component id="oc-82">
         <name>.text:PORT2_IRQHandler</name>
         <load_address>0x2a3c</load_address>
         <run_address>0x2a3c</run_address>
         <size>0x5c</size>
         <input_file_ref idref="fl-2"/>
      </object_component>
      <object_component id="oc-88">
         <name>.text:PORT3_IRQHandler</name>
         <load_address>0x2a98</load_address>
         <run_address>0x2a98</run_address>
         <size>0x5c</size>
         <input_file_ref idref="fl-2"/>
      </object_component>
      <object_component id="oc-4ed">
         <name>.text:close</name>
         <load_address>0x2af4</load_address>
         <run_address>0x2af4</run_address>
         <size>0x5c</size>
         <input_file_ref idref="fl-108"/>
      </object_component>
      <object_component id="oc-18a">
         <name>.text:GPIO_setAsInputPinWithPullUpResistor</name>
         <load_address>0x2b50</load_address>
         <run_address>0x2b50</run_address>
         <size>0x58</size>
         <input_file_ref idref="fl-10"/>
      </object_component>
      <object_component id="oc-4bd">
         <name>.text:HOSTread</name>
         <load_address>0x2ba8</load_address>
         <run_address>0x2ba8</run_address>
         <size>0x58</size>
         <input_file_ref idref="fl-fb"/>
      </object_component>
      <object_component id="oc-4c3">
         <name>.text:HOSTwrite</name>
         <load_address>0x2c00</load_address>
         <run_address>0x2c00</run_address>
         <size>0x58</size>
         <input_file_ref idref="fl-fe"/>
      </object_component>
      <object_component id="oc-2a8">
         <name>.text:_pconv_f</name>
         <load_address>0x2c58</load_address>
         <run_address>0x2c58</run_address>
         <size>0x56</size>
         <input_file_ref idref="fl-cc"/>
      </object_component>
      <object_component id="oc-359">
         <name>.text:__TI_ltoa</name>
         <load_address>0x2cae</load_address>
         <run_address>0x2cae</run_address>
         <size>0x54</size>
         <input_file_ref idref="fl-e2"/>
      </object_component>
      <object_component id="oc-369">
         <name>.text:_ecpy</name>
         <load_address>0x2d02</load_address>
         <run_address>0x2d02</run_address>
         <size>0x52</size>
         <input_file_ref idref="fl-cc"/>
      </object_component>
      <object_component id="oc-3c7">
         <name>.text:__TI_doflush</name>
         <load_address>0x2d54</load_address>
         <run_address>0x2d54</run_address>
         <size>0x4c</size>
         <input_file_ref idref="fl-ef"/>
      </object_component>
      <object_component id="oc-291">
         <name>.text:atoi</name>
         <load_address>0x2da0</load_address>
         <run_address>0x2da0</run_address>
         <size>0x4c</size>
         <input_file_ref idref="fl-e3"/>
      </object_component>
      <object_component id="oc-1ac">
         <name>.text:exit</name>
         <load_address>0x2dec</load_address>
         <run_address>0x2dec</run_address>
         <size>0x48</size>
         <input_file_ref idref="fl-e0"/>
      </object_component>
      <object_component id="oc-354">
         <name>.text</name>
         <load_address>0x2e34</load_address>
         <run_address>0x2e34</run_address>
         <size>0x48</size>
         <input_file_ref idref="fl-d8"/>
      </object_component>
      <object_component id="oc-4b7">
         <name>.text:HOSTclose</name>
         <load_address>0x2e7c</load_address>
         <run_address>0x2e7c</run_address>
         <size>0x44</size>
         <input_file_ref idref="fl-f8"/>
      </object_component>
      <object_component id="oc-4cf">
         <name>.text:HOSTunlink</name>
         <load_address>0x2ec0</load_address>
         <run_address>0x2ec0</run_address>
         <size>0x44</size>
         <input_file_ref idref="fl-fd"/>
      </object_component>
      <object_component id="oc-1b2">
         <name>.text:__TI_auto_init_nobinit_nopinit:__TI_auto_init_nobinit_nopinit</name>
         <load_address>0x2f04</load_address>
         <run_address>0x2f04</run_address>
         <size>0x44</size>
         <input_file_ref idref="fl-f4"/>
      </object_component>
      <object_component id="oc-525">
         <name>.text:getdevice</name>
         <load_address>0x2f48</load_address>
         <run_address>0x2f48</run_address>
         <size>0x44</size>
         <input_file_ref idref="fl-103"/>
      </object_component>
      <object_component id="oc-14e">
         <name>.text:GPIO_setAsOutputPin</name>
         <load_address>0x2f8c</load_address>
         <run_address>0x2f8c</run_address>
         <size>0x40</size>
         <input_file_ref idref="fl-10"/>
      </object_component>
      <object_component id="oc-37c">
         <name>.text:_fcpy</name>
         <load_address>0x2fcc</load_address>
         <run_address>0x2fcc</run_address>
         <size>0x3e</size>
         <input_file_ref idref="fl-cc"/>
      </object_component>
      <object_component id="oc-f0">
         <name>.text:delayMs</name>
         <load_address>0x300a</load_address>
         <run_address>0x300a</run_address>
         <size>0x3c</size>
         <input_file_ref idref="fl-2"/>
      </object_component>
      <object_component id="oc-4fe">
         <name>.text:__TI_writemsg</name>
         <load_address>0x3048</load_address>
         <run_address>0x3048</run_address>
         <size>0x38</size>
         <input_file_ref idref="fl-ff"/>
      </object_component>
      <object_component id="oc-547">
         <name>.text:strncpy</name>
         <load_address>0x3080</load_address>
         <run_address>0x3080</run_address>
         <size>0x36</size>
         <input_file_ref idref="fl-106"/>
      </object_component>
      <object_component id="oc-148">
         <name>.text:CS_setDCOCenteredFrequency</name>
         <load_address>0x30b8</load_address>
         <run_address>0x30b8</run_address>
         <size>0x34</size>
         <input_file_ref idref="fl-f"/>
      </object_component>
      <object_component id="oc-468">
         <name>.text:__TI_cleanup</name>
         <load_address>0x30ec</load_address>
         <run_address>0x30ec</run_address>
         <size>0x34</size>
         <input_file_ref idref="fl-f0"/>
      </object_component>
      <object_component id="oc-504">
         <name>.text:__TI_readmsg</name>
         <load_address>0x3120</load_address>
         <run_address>0x3120</run_address>
         <size>0x34</size>
         <input_file_ref idref="fl-ff"/>
      </object_component>
      <object_component id="oc-58">
         <name>.text:_c_int00_noargs:_c_int00_noargs</name>
         <load_address>0x3154</load_address>
         <run_address>0x3154</run_address>
         <size>0x34</size>
         <input_file_ref idref="fl-ec"/>
      </object_component>
      <object_component id="oc-172">
         <name>.text:UART_enableInterrupt</name>
         <load_address>0x3188</load_address>
         <run_address>0x3188</run_address>
         <size>0x30</size>
         <input_file_ref idref="fl-14"/>
      </object_component>
      <object_component id="oc-d2">
         <name>.text:UART_receiveData</name>
         <load_address>0x31b8</load_address>
         <run_address>0x31b8</run_address>
         <size>0x30</size>
         <input_file_ref idref="fl-14"/>
      </object_component>
      <object_component id="oc-54d">
         <name>.text:finddevice</name>
         <load_address>0x31e8</load_address>
         <run_address>0x31e8</run_address>
         <size>0x30</size>
         <input_file_ref idref="fl-103"/>
      </object_component>
      <object_component id="oc-35f">
         <name>.text</name>
         <load_address>0x3218</load_address>
         <run_address>0x3218</run_address>
         <size>0x2e</size>
         <input_file_ref idref="fl-d9"/>
      </object_component>
      <object_component id="oc-4f3">
         <name>.text:unlink</name>
         <load_address>0x3248</load_address>
         <run_address>0x3248</run_address>
         <size>0x2c</size>
         <input_file_ref idref="fl-109"/>
      </object_component>
      <object_component id="oc-108">
         <name>.text:GPIO_clearInterruptFlag</name>
         <load_address>0x3274</load_address>
         <run_address>0x3274</run_address>
         <size>0x28</size>
         <input_file_ref idref="fl-10"/>
      </object_component>
      <object_component id="oc-190">
         <name>.text:GPIO_enableInterrupt</name>
         <load_address>0x329c</load_address>
         <run_address>0x329c</run_address>
         <size>0x28</size>
         <input_file_ref idref="fl-10"/>
      </object_component>
      <object_component id="oc-17e">
         <name>.text:GPIO_setOutputHighOnPin</name>
         <load_address>0x32c4</load_address>
         <run_address>0x32c4</run_address>
         <size>0x28</size>
         <input_file_ref idref="fl-10"/>
      </object_component>
      <object_component id="oc-154">
         <name>.text:GPIO_setOutputLowOnPin</name>
         <load_address>0x32ec</load_address>
         <run_address>0x32ec</run_address>
         <size>0x28</size>
         <input_file_ref idref="fl-10"/>
      </object_component>
      <object_component id="oc-497">
         <name>.text:free_list_insert</name>
         <load_address>0x3314</load_address>
         <run_address>0x3314</run_address>
         <size>0x28</size>
         <input_file_ref idref="fl-e8"/>
      </object_component>
      <object_component id="oc-454">
         <name>.text:lseek</name>
         <load_address>0x333c</load_address>
         <run_address>0x333c</run_address>
         <size>0x28</size>
         <input_file_ref idref="fl-101"/>
      </object_component>
      <object_component id="oc-3cd">
         <name>.text:write</name>
         <load_address>0x3364</load_address>
         <run_address>0x3364</run_address>
         <size>0x28</size>
         <input_file_ref idref="fl-ed"/>
      </object_component>
      <object_component id="oc-102">
         <name>.text:GPIO_getInterruptStatus</name>
         <load_address>0x338c</load_address>
         <run_address>0x338c</run_address>
         <size>0x24</size>
         <input_file_ref idref="fl-10"/>
      </object_component>
      <object_component id="oc-e4">
         <name>.text:moveBackward</name>
         <load_address>0x33b0</load_address>
         <run_address>0x33b0</run_address>
         <size>0x24</size>
         <input_file_ref idref="fl-2"/>
      </object_component>
      <object_component id="oc-d8">
         <name>.text:moveForward</name>
         <load_address>0x33d4</load_address>
         <run_address>0x33d4</run_address>
         <size>0x24</size>
         <input_file_ref idref="fl-2"/>
      </object_component>
      <object_component id="oc-f6">
         <name>.text:moveLeft</name>
         <load_address>0x33f8</load_address>
         <run_address>0x33f8</run_address>
         <size>0x24</size>
         <input_file_ref idref="fl-2"/>
      </object_component>
      <object_component id="oc-ea">
         <name>.text:moveRight</name>
         <load_address>0x341c</load_address>
         <run_address>0x341c</run_address>
         <size>0x24</size>
         <input_file_ref idref="fl-2"/>
      </object_component>
      <object_component id="oc-de">
         <name>.text:stop</name>
         <load_address>0x3440</load_address>
         <run_address>0x3440</run_address>
         <size>0x24</size>
         <input_file_ref idref="fl-2"/>
      </object_component>
      <object_component id="oc-3c1">
         <name>.text:memchr</name>
         <load_address>0x3464</load_address>
         <run_address>0x3464</run_address>
         <size>0x20</size>
         <input_file_ref idref="fl-e7"/>
      </object_component>
      <object_component id="oc-46">
         <name>.text:decompress:ZI:__TI_zero_init_nomemset:__TI_zero_init_nomemset</name>
         <load_address>0x3484</load_address>
         <run_address>0x3484</run_address>
         <size>0x1c</size>
         <input_file_ref idref="fl-dd"/>
      </object_component>
      <object_component id="oc-491">
         <name>.text:free_list_remove</name>
         <load_address>0x34a0</load_address>
         <run_address>0x34a0</run_address>
         <size>0x1c</size>
         <input_file_ref idref="fl-e8"/>
      </object_component>
      <object_component id="oc-2ba">
         <name>.text:memccpy</name>
         <load_address>0x34bc</load_address>
         <run_address>0x34bc</run_address>
         <size>0x1c</size>
         <input_file_ref idref="fl-e6"/>
      </object_component>
      <object_component id="oc-40c">
         <name>.text:copysign</name>
         <load_address>0x34d8</load_address>
         <run_address>0x34d8</run_address>
         <size>0x1a</size>
         <input_file_ref idref="fl-f2"/>
      </object_component>
      <object_component id="oc-564">
         <name>.text:strcmp</name>
         <load_address>0x34f2</load_address>
         <run_address>0x34f2</run_address>
         <size>0x18</size>
         <input_file_ref idref="fl-104"/>
      </object_component>
      <object_component id="oc-16c">
         <name>.text:UART_enableModule</name>
         <load_address>0x350a</load_address>
         <run_address>0x350a</run_address>
         <size>0x16</size>
         <input_file_ref idref="fl-14"/>
      </object_component>
      <object_component id="oc-390">
         <name>.text:strchr</name>
         <load_address>0x3520</load_address>
         <run_address>0x3520</run_address>
         <size>0x16</size>
         <input_file_ref idref="fl-e9"/>
      </object_component>
      <object_component id="oc-115">
         <name>.text:stopLeftWheel</name>
         <load_address>0x3536</load_address>
         <run_address>0x3536</run_address>
         <size>0x14</size>
         <input_file_ref idref="fl-2"/>
      </object_component>
      <object_component id="oc-11e">
         <name>.text:stopRightWheel</name>
         <load_address>0x354a</load_address>
         <run_address>0x354a</run_address>
         <size>0x14</size>
         <input_file_ref idref="fl-2"/>
      </object_component>
      <object_component id="oc-518">
         <name>.text:strcpy</name>
         <load_address>0x355e</load_address>
         <run_address>0x355e</run_address>
         <size>0x14</size>
         <input_file_ref idref="fl-105"/>
      </object_component>
      <object_component id="oc-28b">
         <name>.text:strlen</name>
         <load_address>0x3572</load_address>
         <run_address>0x3572</run_address>
         <size>0x14</size>
         <input_file_ref idref="fl-ea"/>
      </object_component>
      <object_component id="oc-2c0">
         <name>.text:wcslen</name>
         <load_address>0x3586</load_address>
         <run_address>0x3586</run_address>
         <size>0x12</size>
         <input_file_ref idref="fl-d3"/>
      </object_component>
      <object_component id="oc-196">
         <name>.text:Interrupt_enableMaster</name>
         <load_address>0x3598</load_address>
         <run_address>0x3598</run_address>
         <size>0x10</size>
         <input_file_ref idref="fl-11"/>
      </object_component>
      <object_component id="oc-1d">
         <name>.text:decompress:none:__TI_decompress_none</name>
         <load_address>0x35a8</load_address>
         <run_address>0x35a8</run_address>
         <size>0xe</size>
         <input_file_ref idref="fl-de"/>
      </object_component>
      <object_component id="oc-259">
         <name>.text:CPU_cpsie</name>
         <load_address>0x35b6</load_address>
         <run_address>0x35b6</run_address>
         <size>0xc</size>
         <input_file_ref idref="fl-15"/>
      </object_component>
      <object_component id="oc-6a">
         <name>.text:Reset_Handler</name>
         <load_address>0x35c2</load_address>
         <run_address>0x35c2</run_address>
         <size>0xc</size>
         <input_file_ref idref="fl-4"/>
      </object_component>
      <object_component id="oc-2c6">
         <name>.text:__aeabi_errno_addr</name>
         <load_address>0x35d0</load_address>
         <run_address>0x35d0</run_address>
         <size>0x8</size>
         <input_file_ref idref="fl-eb"/>
      </object_component>
      <object_component id="oc-462">
         <name>.text:malloc</name>
         <load_address>0x35d8</load_address>
         <run_address>0x35d8</run_address>
         <size>0x8</size>
         <input_file_ref idref="fl-e8"/>
      </object_component>
      <object_component id="oc-20d">
         <name>.text:_outc</name>
         <load_address>0x35e0</load_address>
         <run_address>0x35e0</run_address>
         <size>0x4</size>
         <input_file_ref idref="fl-cb"/>
      </object_component>
      <object_component id="oc-207">
         <name>.text:_outs</name>
         <load_address>0x35e4</load_address>
         <run_address>0x35e4</run_address>
         <size>0x4</size>
         <input_file_ref idref="fl-cb"/>
      </object_component>
      <object_component id="oc-b2">
         <name>.text:_system_pre_init</name>
         <load_address>0x35e8</load_address>
         <run_address>0x35e8</run_address>
         <size>0x4</size>
         <input_file_ref idref="fl-f5"/>
      </object_component>
      <object_component id="oc-1a6">
         <name>.text:abort:abort</name>
         <load_address>0x35ec</load_address>
         <run_address>0x35ec</run_address>
         <size>0x4</size>
         <input_file_ref idref="fl-e0"/>
      </object_component>
      <object_component id="oc-339">
         <name>.const:.string:_ctypes_</name>
         <load_address>0x35f0</load_address>
         <run_address>0x35f0</run_address>
         <size>0x101</size>
         <input_file_ref idref="fl-e4"/>
      </object_component>
      <object_component id="oc-1f1">
         <name>.const:GPIO_PORT_TO_BASE</name>
         <load_address>0x36f4</load_address>
         <run_address>0x36f4</run_address>
         <size>0x30</size>
         <input_file_ref idref="fl-10"/>
      </object_component>
      <object_component id="oc-1a2">
         <name>.const:bluetooth</name>
         <load_address>0x3724</load_address>
         <run_address>0x3724</run_address>
         <size>0x28</size>
         <input_file_ref idref="fl-2"/>
      </object_component>
      <object_component id="oc-251">
         <name>.const:g_pulEnRegs</name>
         <load_address>0x374c</load_address>
         <run_address>0x374c</run_address>
         <size>0x8</size>
         <input_file_ref idref="fl-11"/>
      </object_component>
      <object_component id="oc-5a4">
         <name>.cinit..data.load</name>
         <load_address>0x3758</load_address>
         <run_address>0x3758</run_address>
         <size>0x7e</size>
      </object_component>
      <object_component id="oc-5a2">
         <name>__TI_handler_table</name>
         <load_address>0x37d8</load_address>
         <run_address>0x37d8</run_address>
         <size>0xc</size>
      </object_component>
      <object_component id="oc-5a5">
         <name>.cinit..bss.load</name>
         <load_address>0x37e8</load_address>
         <run_address>0x37e8</run_address>
         <size>0x8</size>
      </object_component>
      <object_component id="oc-5a3">
         <name>__TI_cinit_table</name>
         <load_address>0x37f0</load_address>
         <run_address>0x37f0</run_address>
         <size>0x10</size>
      </object_component>
      <object_component id="oc-576">
         <name>.binit</name>
         <load_address>0x0</load_address>
         <run_address>0x0</run_address>
         <size>0x0</size>
      </object_component>
      <object_component id="oc-19c">
         <name>.data:rightWheel</name>
         <load_address>0x200009d0</load_address>
         <run_address>0x200009d0</run_address>
         <size>0x18</size>
         <input_file_ref idref="fl-2"/>
      </object_component>
      <object_component id="oc-19f">
         <name>.data:leftWheel</name>
         <load_address>0x200009b8</load_address>
         <run_address>0x200009b8</run_address>
         <size>0x18</size>
         <input_file_ref idref="fl-2"/>
      </object_component>
      <object_component id="oc-11b">
         <name>.data</name>
         <load_address>0x20000a14</load_address>
         <run_address>0x20000a14</run_address>
         <size>0x8</size>
         <input_file_ref idref="fl-2"/>
      </object_component>
      <object_component id="oc-267">
         <name>.data:$O1$$</name>
         <load_address>0x200009f8</load_address>
         <run_address>0x200009f8</run_address>
         <size>0xc</size>
         <input_file_ref idref="fl-e0"/>
      </object_component>
      <object_component id="oc-201">
         <name>.data:$O1$$</name>
         <load_address>0x20000a04</load_address>
         <run_address>0x20000a04</run_address>
         <size>0x8</size>
         <input_file_ref idref="fl-e1"/>
      </object_component>
      <object_component id="oc-204">
         <name>.data:_ftable</name>
         <load_address>0x20000800</load_address>
         <run_address>0x20000800</run_address>
         <size>0xf0</size>
         <input_file_ref idref="fl-e5"/>
      </object_component>
      <object_component id="oc-4ab">
         <name>.data</name>
         <load_address>0x200009e8</load_address>
         <run_address>0x200009e8</run_address>
         <size>0x10</size>
         <input_file_ref idref="fl-e5"/>
      </object_component>
      <object_component id="oc-4e1">
         <name>.data:$O1$$</name>
         <load_address>0x20000a0c</load_address>
         <run_address>0x20000a0c</run_address>
         <size>0x8</size>
         <input_file_ref idref="fl-e8"/>
      </object_component>
      <object_component id="oc-3a0">
         <name>.data</name>
         <load_address>0x20000a1c</load_address>
         <run_address>0x20000a1c</run_address>
         <size>0x4</size>
         <input_file_ref idref="fl-eb"/>
      </object_component>
      <object_component id="oc-47b">
         <name>.data:_device</name>
         <load_address>0x200008f0</load_address>
         <run_address>0x200008f0</run_address>
         <size>0x78</size>
         <input_file_ref idref="fl-ee"/>
      </object_component>
      <object_component id="oc-43a">
         <name>.data:_stream</name>
         <load_address>0x20000968</load_address>
         <run_address>0x20000968</run_address>
         <size>0x50</size>
         <input_file_ref idref="fl-ee"/>
      </object_component>
      <object_component id="oc-52f">
         <name>.bss:_CIOBUF_</name>
         <uninitialized>true</uninitialized>
         <run_address>0x20000a20</run_address>
         <size>0x120</size>
         <input_file_ref idref="fl-ff"/>
      </object_component>
      <object_component id="oc-4f9">
         <name>.common:__TI_tmpnams</name>
         <uninitialized>true</uninitialized>
         <run_address>0x20000b40</run_address>
         <size>0xa0</size>
      </object_component>
      <object_component id="oc-50a">
         <name>.common:parmbuf</name>
         <uninitialized>true</uninitialized>
         <run_address>0x20000be0</run_address>
         <size>0x8</size>
      </object_component>
      <object_component id="oc-29">
         <name>.sysmem</name>
         <uninitialized>true</uninitialized>
         <run_address>0x20000000</run_address>
         <size>0x10</size>
         <input_file_ref idref="fl-e8"/>
      </object_component>
      <object_component id="oc-5a8">
         <name>.sysmem</name>
         <uninitialized>true</uninitialized>
         <run_address>0x20000000</run_address>
         <size>0x0</size>
      </object_component>
      <object_component id="oc-2c">
         <name>.stack</name>
         <uninitialized>true</uninitialized>
         <run_address>0x2000fe00</run_address>
         <size>0x4</size>
         <input_file_ref idref="fl-ec"/>
      </object_component>
      <object_component id="oc-5a7">
         <name>.stack</name>
         <uninitialized>true</uninitialized>
         <run_address>0x2000fe00</run_address>
         <size>0x0</size>
      </object_component>
      <object_component id="oc-11d">
         <name>.debug_info</name>
         <load_address>0x0</load_address>
         <run_address>0x0</run_address>
         <size>0xa56</size>
         <input_file_ref idref="fl-2"/>
      </object_component>
      <object_component id="oc-1a3">
         <name>.debug_info</name>
         <load_address>0xa56</load_address>
         <run_address>0xa56</run_address>
         <size>0xe5</size>
         <input_file_ref idref="fl-2"/>
      </object_component>
      <object_component id="oc-19d">
         <name>.debug_info</name>
         <load_address>0xb3b</load_address>
         <run_address>0xb3b</run_address>
         <size>0xe7</size>
         <input_file_ref idref="fl-2"/>
      </object_component>
      <object_component id="oc-1a0">
         <name>.debug_info</name>
         <load_address>0xc22</load_address>
         <run_address>0xc22</run_address>
         <size>0xe5</size>
         <input_file_ref idref="fl-2"/>
      </object_component>
      <object_component id="oc-d9">
         <name>.debug_info</name>
         <load_address>0xd07</load_address>
         <run_address>0xd07</run_address>
         <size>0x189</size>
         <input_file_ref idref="fl-2"/>
      </object_component>
      <object_component id="oc-df">
         <name>.debug_info</name>
         <load_address>0xe90</load_address>
         <run_address>0xe90</run_address>
         <size>0x17d</size>
         <input_file_ref idref="fl-2"/>
      </object_component>
      <object_component id="oc-e6">
         <name>.debug_info</name>
         <load_address>0x100d</load_address>
         <run_address>0x100d</run_address>
         <size>0x18b</size>
         <input_file_ref idref="fl-2"/>
      </object_component>
      <object_component id="oc-eb">
         <name>.debug_info</name>
         <load_address>0x1198</load_address>
         <run_address>0x1198</run_address>
         <size>0x186</size>
         <input_file_ref idref="fl-2"/>
      </object_component>
      <object_component id="oc-f8">
         <name>.debug_info</name>
         <load_address>0x131e</load_address>
         <run_address>0x131e</run_address>
         <size>0x184</size>
         <input_file_ref idref="fl-2"/>
      </object_component>
      <object_component id="oc-11f">
         <name>.debug_info</name>
         <load_address>0x14a2</load_address>
         <run_address>0x14a2</run_address>
         <size>0x155</size>
         <input_file_ref idref="fl-2"/>
      </object_component>
      <object_component id="oc-116">
         <name>.debug_info</name>
         <load_address>0x15f7</load_address>
         <run_address>0x15f7</run_address>
         <size>0x153</size>
         <input_file_ref idref="fl-2"/>
      </object_component>
      <object_component id="oc-f2">
         <name>.debug_info</name>
         <load_address>0x174a</load_address>
         <run_address>0x174a</run_address>
         <size>0x13a</size>
         <input_file_ref idref="fl-2"/>
      </object_component>
      <object_component id="oc-b9">
         <name>.debug_info</name>
         <load_address>0x1884</load_address>
         <run_address>0x1884</run_address>
         <size>0x587</size>
         <input_file_ref idref="fl-2"/>
      </object_component>
      <object_component id="oc-77">
         <name>.debug_info</name>
         <load_address>0x1e0b</load_address>
         <run_address>0x1e0b</run_address>
         <size>0x1dd</size>
         <input_file_ref idref="fl-2"/>
      </object_component>
      <object_component id="oc-7e">
         <name>.debug_info</name>
         <load_address>0x1fe8</load_address>
         <run_address>0x1fe8</run_address>
         <size>0x249</size>
         <input_file_ref idref="fl-2"/>
      </object_component>
      <object_component id="oc-84">
         <name>.debug_info</name>
         <load_address>0x2231</load_address>
         <run_address>0x2231</run_address>
         <size>0x19c</size>
         <input_file_ref idref="fl-2"/>
      </object_component>
      <object_component id="oc-8a">
         <name>.debug_info</name>
         <load_address>0x23cd</load_address>
         <run_address>0x23cd</run_address>
         <size>0x19d</size>
         <input_file_ref idref="fl-2"/>
      </object_component>
      <object_component id="oc-127">
         <name>.debug_info</name>
         <load_address>0x256a</load_address>
         <run_address>0x256a</run_address>
         <size>0x26b</size>
         <input_file_ref idref="fl-2"/>
      </object_component>
      <object_component id="oc-222">
         <name>.debug_info</name>
         <load_address>0x27d5</load_address>
         <run_address>0x27d5</run_address>
         <size>0x1028</size>
         <input_file_ref idref="fl-2"/>
      </object_component>
      <object_component id="oc-21d">
         <name>.debug_info</name>
         <load_address>0x37fd</load_address>
         <run_address>0x37fd</run_address>
         <size>0x37e2</size>
         <input_file_ref idref="fl-2"/>
      </object_component>
      <object_component id="oc-227">
         <name>.debug_info</name>
         <load_address>0x6fdf</load_address>
         <run_address>0x6fdf</run_address>
         <size>0x341</size>
         <input_file_ref idref="fl-2"/>
      </object_component>
      <object_component id="oc-fd">
         <name>.debug_info</name>
         <load_address>0x7320</load_address>
         <run_address>0x7320</run_address>
         <size>0x8b</size>
         <input_file_ref idref="fl-2"/>
      </object_component>
      <object_component id="oc-23c">
         <name>.debug_info</name>
         <load_address>0x73ab</load_address>
         <run_address>0x73ab</run_address>
         <size>0x2a4</size>
         <input_file_ref idref="fl-2"/>
      </object_component>
      <object_component id="oc-236">
         <name>.debug_info</name>
         <load_address>0x764f</load_address>
         <run_address>0x764f</run_address>
         <size>0xef</size>
         <input_file_ref idref="fl-2"/>
      </object_component>
      <object_component id="oc-22c">
         <name>.debug_info</name>
         <load_address>0x773e</load_address>
         <run_address>0x773e</run_address>
         <size>0xbb</size>
         <input_file_ref idref="fl-2"/>
      </object_component>
      <object_component id="oc-215">
         <name>.debug_info</name>
         <load_address>0x77f9</load_address>
         <run_address>0x77f9</run_address>
         <size>0x2c</size>
         <input_file_ref idref="fl-2"/>
      </object_component>
      <object_component id="oc-231">
         <name>.debug_info</name>
         <load_address>0x7825</load_address>
         <run_address>0x7825</run_address>
         <size>0x102</size>
         <input_file_ref idref="fl-2"/>
      </object_component>
      <object_component id="oc-cd">
         <name>.debug_info</name>
         <load_address>0x7927</load_address>
         <run_address>0x7927</run_address>
         <size>0x13e</size>
         <input_file_ref idref="fl-3"/>
      </object_component>
      <object_component id="oc-35">
         <name>.debug_info</name>
         <load_address>0x7a65</load_address>
         <run_address>0x7a65</run_address>
         <size>0x84</size>
         <input_file_ref idref="fl-3"/>
      </object_component>
      <object_component id="oc-90">
         <name>.debug_info</name>
         <load_address>0x7ae9</load_address>
         <run_address>0x7ae9</run_address>
         <size>0x2de</size>
         <input_file_ref idref="fl-4"/>
      </object_component>
      <object_component id="oc-27">
         <name>.debug_info</name>
         <load_address>0x7dc7</load_address>
         <run_address>0x7dc7</run_address>
         <size>0x10a</size>
         <input_file_ref idref="fl-4"/>
      </object_component>
      <object_component id="oc-6d">
         <name>.debug_info</name>
         <load_address>0x7ed1</load_address>
         <run_address>0x7ed1</run_address>
         <size>0x16d</size>
         <input_file_ref idref="fl-4"/>
      </object_component>
      <object_component id="oc-72">
         <name>.debug_info</name>
         <load_address>0x803e</load_address>
         <run_address>0x803e</run_address>
         <size>0x155</size>
         <input_file_ref idref="fl-4"/>
      </object_component>
      <object_component id="oc-334">
         <name>.debug_info</name>
         <load_address>0x8193</load_address>
         <run_address>0x8193</run_address>
         <size>0x807</size>
         <input_file_ref idref="fl-f"/>
      </object_component>
      <object_component id="oc-14a">
         <name>.debug_info</name>
         <load_address>0x899a</load_address>
         <run_address>0x899a</run_address>
         <size>0x1e5</size>
         <input_file_ref idref="fl-f"/>
      </object_component>
      <object_component id="oc-2fe">
         <name>.debug_info</name>
         <load_address>0x8b7f</load_address>
         <run_address>0x8b7f</run_address>
         <size>0x431a</size>
         <input_file_ref idref="fl-f"/>
      </object_component>
      <object_component id="oc-3e7">
         <name>.debug_info</name>
         <load_address>0xce99</load_address>
         <run_address>0xce99</run_address>
         <size>0x1b5</size>
         <input_file_ref idref="fl-f"/>
      </object_component>
      <object_component id="oc-30d">
         <name>.debug_info</name>
         <load_address>0xd04e</load_address>
         <run_address>0xd04e</run_address>
         <size>0x26b</size>
         <input_file_ref idref="fl-f"/>
      </object_component>
      <object_component id="oc-303">
         <name>.debug_info</name>
         <load_address>0xd2b9</load_address>
         <run_address>0xd2b9</run_address>
         <size>0x1028</size>
         <input_file_ref idref="fl-f"/>
      </object_component>
      <object_component id="oc-283">
         <name>.debug_info</name>
         <load_address>0xe2e1</load_address>
         <run_address>0xe2e1</run_address>
         <size>0x297</size>
         <input_file_ref idref="fl-f"/>
      </object_component>
      <object_component id="oc-1f5">
         <name>.debug_info</name>
         <load_address>0xe578</load_address>
         <run_address>0xe578</run_address>
         <size>0xef</size>
         <input_file_ref idref="fl-f"/>
      </object_component>
      <object_component id="oc-1e6">
         <name>.debug_info</name>
         <load_address>0xe667</load_address>
         <run_address>0xe667</run_address>
         <size>0xbb</size>
         <input_file_ref idref="fl-f"/>
      </object_component>
      <object_component id="oc-28a">
         <name>.debug_info</name>
         <load_address>0xe722</load_address>
         <run_address>0xe722</run_address>
         <size>0x701</size>
         <input_file_ref idref="fl-10"/>
      </object_component>
      <object_component id="oc-1f2">
         <name>.debug_info</name>
         <load_address>0xee23</load_address>
         <run_address>0xee23</run_address>
         <size>0x135</size>
         <input_file_ref idref="fl-10"/>
      </object_component>
      <object_component id="oc-14f">
         <name>.debug_info</name>
         <load_address>0xef58</load_address>
         <run_address>0xef58</run_address>
         <size>0x252</size>
         <input_file_ref idref="fl-10"/>
      </object_component>
      <object_component id="oc-185">
         <name>.debug_info</name>
         <load_address>0xf1aa</load_address>
         <run_address>0xf1aa</run_address>
         <size>0x2a5</size>
         <input_file_ref idref="fl-10"/>
      </object_component>
      <object_component id="oc-161">
         <name>.debug_info</name>
         <load_address>0xf44f</load_address>
         <run_address>0xf44f</run_address>
         <size>0x2a3</size>
         <input_file_ref idref="fl-10"/>
      </object_component>
      <object_component id="oc-17f">
         <name>.debug_info</name>
         <load_address>0xf6f2</load_address>
         <run_address>0xf6f2</run_address>
         <size>0x25a</size>
         <input_file_ref idref="fl-10"/>
      </object_component>
      <object_component id="oc-155">
         <name>.debug_info</name>
         <load_address>0xf94c</load_address>
         <run_address>0xf94c</run_address>
         <size>0x258</size>
         <input_file_ref idref="fl-10"/>
      </object_component>
      <object_component id="oc-18b">
         <name>.debug_info</name>
         <load_address>0xfba4</load_address>
         <run_address>0xfba4</run_address>
         <size>0x274</size>
         <input_file_ref idref="fl-10"/>
      </object_component>
      <object_component id="oc-191">
         <name>.debug_info</name>
         <load_address>0xfe18</load_address>
         <run_address>0xfe18</run_address>
         <size>0x254</size>
         <input_file_ref idref="fl-10"/>
      </object_component>
      <object_component id="oc-103">
         <name>.debug_info</name>
         <load_address>0x1006c</load_address>
         <run_address>0x1006c</run_address>
         <size>0x25e</size>
         <input_file_ref idref="fl-10"/>
      </object_component>
      <object_component id="oc-10b">
         <name>.debug_info</name>
         <load_address>0x102ca</load_address>
         <run_address>0x102ca</run_address>
         <size>0x25a</size>
         <input_file_ref idref="fl-10"/>
      </object_component>
      <object_component id="oc-31b">
         <name>.debug_info</name>
         <load_address>0x10524</load_address>
         <run_address>0x10524</run_address>
         <size>0x68f</size>
         <input_file_ref idref="fl-11"/>
      </object_component>
      <object_component id="oc-252">
         <name>.debug_info</name>
         <load_address>0x10bb3</load_address>
         <run_address>0x10bb3</run_address>
         <size>0x12e</size>
         <input_file_ref idref="fl-11"/>
      </object_component>
      <object_component id="oc-198">
         <name>.debug_info</name>
         <load_address>0x10ce1</load_address>
         <run_address>0x10ce1</run_address>
         <size>0x1d5</size>
         <input_file_ref idref="fl-11"/>
      </object_component>
      <object_component id="oc-17a">
         <name>.debug_info</name>
         <load_address>0x10eb6</load_address>
         <run_address>0x10eb6</run_address>
         <size>0x219</size>
         <input_file_ref idref="fl-11"/>
      </object_component>
      <object_component id="oc-24b">
         <name>.debug_info</name>
         <load_address>0x110cf</load_address>
         <run_address>0x110cf</run_address>
         <size>0x725</size>
         <input_file_ref idref="fl-13"/>
      </object_component>
      <object_component id="oc-248">
         <name>.debug_info</name>
         <load_address>0x117f4</load_address>
         <run_address>0x117f4</run_address>
         <size>0x25e</size>
         <input_file_ref idref="fl-13"/>
      </object_component>
      <object_component id="oc-15e">
         <name>.debug_info</name>
         <load_address>0x11a52</load_address>
         <run_address>0x11a52</run_address>
         <size>0x248</size>
         <input_file_ref idref="fl-13"/>
      </object_component>
      <object_component id="oc-308">
         <name>.debug_info</name>
         <load_address>0x11c9a</load_address>
         <run_address>0x11c9a</run_address>
         <size>0x341</size>
         <input_file_ref idref="fl-13"/>
      </object_component>
      <object_component id="oc-24e">
         <name>.debug_info</name>
         <load_address>0x11fdb</load_address>
         <run_address>0x11fdb</run_address>
         <size>0x6eb</size>
         <input_file_ref idref="fl-14"/>
      </object_component>
      <object_component id="oc-167">
         <name>.debug_info</name>
         <load_address>0x126c6</load_address>
         <run_address>0x126c6</run_address>
         <size>0x234</size>
         <input_file_ref idref="fl-14"/>
      </object_component>
      <object_component id="oc-d3">
         <name>.debug_info</name>
         <load_address>0x128fa</load_address>
         <run_address>0x128fa</run_address>
         <size>0x1f5</size>
         <input_file_ref idref="fl-14"/>
      </object_component>
      <object_component id="oc-16d">
         <name>.debug_info</name>
         <load_address>0x12aef</load_address>
         <run_address>0x12aef</run_address>
         <size>0x1f3</size>
         <input_file_ref idref="fl-14"/>
      </object_component>
      <object_component id="oc-173">
         <name>.debug_info</name>
         <load_address>0x12ce2</load_address>
         <run_address>0x12ce2</run_address>
         <size>0x235</size>
         <input_file_ref idref="fl-14"/>
      </object_component>
      <object_component id="oc-314">
         <name>.debug_info</name>
         <load_address>0x12f17</load_address>
         <run_address>0x12f17</run_address>
         <size>0x102</size>
         <input_file_ref idref="fl-14"/>
      </object_component>
      <object_component id="oc-25b">
         <name>.debug_info</name>
         <load_address>0x13019</load_address>
         <run_address>0x13019</run_address>
         <size>0x19a</size>
         <input_file_ref idref="fl-15"/>
      </object_component>
      <object_component id="oc-214">
         <name>.debug_info</name>
         <load_address>0x131b3</load_address>
         <run_address>0x131b3</run_address>
         <size>0x3e5</size>
         <input_file_ref idref="fl-cb"/>
      </object_component>
      <object_component id="oc-20e">
         <name>.debug_info</name>
         <load_address>0x13598</load_address>
         <run_address>0x13598</run_address>
         <size>0x157</size>
         <input_file_ref idref="fl-cb"/>
      </object_component>
      <object_component id="oc-20b">
         <name>.debug_info</name>
         <load_address>0x136ef</load_address>
         <run_address>0x136ef</run_address>
         <size>0x166</size>
         <input_file_ref idref="fl-cb"/>
      </object_component>
      <object_component id="oc-110">
         <name>.debug_info</name>
         <load_address>0x13855</load_address>
         <run_address>0x13855</run_address>
         <size>0x1ac</size>
         <input_file_ref idref="fl-cb"/>
      </object_component>
      <object_component id="oc-2f6">
         <name>.debug_info</name>
         <load_address>0x13a01</load_address>
         <run_address>0x13a01</run_address>
         <size>0xb2</size>
         <input_file_ref idref="fl-cb"/>
      </object_component>
      <object_component id="oc-2cd">
         <name>.debug_info</name>
         <load_address>0x13ab3</load_address>
         <run_address>0x13ab3</run_address>
         <size>0x590</size>
         <input_file_ref idref="fl-cc"/>
      </object_component>
      <object_component id="oc-298">
         <name>.debug_info</name>
         <load_address>0x14043</load_address>
         <run_address>0x14043</run_address>
         <size>0x21e</size>
         <input_file_ref idref="fl-cc"/>
      </object_component>
      <object_component id="oc-36a">
         <name>.debug_info</name>
         <load_address>0x14261</load_address>
         <run_address>0x14261</run_address>
         <size>0x1b3</size>
         <input_file_ref idref="fl-cc"/>
      </object_component>
      <object_component id="oc-371">
         <name>.debug_info</name>
         <load_address>0x14414</load_address>
         <run_address>0x14414</run_address>
         <size>0x21b</size>
         <input_file_ref idref="fl-cc"/>
      </object_component>
      <object_component id="oc-2a4">
         <name>.debug_info</name>
         <load_address>0x1462f</load_address>
         <run_address>0x1462f</run_address>
         <size>0x3c0</size>
         <input_file_ref idref="fl-cc"/>
      </object_component>
      <object_component id="oc-378">
         <name>.debug_info</name>
         <load_address>0x149ef</load_address>
         <run_address>0x149ef</run_address>
         <size>0x30a</size>
         <input_file_ref idref="fl-cc"/>
      </object_component>
      <object_component id="oc-37d">
         <name>.debug_info</name>
         <load_address>0x14cf9</load_address>
         <run_address>0x14cf9</run_address>
         <size>0x215</size>
         <input_file_ref idref="fl-cc"/>
      </object_component>
      <object_component id="oc-2aa">
         <name>.debug_info</name>
         <load_address>0x14f0e</load_address>
         <run_address>0x14f0e</run_address>
         <size>0x215</size>
         <input_file_ref idref="fl-cc"/>
      </object_component>
      <object_component id="oc-2af">
         <name>.debug_info</name>
         <load_address>0x15123</load_address>
         <run_address>0x15123</run_address>
         <size>0x304</size>
         <input_file_ref idref="fl-cc"/>
      </object_component>
      <object_component id="oc-2b6">
         <name>.debug_info</name>
         <load_address>0x15427</load_address>
         <run_address>0x15427</run_address>
         <size>0x4b5</size>
         <input_file_ref idref="fl-cc"/>
      </object_component>
      <object_component id="oc-1fd">
         <name>.debug_info</name>
         <load_address>0x158dc</load_address>
         <run_address>0x158dc</run_address>
         <size>0x5f4</size>
         <input_file_ref idref="fl-cc"/>
      </object_component>
      <object_component id="oc-2ce">
         <name>.debug_info</name>
         <load_address>0x15ed0</load_address>
         <run_address>0x15ed0</run_address>
         <size>0x86</size>
         <input_file_ref idref="fl-cc"/>
      </object_component>
      <object_component id="oc-3ac">
         <name>.debug_info</name>
         <load_address>0x15f56</load_address>
         <run_address>0x15f56</run_address>
         <size>0x39</size>
         <input_file_ref idref="fl-cc"/>
      </object_component>
      <object_component id="oc-423">
         <name>.debug_info</name>
         <load_address>0x15f8f</load_address>
         <run_address>0x15f8f</run_address>
         <size>0xb6</size>
         <input_file_ref idref="fl-cc"/>
      </object_component>
      <object_component id="oc-3b1">
         <name>.debug_info</name>
         <load_address>0x16045</load_address>
         <run_address>0x16045</run_address>
         <size>0x46</size>
         <input_file_ref idref="fl-cc"/>
      </object_component>
      <object_component id="oc-2d3">
         <name>.debug_info</name>
         <load_address>0x1608b</load_address>
         <run_address>0x1608b</run_address>
         <size>0x46</size>
         <input_file_ref idref="fl-cc"/>
      </object_component>
      <object_component id="oc-3a7">
         <name>.debug_info</name>
         <load_address>0x160d1</load_address>
         <run_address>0x160d1</run_address>
         <size>0x2c</size>
         <input_file_ref idref="fl-cc"/>
      </object_component>
      <object_component id="oc-3d6">
         <name>.debug_info</name>
         <load_address>0x160fd</load_address>
         <run_address>0x160fd</run_address>
         <size>0x383</size>
         <input_file_ref idref="fl-cd"/>
      </object_component>
      <object_component id="oc-2ee">
         <name>.debug_info</name>
         <load_address>0x16480</load_address>
         <run_address>0x16480</run_address>
         <size>0x1ea</size>
         <input_file_ref idref="fl-cd"/>
      </object_component>
      <object_component id="oc-3d4">
         <name>.debug_info</name>
         <load_address>0x1666a</load_address>
         <run_address>0x1666a</run_address>
         <size>0x3fc</size>
         <input_file_ref idref="fl-ce"/>
      </object_component>
      <object_component id="oc-2e9">
         <name>.debug_info</name>
         <load_address>0x16a66</load_address>
         <run_address>0x16a66</run_address>
         <size>0x2e2</size>
         <input_file_ref idref="fl-ce"/>
      </object_component>
      <object_component id="oc-13f">
         <name>.debug_info</name>
         <load_address>0x16d48</load_address>
         <run_address>0x16d48</run_address>
         <size>0x2c</size>
         <input_file_ref idref="fl-ce"/>
      </object_component>
      <object_component id="oc-435">
         <name>.debug_info</name>
         <load_address>0x16d74</load_address>
         <run_address>0x16d74</run_address>
         <size>0x300</size>
         <input_file_ref idref="fl-cf"/>
      </object_component>
      <object_component id="oc-3bc">
         <name>.debug_info</name>
         <load_address>0x17074</load_address>
         <run_address>0x17074</run_address>
         <size>0x19c</size>
         <input_file_ref idref="fl-cf"/>
      </object_component>
      <object_component id="oc-470">
         <name>.debug_info</name>
         <load_address>0x17210</load_address>
         <run_address>0x17210</run_address>
         <size>0xbf</size>
         <input_file_ref idref="fl-cf"/>
      </object_component>
      <object_component id="oc-46f">
         <name>.debug_info</name>
         <load_address>0x172cf</load_address>
         <run_address>0x172cf</run_address>
         <size>0x374</size>
         <input_file_ref idref="fl-d0"/>
      </object_component>
      <object_component id="oc-42f">
         <name>.debug_info</name>
         <load_address>0x17643</load_address>
         <run_address>0x17643</run_address>
         <size>0x20b</size>
         <input_file_ref idref="fl-d0"/>
[...]
      </symbol>
      <symbol id="sm-4f8">
         <name>wcslen</name>
         <value>0x3587</value>
         <object_component_ref idref="oc-2c0"/>
      </symbol>
      <symbol id="sm-50f">
         <name>__aeabi_dsub</name>
         <value>0xf75</value>
         <object_component_ref idref="oc-364"/>
      </symbol>
      <symbol id="sm-510">
         <name>__aeabi_dadd</name>
         <value>0xf7f</value>
         <object_component_ref idref="oc-364"/>
      </symbol>
      <symbol id="sm-532">
         <name>__aeabi_cdcmpeq</name>
         <value>0x2265</value>
         <object_component_ref idref="oc-29d"/>
      </symbol>
      <symbol id="sm-533">
         <name>__aeabi_cdcmple</name>
         <value>0x2265</value>
         <object_component_ref idref="oc-29d"/>
      </symbol>
      <symbol id="sm-534">
         <name>__aeabi_cdrcmple</name>
         <value>0x22eb</value>
         <object_component_ref idref="oc-34f"/>
      </symbol>
      <symbol id="sm-548">
         <name>__aeabi_ddiv</name>
         <value>0x14ed</value>
         <object_component_ref idref="oc-34a"/>
      </symbol>
      <symbol id="sm-553">
         <name>__aeabi_dmul</name>
         <value>0x1b89</value>
         <object_component_ref idref="oc-345"/>
      </symbol>
      <symbol id="sm-55d">
         <name>__aeabi_d2iz</name>
         <value>0x2e35</value>
         <object_component_ref idref="oc-354"/>
      </symbol>
      <symbol id="sm-567">
         <name>__aeabi_i2d</name>
         <value>0x3219</value>
         <object_component_ref idref="oc-35f"/>
      </symbol>
      <symbol id="sm-582">
         <name>memcpy</name>
         <value>0x1f95</value>
         <object_component_ref idref="oc-3a"/>
      </symbol>
      <symbol id="sm-583">
         <name>__aeabi_memcpy</name>
         <value>0x1f95</value>
         <object_component_ref idref="oc-3a"/>
      </symbol>
      <symbol id="sm-584">
         <name>__aeabi_memcpy8</name>
         <value>0x1f95</value>
         <object_component_ref idref="oc-3a"/>
      </symbol>
      <symbol id="sm-585">
         <name>__aeabi_memcpy4</name>
         <value>0x1f95</value>
         <object_component_ref idref="oc-3a"/>
      </symbol>
      <symbol id="sm-592">
         <name>__aeabi_uldivmod</name>
         <value>0x2031</value>
         <object_component_ref idref="oc-33e"/>
      </symbol>
      <symbol id="sm-5a1">
         <name>__aeabi_memset</name>
         <value>0x23f3</value>
         <object_component_ref idref="oc-ac"/>
      </symbol>
      <symbol id="sm-5a2">
         <name>memset</name>
         <value>0x23f9</value>
         <object_component_ref idref="oc-ac"/>
      </symbol>
      <symbol id="sm-5a3">
         <name>__aeabi_memset8</name>
         <value>0x23f3</value>
         <object_component_ref idref="oc-ac"/>
      </symbol>
      <symbol id="sm-5a4">
         <name>__aeabi_memset4</name>
         <value>0x23f3</value>
         <object_component_ref idref="oc-ac"/>
      </symbol>
      <symbol id="sm-5a5">
         <name>__aeabi_memclr8</name>
         <value>0x23f1</value>
         <object_component_ref idref="oc-ac"/>
      </symbol>
      <symbol id="sm-5a6">
         <name>__aeabi_memclr4</name>
         <value>0x23f1</value>
         <object_component_ref idref="oc-ac"/>
      </symbol>
      <symbol id="sm-5a7">
         <name>__aeabi_memclr</name>
         <value>0x23f1</value>
         <object_component_ref idref="oc-ac"/>
      </symbol>
      <symbol id="sm-5bb">
         <name>__TI_zero_init_nomemset</name>
         <value>0x3485</value>
         <object_component_ref idref="oc-46"/>
      </symbol>
      <symbol id="sm-5d2">
         <name>__TI_decompress_none</name>
         <value>0x35a9</value>
         <object_component_ref idref="oc-1d"/>
      </symbol>
      <symbol id="sm-5f5">
         <name>__TI_decompress_lzss</name>
         <value>0x2781</value>
         <object_component_ref idref="oc-17"/>
      </symbol>
      <symbol id="sm-61b">
         <name>C$$EXIT</name>
         <value>0x35ed</value>
         <object_component_ref idref="oc-1a6"/>
      </symbol>
      <symbol id="sm-61c">
         <name>abort</name>
         <value>0x35ed</value>
         <object_component_ref idref="oc-1a6"/>
      </symbol>
      <symbol id="sm-61d">
         <name>__TI_dtors_ptr</name>
         <value>0x200009fc</value>
         <object_component_ref idref="oc-267"/>
      </symbol>
      <symbol id="sm-61e">
         <name>__TI_cleanup_ptr</name>
         <value>0x200009f8</value>
         <object_component_ref idref="oc-267"/>
      </symbol>
      <symbol id="sm-61f">
         <name>__TI_enable_exit_profile_output</name>
         <value>0x20000a00</value>
         <object_component_ref idref="oc-267"/>
      </symbol>
      <symbol id="sm-620">
         <name>exit</name>
         <value>0x2ded</value>
         <object_component_ref idref="oc-1ac"/>
      </symbol>
      <symbol id="sm-635">
         <name>_nop</name>
         <value>0x112b</value>
         <object_component_ref idref="oc-2d8"/>
      </symbol>
      <symbol id="sm-636">
         <name>_lock</name>
         <value>0x20000a04</value>
         <object_component_ref idref="oc-201"/>
      </symbol>
      <symbol id="sm-637">
         <name>_unlock</name>
         <value>0x20000a08</value>
         <object_component_ref idref="oc-201"/>
      </symbol>
      <symbol id="sm-646">
         <name>__TI_ltoa</name>
         <value>0x2caf</value>
         <object_component_ref idref="oc-359"/>
      </symbol>
      <symbol id="sm-65c">
         <name>atoi</name>
         <value>0x2da1</value>
         <object_component_ref idref="oc-291"/>
      </symbol>
      <symbol id="sm-667">
         <name>_ctypes_</name>
         <value>0x35f0</value>
         <object_component_ref idref="oc-339"/>
      </symbol>
      <symbol id="sm-67c">
         <name>__TI_tmpnams</name>
         <value>0x20000b40</value>
      </symbol>
      <symbol id="sm-67d">
         <name>__aeabi_stdout</name>
         <value>0x200009f0</value>
         <object_component_ref idref="oc-4ab"/>
      </symbol>
      <symbol id="sm-67e">
         <name>__aeabi_stderr</name>
         <value>0x200009f4</value>
         <object_component_ref idref="oc-4ab"/>
      </symbol>
      <symbol id="sm-67f">
         <name>__aeabi_stdin</name>
         <value>0x200009ec</value>
         <object_component_ref idref="oc-4ab"/>
      </symbol>
      <symbol id="sm-680">
         <name>_ftable</name>
         <value>0x20000800</value>
         <object_component_ref idref="oc-204"/>
      </symbol>
      <symbol id="sm-681">
         <name>__TI_ft_end</name>
         <value>0x200009e8</value>
         <object_component_ref idref="oc-4ab"/>
      </symbol>
      <symbol id="sm-691">
         <name>memccpy</name>
         <value>0x34bd</value>
         <object_component_ref idref="oc-2ba"/>
      </symbol>
      <symbol id="sm-6a1">
         <name>memchr</name>
         <value>0x3465</value>
         <object_component_ref idref="oc-3c1"/>
      </symbol>
      <symbol id="sm-72a">
         <name>_sys_memory</name>
         <value>0x20000000</value>
         <object_component_ref idref="oc-29"/>
      </symbol>
      <symbol id="sm-72b">
         <name>free</name>
         <value>0x1c85</value>
         <object_component_ref idref="oc-45c"/>
      </symbol>
      <symbol id="sm-72c">
         <name>memalign</name>
         <value>0x1a89</value>
         <object_component_ref idref="oc-49e"/>
      </symbol>
      <symbol id="sm-72d">
         <name>malloc</name>
         <value>0x35d9</value>
         <object_component_ref idref="oc-462"/>
      </symbol>
      <symbol id="sm-72e">
         <name>aligned_alloc</name>
         <value>0x1a89</value>
         <object_component_ref idref="oc-49e"/>
      </symbol>
      <symbol id="sm-73e">
         <name>strchr</name>
         <value>0x3521</value>
         <object_component_ref idref="oc-390"/>
      </symbol>
      <symbol id="sm-74c">
         <name>strlen</name>
         <value>0x3573</value>
         <object_component_ref idref="oc-28b"/>
      </symbol>
      <symbol id="sm-762">
         <name>__aeabi_errno_addr</name>
         <value>0x35d1</value>
         <object_component_ref idref="oc-2c6"/>
      </symbol>
      <symbol id="sm-763">
         <name>errno</name>
         <value>0x20000a1c</value>
         <object_component_ref idref="oc-3a0"/>
      </symbol>
      <symbol id="sm-776">
         <name>__stack</name>
         <value>0x2000fe00</value>
         <object_component_ref idref="oc-2c"/>
      </symbol>
      <symbol id="sm-777">
         <name>_c_int00_noargs</name>
         <value>0x3155</value>
         <object_component_ref idref="oc-58"/>
      </symbol>
      <symbol id="sm-791">
         <name>write</name>
         <value>0x3365</value>
         <object_component_ref idref="oc-3cd"/>
      </symbol>
      <symbol id="sm-7a2">
         <name>_stream</name>
         <value>0x20000968</value>
         <object_component_ref idref="oc-43a"/>
      </symbol>
      <symbol id="sm-7a3">
         <name>_device</name>
         <value>0x200008f0</value>
         <object_component_ref idref="oc-47b"/>
      </symbol>
      <symbol id="sm-7b3">
         <name>__TI_doflush</name>
         <value>0x2d55</value>
         <object_component_ref idref="oc-3c7"/>
      </symbol>
      <symbol id="sm-7c3">
         <name>__TI_cleanup</name>
         <value>0x30ed</value>
         <object_component_ref idref="oc-468"/>
      </symbol>
      <symbol id="sm-7d5">
         <name>fseek</name>
         <value>0x28b5</value>
         <object_component_ref idref="oc-428"/>
      </symbol>
      <symbol id="sm-7df">
         <name>copysign</name>
         <value>0x34d9</value>
         <object_component_ref idref="oc-40c"/>
      </symbol>
      <symbol id="sm-7e0">
         <name>copysignl</name>
         <value>0x34d9</value>
         <object_component_ref idref="oc-40c"/>
      </symbol>
      <symbol id="sm-7ea">
         <name>__aeabi_idiv0</name>
         <value>0x1623</value>
         <object_component_ref idref="oc-3f3"/>
      </symbol>
      <symbol id="sm-7eb">
         <name>__aeabi_ldiv0</name>
         <value>0x1623</value>
         <object_component_ref idref="oc-3f3"/>
      </symbol>
      <symbol id="sm-813">
         <name>__TI_auto_init_nobinit_nopinit</name>
         <value>0x2f05</value>
         <object_component_ref idref="oc-1b2"/>
      </symbol>
      <symbol id="sm-81d">
         <name>_system_pre_init</name>
         <value>0x35e9</value>
         <object_component_ref idref="oc-b2"/>
      </symbol>
      <symbol id="sm-830">
         <name>HOSTclose</name>
         <value>0x2e7d</value>
         <object_component_ref idref="oc-4b7"/>
      </symbol>
      <symbol id="sm-841">
         <name>HOSTlseek</name>
         <value>0x2719</value>
         <object_component_ref idref="oc-4c9"/>
      </symbol>
      <symbol id="sm-853">
         <name>parmbuf</name>
         <value>0x20000be0</value>
      </symbol>
      <symbol id="sm-854">
         <name>HOSTopen</name>
         <value>0x297d</value>
         <object_component_ref idref="oc-4b1"/>
      </symbol>
      <symbol id="sm-865">
         <name>HOSTread</name>
         <value>0x2ba9</value>
         <object_component_ref idref="oc-4bd"/>
      </symbol>
      <symbol id="sm-876">
         <name>HOSTrename</name>
         <value>0x26ad</value>
         <object_component_ref idref="oc-4d5"/>
      </symbol>
      <symbol id="sm-887">
         <name>HOSTunlink</name>
         <value>0x2ec1</value>
         <object_component_ref idref="oc-4cf"/>
      </symbol>
      <symbol id="sm-898">
         <name>HOSTwrite</name>
         <value>0x2c01</value>
         <object_component_ref idref="oc-4c3"/>
      </symbol>
      <symbol id="sm-8bc">
         <name>__TI_readmsg</name>
         <value>0x3121</value>
         <object_component_ref idref="oc-504"/>
      </symbol>
      <symbol id="sm-8bd">
         <name>C$$IO$$</name>
         <value>0x3077</value>
         <object_component_ref idref="oc-4fe"/>
      </symbol>
      <symbol id="sm-8be">
         <name>__CIOBUF_</name>
         <value>0x20000a20</value>
         <object_component_ref idref="oc-52f"/>
      </symbol>
      <symbol id="sm-8bf">
         <name>__TI_writemsg</name>
         <value>0x3049</value>
         <object_component_ref idref="oc-4fe"/>
      </symbol>
      <symbol id="sm-8d0">
         <name>lseek</name>
         <value>0x333d</value>
         <object_component_ref idref="oc-454"/>
      </symbol>
      <symbol id="sm-8e5">
         <name>__TI_closefile</name>
         <value>0x2559</value>
         <object_component_ref idref="oc-4a5"/>
      </symbol>
      <symbol id="sm-908">
         <name>finddevice</name>
         <value>0x31e9</value>
         <object_component_ref idref="oc-54d"/>
      </symbol>
      <symbol id="sm-909">
         <name>getdevice</name>
         <value>0x2f49</value>
         <object_component_ref idref="oc-525"/>
      </symbol>
      <symbol id="sm-918">
         <name>strcmp</name>
         <value>0x34f3</value>
         <object_component_ref idref="oc-564"/>
      </symbol>
      <symbol id="sm-926">
         <name>strcpy</name>
         <value>0x355f</value>
         <object_component_ref idref="oc-518"/>
      </symbol>
      <symbol id="sm-936">
         <name>strncpy</name>
         <value>0x3081</value>
         <object_component_ref idref="oc-547"/>
      </symbol>
      <symbol id="sm-94b">
         <name>close</name>
         <value>0x2af5</value>
         <object_component_ref idref="oc-4ed"/>
      </symbol>
      <symbol id="sm-95b">
         <name>unlink</name>
         <value>0x3249</value>
         <object_component_ref idref="oc-4f3"/>
      </symbol>
      <symbol id="sm-95c">
         <name>__TI_static_base__</name>
         <value>0x0</value>
      </symbol>
      <symbol id="sm-95f">
         <name>__mpu_init</name>
         <value>0x0</value>
      </symbol>
      <symbol id="sm-960">
         <name>_system_post_cinit</name>
         <value>0x0</value>
      </symbol>
      <symbol id="sm-961">
         <name>NMI_Handler</name>
         <value>0xb33</value>
      </symbol>
      <symbol id="sm-962">
         <name>HardFault_Handler</name>
         <value>0xb33</value>
      </symbol>
      <symbol id="sm-963">
         <name>MemManage_Handler</name>
         <value>0xb33</value>
      </symbol>
      <symbol id="sm-964">
         <name>BusFault_Handler</name>
         <value>0xb33</value>
      </symbol>
      <symbol id="sm-965">
         <name>UsageFault_Handler</name>
         <value>0xb33</value>
      </symbol>
      <symbol id="sm-966">
         <name>SVC_Handler</name>
         <value>0xb33</value>
      </symbol>
      <symbol id="sm-967">
         <name>DebugMon_Handler</name>
         <value>0xb33</value>
      </symbol>
      <symbol id="sm-968">
         <name>PendSV_Handler</name>
         <value>0xb33</value>
      </symbol>
      <symbol id="sm-969">
         <name>SysTick_Handler</name>
         <value>0xb33</value>
      </symbol>
      <symbol id="sm-96a">
         <name>PSS_IRQHandler</name>
         <value>0xb33</value>
      </symbol>
      <symbol id="sm-96b">
         <name>CS_IRQHandler</name>
         <value>0xb33</value>
      </symbol>
      <symbol id="sm-96c">
         <name>PCM_IRQHandler</name>
         <value>0xb33</value>
      </symbol>
      <symbol id="sm-96d">
         <name>WDT_A_IRQHandler</name>
         <value>0xb33</value>
      </symbol>
      <symbol id="sm-96e">
         <name>FPU_IRQHandler</name>
         <value>0xb33</value>
      </symbol>
      <symbol id="sm-96f">
         <name>FLCTL_IRQHandler</name>
         <value>0xb33</value>
      </symbol>
      <symbol id="sm-970">
         <name>COMP_E0_IRQHandler</name>
         <value>0xb33</value>
      </symbol>
      <symbol id="sm-971">
         <name>COMP_E1_IRQHandler</name>
         <value>0xb33</value>
      </symbol>
      <symbol id="sm-972">
         <name>TA0_0_IRQHandler</name>
         <value>0xb33</value>
      </symbol>
      <symbol id="sm-973">
         <name>TA0_N_IRQHandler</name>
         <value>0xb33</value>
      </symbol>
      <symbol id="sm-974">
         <name>TA1_0_IRQHandler</name>
         <value>0xb33</value>
      </symbol>
      <symbol id="sm-975">
         <name>TA1_N_IRQHandler</name>
         <value>0xb33</value>
      </symbol>
      <symbol id="sm-976">
         <name>TA2_0_IRQHandler</name>
         <value>0xb33</value>
      </symbol>
      <symbol id="sm-977">
         <name>TA2_N_IRQHandler</name>
         <value>0xb33</value>
      </symbol>
      <symbol id="sm-978">
         <name>TA3_0_IRQHandler</name>
         <value>0xb33</value>
      </symbol>
      <symbol id="sm-979">
         <name>TA3_N_IRQHandler</name>
         <value>0xb33</value>
      </symbol>
      <symbol id="sm-97a">
         <name>EUSCIA0_IRQHandler</name>
         <value>0xb33</value>
      </symbol>
      <symbol id="sm-97b">
         <name>EUSCIA1_IRQHandler</name>
         <value>0xb33</value>
      </symbol>
      <symbol id="sm-97c">
         <name>EUSCIA2_IRQHandler</name>
         <value>0x1ef9</value>
      </symbol>
      <symbol id="sm-97d">
         <name>EUSCIA3_IRQHandler</name>
         <value>0xb33</value>
      </symbol>
      <symbol id="sm-97e">
         <name>EUSCIB0_IRQHandler</name>
         <value>0xb33</value>
      </symbol>
      <symbol id="sm-97f">
         <name>EUSCIB1_IRQHandler</name>
         <value>0xb33</value>
      </symbol>
      <symbol id="sm-980">
         <name>EUSCIB2_IRQHandler</name>
         <value>0xb33</value>
      </symbol>
      <symbol id="sm-981">
         <name>EUSCIB3_IRQHandler</name>
         <value>0xb33</value>
      </symbol>
      <symbol id="sm-982">
         <name>ADC14_IRQHandler</name>
         <value>0xb33</value>
      </symbol>
      <symbol id="sm-983">
         <name>T32_INT1_IRQHandler</name>
         <value>0xb33</value>
      </symbol>
      <symbol id="sm-984">
         <name>T32_INT2_IRQHandler</name>
         <value>0xb33</value>
      </symbol>
      <symbol id="sm-985">
         <name>T32_INTC_IRQHandler</name>
         <value>0xb33</value>
      </symbol>
      <symbol id="sm-986">
         <name>AES256_IRQHandler</name>
         <value>0xb33</value>
      </symbol>
      <symbol id="sm-987">
         <name>RTC_C_IRQHandler</name>
         <value>0xb33</value>
      </symbol>
      <symbol id="sm-988">
         <name>DMA_ERR_IRQHandler</name>
         <value>0xb33</value>
      </symbol>
      <symbol id="sm-989">
         <name>DMA_INT3_IRQHandler</name>
         <value>0xb33</value>
      </symbol>
      <symbol id="sm-98a">
         <name>DMA_INT2_IRQHandler</name>
         <value>0xb33</value>
      </symbol>
      <symbol id="sm-98b">
         <name>DMA_INT1_IRQHandler</name>
         <value>0xb33</value>
      </symbol>
      <symbol id="sm-98c">
         <name>DMA_INT0_IRQHandler</name>
         <value>0xb33</value>
      </symbol>
      <symbol id="sm-98d">
         <name>PORT1_IRQHandler</name>
         <value>0x29dd</value>
      </symbol>
      <symbol id="sm-98e">
         <name>PORT2_IRQHandler</name>
         <value>0x2a3d</value>
      </symbol>
      <symbol id="sm-98f">
         <name>PORT3_IRQHandler</name>
         <value>0x2a99</value>
      </symbol>
      <symbol id="sm-990">
         <name>PORT4_IRQHandler</name>
         <value>0xb33</value>
      </symbol>
      <symbol id="sm-991">
         <name>PORT5_IRQHandler</name>
         <value>0xb33</value>
      </symbol>
      <symbol id="sm-992">
         <name>PORT6_IRQHandler</name>
         <value>0xb33</value>
      </symbol>
      <symbol id="sm-993">
         <name>remove</name>
         <value>0x3249</value>
      </symbol>
   </symbol_table>
   <title>Link successful</title>
</link_info>
