******************************************************************************
                  TI ARM Linker PC v20.2.5                     
******************************************************************************
>> Linked Sun Dec  5 20:33:21 2021

OUTPUT FILE NAME:   <empty_MSP_EXP432P401R_nortos_ccs.out>
ENTRY POINT SYMBOL: "_c_int00_noargs"  address: 00003155


MEMORY CONFIGURATION

         name            origin    length      used     unused   attr    fill
----------------------  --------  ---------  --------  --------  ----  --------
  MAIN                  00000000   00040000  000037fc  0003c804  R  X
  INFO                  00200000   00004000  00000000  00004000  R  X
  SRAM_CODE             01000000   00010000  00000de8  0000f218  RW X
  SRAM_DATA             20000000   00010000  00000de8  0000f218  RW  


SEGMENT ALLOCATION MAP

run origin  load origin   length   init length attrs members
----------  ----------- ---------- ----------- ----- -------
00000000    00000000    00003800   00003800    r-x
  00000000    00000000    000000e4   000000e4    r-- .intvecs
  000000e4    000000e4    0000350c   0000350c    r-x .text
  000035f0    000035f0    00000164   00000164    r-- .const
  00003758    00003758    000000a8   000000a8    r-- .cinit
20000000    20000000    00000be8   00000000    rw-
  20000000    20000000    00000800   00000000    rw- .sysmem
  20000800    20000800    00000220   00000000    rw- .data
  20000a20    20000a20    000001c8   00000000    rw- .bss
2000fe00    2000fe00    00000200   00000000    rw-
  2000fe00    2000fe00    00000200   00000000    rw- .stack


SECTION ALLOCATION MAP

 output                                  attributes/
section   page    origin      length       input sections
--------  ----  ----------  ----------   ----------------
.intvecs   0    00000000    000000e4     
                  00000000    000000e4     startup_msp432p401r_ccs.obj (.intvecs:retain)

.text      0    000000e4    0000350c     
                  000000e4    00000a4e     rtsv7M4_T_le_v4SPD16_eabi.lib : _printfi.c.obj (.text:__TI_printfi)
                  00000b32    00000002     startup_msp432p401r_ccs.obj (.text:Default_Handler)
                  00000b34    00000270     rtsv7M4_T_le_v4SPD16_eabi.lib : _printfi.c.obj (.text:_pconv_a)
                  00000da4    000001d0                                   : _printfi.c.obj (.text:_pconv_g)
                  00000f74    000001b6                                   : fd_add_t2.asm.obj (.text)
                  0000112a    00000002                                   : _lock.c.obj (.text:_nop)
                  0000112c    00000144     msp432p4xx_driverlib.lib : timer_a.o (.text:privateTimer_AProcessClockSourceDivider)
                  00001270    00000140     main.obj (.text:main)
                  000013b0    0000013c     rtsv7M4_T_le_v4SPD16_eabi.lib : _printfi.c.obj (.text:_pconv_e)
                  000014ec    00000136                                   : fd_div_t2.asm.obj (.text)
                  00001622    00000002                                   : div0.asm.obj (.text)
                  00001624    00000124                                   : _printfi.c.obj (.text:fcvt)
                  00001748    0000011c     msp432p4xx_driverlib.lib : uart.o (.text:UART_initModule)
                  00001864    00000114     rtsv7M4_T_le_v4SPD16_eabi.lib : fputs.c.obj (.text:fputs)
                  00001978    00000110                                   : s_scalbn.c.obj (.text:scalbn)
                  00001a88    00000100                                   : memory.c.obj (.text:aligned_alloc)
                  00001b88    000000fc                                   : fd_mul_t2.asm.obj (.text)
                  00001c84    000000e4                                   : memory.c.obj (.text:free)
                  00001d68    000000dc                                   : setvbuf.c.obj (.text:setvbuf)
                  00001e44    000000b1                                   : _printfi.c.obj (.text:_ltostr)
                  00001ef5    00000003     --HOLE-- [fill = 0]
                  00001ef8    0000009c     main.obj (.text:EUSCIA2_IRQHandler)
                  00001f94    0000009c     rtsv7M4_T_le_v4SPD16_eabi.lib : memcpy_t2.asm.obj (.text)
                  00002030    00000096                                   : ull_div_t2.asm.obj (.text)
                  000020c6    00000002     --HOLE-- [fill = 0]
                  000020c8    0000008c                                   : fputc.c.obj (.text:fputc)
                  00002154    00000088     msp432p4xx_driverlib.lib : gpio.o (.text:GPIO_setAsPeripheralModuleFunctionInputPin)
                  000021dc    00000088                              : gpio.o (.text:GPIO_setAsPeripheralModuleFunctionOutputPin)
                  00002264    00000086     rtsv7M4_T_le_v4SPD16_eabi.lib : fd_cmp_t2.asm.obj (.text:__aeabi_cdcmple)
                  000022ea    00000086                                   : fd_cmp_t2.asm.obj (.text:__aeabi_cdrcmple)
                  00002370    00000080     msp432p4xx_driverlib.lib : interrupt.o (.text:Interrupt_enableInterrupt)
                  000023f0    0000007a     rtsv7M4_T_le_v4SPD16_eabi.lib : memset_t2.asm.obj (.text)
                  0000246a    00000002     --HOLE-- [fill = 0]
                  0000246c    00000078     system_msp432p401r.obj (.text:SystemInit)
                  000024e4    00000074     msp432p4xx_driverlib.lib : timer_a.o (.text:Timer_A_generatePWM)
                  00002558    00000074     rtsv7M4_T_le_v4SPD16_eabi.lib : fclose.c.obj (.text:__TI_closefile)
                  000025cc    00000070                                   : memory.c.obj (.text:split)
                  0000263c    0000006e                                   : _printfi.c.obj (.text:_mcpy)
                  000026aa    00000002     --HOLE-- [fill = 0]
                  000026ac    0000006c                                   : hostrename.c.obj (.text:HOSTrename)
                  00002718    00000068                                   : hostlseek.c.obj (.text:HOSTlseek)
                  00002780    00000068                                   : copy_decompress_lzss.c.obj (.text:decompress:lzss:__TI_decompress_lzss)
                  000027e8    00000068                                   : printf.c.obj (.text:printf)
                  00002850    00000064                                   : s_frexp.c.obj (.text:frexp)
                  000028b4    00000064                                   : fseek.c.obj (.text:fseek)
                  00002918    00000062                                   : _io_perm.c.obj (.text:__TI_wrt_ok)
                  0000297a    00000002     --HOLE-- [fill = 0]
                  0000297c    00000060                                   : hostopen.c.obj (.text:HOSTopen)
                  000029dc    00000060     main.obj (.text:PORT1_IRQHandler)
                  00002a3c    0000005c     main.obj (.text:PORT2_IRQHandler)
                  00002a98    0000005c     main.obj (.text:PORT3_IRQHandler)
                  00002af4    0000005c     rtsv7M4_T_le_v4SPD16_eabi.lib : close.c.obj (.text:close)
                  00002b50    00000058     msp432p4xx_driverlib.lib : gpio.o (.text:GPIO_setAsInputPinWithPullUpResistor)
                  00002ba8    00000058     rtsv7M4_T_le_v4SPD16_eabi.lib : hostread.c.obj (.text:HOSTread)
                  00002c00    00000058                                   : hostwrite.c.obj (.text:HOSTwrite)
                  00002c58    00000056                                   : _printfi.c.obj (.text:_pconv_f)
                  00002cae    00000054                                   : _ltoa.c.obj (.text:__TI_ltoa)
                  00002d02    00000052                                   : _printfi.c.obj (.text:_ecpy)
                  00002d54    0000004c                                   : fflush.c.obj (.text:__TI_doflush)
                  00002da0    0000004c                                   : atoi.c.obj (.text:atoi)
                  00002dec    00000048                                   : exit.c.obj (.text:exit)
                  00002e34    00000048                                   : fd_toi_t2.asm.obj (.text)
                  00002e7c    00000044                                   : hostclose.c.obj (.text:HOSTclose)
                  00002ec0    00000044                                   : hostunlink.c.obj (.text:HOSTunlink)
                  00002f04    00000044                                   : autoinit.c.obj (.text:__TI_auto_init_nobinit_nopinit:__TI_auto_init_nobinit_nopinit)
                  00002f48    00000044                                   : getdevice.c.obj (.text:getdevice)
                  00002f8c    00000040     msp432p4xx_driverlib.lib : gpio.o (.text:GPIO_setAsOutputPin)
                  00002fcc    0000003e     rtsv7M4_T_le_v4SPD16_eabi.lib : _printfi.c.obj (.text:_fcpy)
                  0000300a    0000003c     main.obj (.text:delayMs)
                  00003046    00000002     --HOLE-- [fill = 0]
                  00003048    00000038     rtsv7M4_T_le_v4SPD16_eabi.lib : trgmsg.c.obj (.text:__TI_writemsg)
                  00003080    00000036                                   : strncpy.c.obj (.text:strncpy)
                  000030b6    00000002     --HOLE-- [fill = 0]
                  000030b8    00000034     msp432p4xx_driverlib.lib : cs.o (.text:CS_setDCOCenteredFrequency)
                  000030ec    00000034     rtsv7M4_T_le_v4SPD16_eabi.lib : fopen.c.obj (.text:__TI_cleanup)
                  00003120    00000034                                   : trgmsg.c.obj (.text:__TI_readmsg)
                  00003154    00000034                                   : boot_cortex_m.c.obj (.text:_c_int00_noargs:_c_int00_noargs)
                  00003188    00000030     msp432p4xx_driverlib.lib : uart.o (.text:UART_enableInterrupt)
                  000031b8    00000030                              : uart.o (.text:UART_receiveData)
                  000031e8    00000030     rtsv7M4_T_le_v4SPD16_eabi.lib : getdevice.c.obj (.text:finddevice)
                  00003218    0000002e                                   : i_tofd_t2.asm.obj (.text)
                  00003246    00000002     --HOLE-- [fill = 0]
                  00003248    0000002c                                   : unlink.c.obj (.text:unlink)
                  00003274    00000028     msp432p4xx_driverlib.lib : gpio.o (.text:GPIO_clearInterruptFlag)
                  0000329c    00000028                              : gpio.o (.text:GPIO_enableInterrupt)
                  000032c4    00000028                              : gpio.o (.text:GPIO_setOutputHighOnPin)
                  000032ec    00000028                              : gpio.o (.text:GPIO_setOutputLowOnPin)
                  00003314    00000028     rtsv7M4_T_le_v4SPD16_eabi.lib : memory.c.obj (.text:free_list_insert)
                  0000333c    00000028                                   : lseek.c.obj (.text:lseek)
                  00003364    00000028                                   : write.c.obj (.text:write)
                  0000338c    00000024     msp432p4xx_driverlib.lib : gpio.o (.text:GPIO_getInterruptStatus)
                  000033b0    00000024     main.obj (.text:moveBackward)
                  000033d4    00000024     main.obj (.text:moveForward)
                  000033f8    00000024     main.obj (.text:moveLeft)
                  0000341c    00000024     main.obj (.text:moveRight)
                  00003440    00000024     main.obj (.text:stop)
                  00003464    00000020     rtsv7M4_T_le_v4SPD16_eabi.lib : memchr.c.obj (.text:memchr)
                  00003484    0000001c                                   : copy_zero_init.c.obj (.text:decompress:ZI:__TI_zero_init_nomemset:__TI_zero_init_nomemset)
                  000034a0    0000001c                                   : memory.c.obj (.text:free_list_remove)
                  000034bc    0000001c                                   : memccpy.c.obj (.text:memccpy)
                  000034d8    0000001a                                   : s_copysign.c.obj (.text:copysign)
                  000034f2    00000018                                   : strcmp.c.obj (.text:strcmp)
                  0000350a    00000016     msp432p4xx_driverlib.lib : uart.o (.text:UART_enableModule)
                  00003520    00000016     rtsv7M4_T_le_v4SPD16_eabi.lib : strchr.c.obj (.text:strchr)
                  00003536    00000014     main.obj (.text:stopLeftWheel)
                  0000354a    00000014     main.obj (.text:stopRightWheel)
                  0000355e    00000014     rtsv7M4_T_le_v4SPD16_eabi.lib : strcpy.c.obj (.text:strcpy)
                  00003572    00000014                                   : strlen.c.obj (.text:strlen)
                  00003586    00000012                                   : wcslen.c.obj (.text:wcslen)
                  00003598    00000010     msp432p4xx_driverlib.lib : interrupt.o (.text:Interrupt_enableMaster)
                  000035a8    0000000e     rtsv7M4_T_le_v4SPD16_eabi.lib : copy_decompress_none.c.obj (.text:decompress:none:__TI_decompress_none)
                  000035b6    0000000c     msp432p4xx_driverlib.lib : cpu.o (.text:CPU_cpsie)
                  000035c2    0000000c     startup_msp432p401r_ccs.obj (.text:Reset_Handler)
                  000035ce    00000002     --HOLE-- [fill = 0]
                  000035d0    00000008     rtsv7M4_T_le_v4SPD16_eabi.lib : errno.c.obj (.text:__aeabi_errno_addr)
                  000035d8    00000008                                   : memory.c.obj (.text:malloc)
                  000035e0    00000004                                   : printf.c.obj (.text:_outc)
                  000035e4    00000004                                   : printf.c.obj (.text:_outs)
                  000035e8    00000004                                   : pre_init.c.obj (.text:_system_pre_init)
                  000035ec    00000004                                   : exit.c.obj (.text:abort:abort)

.const     0    000035f0    00000164     
                  000035f0    00000101     rtsv7M4_T_le_v4SPD16_eabi.lib : ctype.c.obj (.const:.string:_ctypes_)
                  000036f1    00000003     --HOLE-- [fill = 0]
                  000036f4    00000030     msp432p4xx_driverlib.lib : gpio.o (.const:GPIO_PORT_TO_BASE)
                  00003724    00000028     main.obj (.const:bluetooth)
                  0000374c    00000008     msp432p4xx_driverlib.lib : interrupt.o (.const:g_pulEnRegs)

.cinit     0    00003758    000000a8     
                  00003758    0000007e     (.cinit..data.load) [load image, compression = lzss]
                  000037d6    00000002     --HOLE-- [fill = 0]
                  000037d8    0000000c     (__TI_handler_table)
                  000037e4    00000004     --HOLE-- [fill = 0]
                  000037e8    00000008     (.cinit..bss.load) [load image, compression = zero_init]
                  000037f0    00000010     (__TI_cinit_table)

.init_array 
*          0    00000000    00000000     UNINITIALIZED

.binit     0    00000000    00000000     

.sysmem    0    20000000    00000800     UNINITIALIZED
                  20000000    00000010     rtsv7M4_T_le_v4SPD16_eabi.lib : memory.c.obj (.sysmem)
                  20000010    000007f0     --HOLE--

.data      0    20000800    00000220     UNINITIALIZED
                  20000800    000000f0     rtsv7M4_T_le_v4SPD16_eabi.lib : defs.c.obj (.data:_ftable)
                  200008f0    00000078                                   : host_device.c.obj (.data:_device)
                  20000968    00000050                                   : host_device.c.obj (.data:_stream)
                  200009b8    00000018     main.obj (.data:leftWheel)
                  200009d0    00000018     main.obj (.data:rightWheel)
                  200009e8    00000010     rtsv7M4_T_le_v4SPD16_eabi.lib : defs.c.obj (.data)
                  200009f8    0000000c                                   : exit.c.obj (.data:$O1$$)
                  20000a04    00000008                                   : _lock.c.obj (.data:$O1$$)
                  20000a0c    00000008                                   : memory.c.obj (.data:$O1$$)
                  20000a14    00000008     main.obj (.data)
                  20000a1c    00000004     rtsv7M4_T_le_v4SPD16_eabi.lib : errno.c.obj (.data)

.bss       0    20000a20    000001c8     UNINITIALIZED
                  20000a20    00000120     rtsv7M4_T_le_v4SPD16_eabi.lib : trgmsg.c.obj (.bss:_CIOBUF_)
                  20000b40    000000a0     (.common:__TI_tmpnams)
                  20000be0    00000008     (.common:parmbuf)

.stack     0    2000fe00    00000200     UNINITIALIZED
                  2000fe00    00000004     rtsv7M4_T_le_v4SPD16_eabi.lib : boot_cortex_m.c.obj (.stack)
                  2000fe04    000001fc     --HOLE--

__llvm_prf_cnts 
*          0    20000000    00000000     UNINITIALIZED

MODULE SUMMARY

       Module                        code    ro data   rw data
       ------                        ----    -------   -------
    .\
       main.obj                      1036    40        112    
       system_msp432p401r.obj        120     0         0      
    +--+-----------------------------+-------+---------+---------+
       Total:                        1156    40        112    
                                                              
    .\ccs\
       startup_msp432p401r_ccs.obj   14      228       0      
    +--+-----------------------------+-------+---------+---------+
       Total:                        14      228       0      
                                                              
    C:/ti/simplelink_msp432p4_sdk_3_40_01_02/source/ti/devices/msp432p4xx/driverlib/ccs/msp432p4xx_driverlib.lib
       gpio.o                        620     48        0      
       timer_a.o                     440     0         0      
       uart.o                        402     0         0      
       interrupt.o                   144     8         0      
       cs.o                          52      0         0      
       cpu.o                         12      0         0      
    +--+-----------------------------+-------+---------+---------+
       Total:                        1670    56        0      
                                                              
    C:\ti\ccs1040\ccs\tools\compiler\ti-cgt-arm_20.2.5.LTS\lib\rtsv7M4_T_le_v4SPD16_eabi.lib
       _printfi.c.obj                4851    0         0      
       defs.c.obj                    0       0         832    
       memory.c.obj                  672     0         16     
       trgmsg.c.obj                  108     0         576    
       fd_add_t2.asm.obj             438     0         0      
       host_device.c.obj             0       0         400    
       fd_div_t2.asm.obj             310     0         0      
       fputs.c.obj                   276     0         0      
       s_scalbn.c.obj                272     0         0      
       fd_cmp_t2.asm.obj             268     0         0      
       ctype.c.obj                   0       257       0      
       fd_mul_t2.asm.obj             252     0         0      
       setvbuf.c.obj                 220     0         0      
       memcpy_t2.asm.obj             156     0         0      
       ull_div_t2.asm.obj            150     0         0      
       fputc.c.obj                   140     0         0      
       memset_t2.asm.obj             122     0         0      
       fclose.c.obj                  116     0         0      
       getdevice.c.obj               116     0         0      
       hostopen.c.obj                96      0         16     
       printf.c.obj                  112     0         0      
       hostrename.c.obj              108     0         0      
       copy_decompress_lzss.c.obj    104     0         0      
       hostlseek.c.obj               104     0         0      
       exit.c.obj                    76      0         24     
       fseek.c.obj                   100     0         0      
       s_frexp.c.obj                 100     0         0      
       _io_perm.c.obj                98      0         0      
       close.c.obj                   92      0         0      
       hostread.c.obj                88      0         0      
       hostwrite.c.obj               88      0         0      
       _ltoa.c.obj                   84      0         0      
       atoi.c.obj                    76      0         0      
       fflush.c.obj                  76      0         0      
       fd_toi_t2.asm.obj             72      0         0      
       autoinit.c.obj                68      0         0      
       hostclose.c.obj               68      0         0      
       hostunlink.c.obj              68      0         0      
       strncpy.c.obj                 54      0         0      
       boot_cortex_m.c.obj           52      0         0      
       fopen.c.obj                   52      0         0      
       i_tofd_t2.asm.obj             46      0         0      
       unlink.c.obj                  44      0         0      
       lseek.c.obj                   40      0         0      
       write.c.obj                   40      0         0      
       memchr.c.obj                  32      0         0      
       copy_zero_init.c.obj          28      0         0      
       memccpy.c.obj                 28      0         0      
       s_copysign.c.obj              26      0         0      
       strcmp.c.obj                  24      0         0      
       strchr.c.obj                  22      0         0      
       strcpy.c.obj                  20      0         0      
       strlen.c.obj                  20      0         0      
       _lock.c.obj                   2       0         16     
       wcslen.c.obj                  18      0         0      
       errno.c.obj                   8       0         8      
       copy_decompress_none.c.obj    14      0         0      
       pre_init.c.obj                4       0         0      
       div0.asm.obj                  2       0         0      
    +--+-----------------------------+-------+---------+---------+
       Total:                        10721   257       1888   
                                                              
       Heap:                         0       0         4096   
       Stack:                        0       0         1024   
       Linker Generated:             0       162       0      
    +--+-----------------------------+-------+---------+---------+
       Grand Total:                  13561   743       7120   


LINKER GENERATED COPY TABLES

__TI_cinit_table @ 000037f0 records: 2, size/record: 8, table size: 16
	.data: load addr=00003758, load size=0000007e bytes, run addr=20000800, run size=00000220 bytes, compression=lzss
	.bss: load addr=000037e8, load size=00000008 bytes, run addr=20000a20, run size=000001c8 bytes, compression=zero_init


LINKER GENERATED HANDLER TABLE

__TI_handler_table @ 000037d8 records: 3, size/record: 4, table size: 12
	index: 0, handler: __TI_decompress_lzss
	index: 1, handler: __TI_decompress_none
	index: 2, handler: __TI_zero_init


GLOBAL SYMBOLS: SORTED ALPHABETICALLY BY Name 

address   name                                       
-------   ----                                       
00000b33  ADC14_IRQHandler                           
00000b33  AES256_IRQHandler                          
00000b33  BusFault_Handler                           
000035ed  C$$EXIT                                    
00003077  C$$IO$$                                    
00000b33  COMP_E0_IRQHandler                         
00000b33  COMP_E1_IRQHandler                         
000035b7  CPU_cpsie                                  
00000b33  CS_IRQHandler                              
000030b9  CS_setDCOCenteredFrequency                 
00000b33  DMA_ERR_IRQHandler                         
00000b33  DMA_INT0_IRQHandler                        
00000b33  DMA_INT1_IRQHandler                        
00000b33  DMA_INT2_IRQHandler                        
00000b33  DMA_INT3_IRQHandler                        
00000b33  DebugMon_Handler                           
00000b33  Default_Handler                            
00000b33  EUSCIA0_IRQHandler                         
00000b33  EUSCIA1_IRQHandler                         
00001ef9  EUSCIA2_IRQHandler                         
00001ef9  EUSCIA2_IRQHandler                         
00000b33  EUSCIA3_IRQHandler                         
00000b33  EUSCIB0_IRQHandler                         
00000b33  EUSCIB1_IRQHandler                         
00000b33  EUSCIB2_IRQHandler                         
00000b33  EUSCIB3_IRQHandler                         
00000b33  FLCTL_IRQHandler                           
00000b33  FPU_IRQHandler                             
00003275  GPIO_clearInterruptFlag                    
0000329d  GPIO_enableInterrupt                       
0000338d  GPIO_getInterruptStatus                    
00002b51  GPIO_setAsInputPinWithPullUpResistor       
00002f8d  GPIO_setAsOutputPin                        
00002155  GPIO_setAsPeripheralModuleFunctionInputPin 
000021dd  GPIO_setAsPeripheralModuleFunctionOutputPin
000032c5  GPIO_setOutputHighOnPin                    
000032ed  GPIO_setOutputLowOnPin                     
00002e7d  HOSTclose                                  
00002719  HOSTlseek                                  
0000297d  HOSTopen                                   
00002ba9  HOSTread                                   
000026ad  HOSTrename                                 
00002ec1  HOSTunlink                                 
00002c01  HOSTwrite                                  
00000b33  HardFault_Handler                          
00002371  Interrupt_enableInterrupt                  
00003599  Interrupt_enableMaster                     
00000b33  MemManage_Handler                          
00000b33  NMI_Handler                                
00000b33  PCM_IRQHandler                             
000029dd  PORT1_IRQHandler                           
000029dd  PORT1_IRQHandler                           
00002a3d  PORT2_IRQHandler                           
00002a3d  PORT2_IRQHandler                           
00002a99  PORT3_IRQHandler                           
00002a99  PORT3_IRQHandler                           
00000b33  PORT4_IRQHandler                           
00000b33  PORT5_IRQHandler                           
00000b33  PORT6_IRQHandler                           
00000b33  PSS_IRQHandler                             
00000b33  PendSV_Handler                             
00000b33  RTC_C_IRQHandler                           
000035c3  Reset_Handler                              
00000b33  SVC_Handler                                
00000b33  SysTick_Handler                            
0000246d  SystemInit                                 
00000b33  T32_INT1_IRQHandler                        
00000b33  T32_INT2_IRQHandler                        
00000b33  T32_INTC_IRQHandler                        
00000b33  TA0_0_IRQHandler                           
00000b33  TA0_N_IRQHandler                           
00000b33  TA1_0_IRQHandler                           
00000b33  TA1_N_IRQHandler                           
00000b33  TA2_0_IRQHandler                           
00000b33  TA2_N_IRQHandler                           
00000b33  TA3_0_IRQHandler                           
00000b33  TA3_N_IRQHandler                           
000024e5  Timer_A_generatePWM                        
00003189  UART_enableInterrupt                       
0000350b  UART_enableModule                          
00001749  UART_initModule                            
000031b9  UART_receiveData                           
00000b33  UsageFault_Handler                         
4000480c  WDTCTL_SYM                                 
00000b33  WDT_A_IRQHandler                           
20000a20  __CIOBUF_                                  
20010000  __STACK_END                                
00000200  __STACK_SIZE                               
00000800  __SYSMEM_SIZE                              
000037f0  __TI_CINIT_Base                            
00003800  __TI_CINIT_Limit                           
000037d8  __TI_Handler_Table_Base                    
000037e4  __TI_Handler_Table_Limit                   
00002f05  __TI_auto_init_nobinit_nopinit             
000030ed  __TI_cleanup                               
200009f8  __TI_cleanup_ptr                           
00002559  __TI_closefile                             
00002781  __TI_decompress_lzss                       
000035a9  __TI_decompress_none                       
00002d55  __TI_doflush                               
200009fc  __TI_dtors_ptr                             
20000a00  __TI_enable_exit_profile_output            
200009e8  __TI_ft_end                                
00002caf  __TI_ltoa                                  
ffffffff  __TI_pprof_out_hndl                        
000000e5  __TI_printfi                               
ffffffff  __TI_prof_data_size                        
ffffffff  __TI_prof_data_start                       
00003121  __TI_readmsg                               
00000000  __TI_static_base__                         
20000b40  __TI_tmpnams                               
00003049  __TI_writemsg                              
00002919  __TI_wrt_ok                                
00003485  __TI_zero_init_nomemset                    
00002265  __aeabi_cdcmpeq                            
00002265  __aeabi_cdcmple                            
000022eb  __aeabi_cdrcmple                           
00002e35  __aeabi_d2iz                               
00000f7f  __aeabi_dadd                               
000014ed  __aeabi_ddiv                               
00001b89  __aeabi_dmul                               
00000f75  __aeabi_dsub                               
000035d1  __aeabi_errno_addr                         
00003219  __aeabi_i2d                                
00001623  __aeabi_idiv0                              
00001623  __aeabi_ldiv0                              
000023f1  __aeabi_memclr                             
000023f1  __aeabi_memclr4                            
000023f1  __aeabi_memclr8                            
00001f95  __aeabi_memcpy                             
00001f95  __aeabi_memcpy4                            
00001f95  __aeabi_memcpy8                            
000023f3  __aeabi_memset                             
000023f3  __aeabi_memset4                            
000023f3  __aeabi_memset8                            
200009f4  __aeabi_stderr                             
200009ec  __aeabi_stdin                              
200009f0  __aeabi_stdout                             
00002031  __aeabi_uldivmod                           
ffffffff  __binit__                                  
ffffffff  __c_args__                                 
UNDEFED   __mpu_init                                 
2000fe00  __stack                                    
20000000  __start___llvm_prf_cnts                    
20000000  __stop___llvm_prf_cnts                     
00003155  _c_int00_noargs                            
000035f0  _ctypes_                                   
200008f0  _device                                    
20000800  _ftable                                    
20000a04  _lock                                      
0000112b  _nop                                       
20000968  _stream                                    
20000000  _sys_memory                                
UNDEFED   _system_post_cinit                         
000035e9  _system_pre_init                           
20000a08  _unlock                                    
000035ed  abort                                      
00001a89  aligned_alloc                              
00002da1  atoi                                       
ffffffff  binit                                      
00003724  bluetooth                                  
00002af5  close                                      
000034d9  copysign                                   
000034d9  copysignl                                  
0000300b  delayMs                                    
20000a1c  errno                                      
00002ded  exit                                       
000031e9  finddevice                                 
000020c9  fputc                                      
00001865  fputs                                      
00001c85  free                                       
00002851  frexp                                      
00002851  frexpl                                     
000028b5  fseek                                      
00002f49  getdevice                                  
00000000  interruptVectors                           
00001979  ldexp                                      
00001979  ldexpl                                     
200009b8  leftWheel                                  
0000333d  lseek                                      
00001271  main                                       
000035d9  malloc                                     
00001a89  memalign                                   
000034bd  memccpy                                    
00003465  memchr                                     
00001f95  memcpy                                     
000023f9  memset                                     
000033b1  moveBackward                               
000033d5  moveForward                                
000033f9  moveLeft                                   
0000341d  moveRight                                  
20000be0  parmbuf                                    
000027e9  printf                                     
000020c9  putc                                       
00003249  remove                                     
200009d0  rightWheel                                 
00001979  scalbn                                     
00001979  scalbnl                                    
00001d69  setvbuf                                    
00003441  stop                                       
00003537  stopLeftWheel                              
0000354b  stopRightWheel                             
00003521  strchr                                     
000034f3  strcmp                                     
0000355f  strcpy                                     
00003573  strlen                                     
00003081  strncpy                                    
00003249  unlink                                     
00003587  wcslen                                     
00003365  write                                      


GLOBAL SYMBOLS: SORTED BY Symbol Address 

address   name                                       
-------   ----                                       
00000000  __TI_static_base__                         
00000000  interruptVectors                           
000000e5  __TI_printfi                               
00000200  __STACK_SIZE                               
00000800  __SYSMEM_SIZE                              
00000b33  ADC14_IRQHandler                           
00000b33  AES256_IRQHandler                          
00000b33  BusFault_Handler                           
00000b33  COMP_E0_IRQHandler                         
00000b33  COMP_E1_IRQHandler                         
00000b33  CS_IRQHandler                              
00000b33  DMA_ERR_IRQHandler                         
00000b33  DMA_INT0_IRQHandler                        
00000b33  DMA_INT1_IRQHandler                        
00000b33  DMA_INT2_IRQHandler                        
00000b33  DMA_INT3_IRQHandler                        
00000b33  DebugMon_Handler                           
00000b33  Default_Handler                            
00000b33  EUSCIA0_IRQHandler                         
00000b33  EUSCIA1_IRQHandler                         
00000b33  EUSCIA3_IRQHandler                         
00000b33  EUSCIB0_IRQHandler                         
00000b33  EUSCIB1_IRQHandler                         
00000b33  EUSCIB2_IRQHandler                         
00000b33  EUSCIB3_IRQHandler                         
00000b33  FLCTL_IRQHandler                           
00000b33  FPU_IRQHandler                             
00000b33  HardFault_Handler                          
00000b33  MemManage_Handler                          
00000b33  NMI_Handler                                
00000b33  PCM_IRQHandler                             
00000b33  PORT4_IRQHandler                           
00000b33  PORT5_IRQHandler                           
00000b33  PORT6_IRQHandler                           
00000b33  PSS_IRQHandler                             
00000b33  PendSV_Handler                             
00000b33  RTC_C_IRQHandler                           
00000b33  SVC_Handler                                
00000b33  SysTick_Handler                            
00000b33  T32_INT1_IRQHandler                        
00000b33  T32_INT2_IRQHandler                        
00000b33  T32_INTC_IRQHandler                        
00000b33  TA0_0_IRQHandler                           
00000b33  TA0_N_IRQHandler                           
00000b33  TA1_0_IRQHandler                           
00000b33  TA1_N_IRQHandler                           
00000b33  TA2_0_IRQHandler                           
00000b33  TA2_N_IRQHandler                           
00000b33  TA3_0_IRQHandler                           
00000b33  TA3_N_IRQHandler                           
00000b33  UsageFault_Handler                         
00000b33  WDT_A_IRQHandler                           
00000f75  __aeabi_dsub                               
00000f7f  __aeabi_dadd                               
0000112b  _nop                                       
00001271  main                                       
000014ed  __aeabi_ddiv                               
00001623  __aeabi_idiv0                              
00001623  __aeabi_ldiv0                              
00001749  UART_initModule                            
00001865  fputs                                      
00001979  ldexp                                      
00001979  ldexpl                                     
00001979  scalbn                                     
00001979  scalbnl                                    
00001a89  aligned_alloc                              
00001a89  memalign                                   
00001b89  __aeabi_dmul                               
00001c85  free                                       
00001d69  setvbuf                                    
00001ef9  EUSCIA2_IRQHandler                         
00001ef9  EUSCIA2_IRQHandler                         
00001f95  __aeabi_memcpy                             
00001f95  __aeabi_memcpy4                            
00001f95  __aeabi_memcpy8                            
00001f95  memcpy                                     
00002031  __aeabi_uldivmod                           
000020c9  fputc                                      
000020c9  putc                                       
00002155  GPIO_setAsPeripheralModuleFunctionInputPin 
000021dd  GPIO_setAsPeripheralModuleFunctionOutputPin
00002265  __aeabi_cdcmpeq                            
00002265  __aeabi_cdcmple                            
000022eb  __aeabi_cdrcmple                           
00002371  Interrupt_enableInterrupt                  
000023f1  __aeabi_memclr                             
000023f1  __aeabi_memclr4                            
000023f1  __aeabi_memclr8                            
000023f3  __aeabi_memset                             
000023f3  __aeabi_memset4                            
000023f3  __aeabi_memset8                            
000023f9  memset                                     
0000246d  SystemInit                                 
000024e5  Timer_A_generatePWM                        
00002559  __TI_closefile                             
000026ad  HOSTrename                                 
00002719  HOSTlseek                                  
00002781  __TI_decompress_lzss                       
000027e9  printf                                     
00002851  frexp                                      
00002851  frexpl                                     
000028b5  fseek                                      
00002919  __TI_wrt_ok                                
0000297d  HOSTopen                                   
000029dd  PORT1_IRQHandler                           
000029dd  PORT1_IRQHandler                           
00002a3d  PORT2_IRQHandler                           
00002a3d  PORT2_IRQHandler                           
00002a99  PORT3_IRQHandler                           
00002a99  PORT3_IRQHandler                           
00002af5  close                                      
00002b51  GPIO_setAsInputPinWithPullUpResistor       
00002ba9  HOSTread                                   
00002c01  HOSTwrite                                  
00002caf  __TI_ltoa                                  
00002d55  __TI_doflush                               
00002da1  atoi                                       
00002ded  exit                                       
00002e35  __aeabi_d2iz                               
00002e7d  HOSTclose                                  
00002ec1  HOSTunlink                                 
00002f05  __TI_auto_init_nobinit_nopinit             
00002f49  getdevice                                  
00002f8d  GPIO_setAsOutputPin                        
0000300b  delayMs                                    
00003049  __TI_writemsg                              
00003077  C$$IO$$                                    
00003081  strncpy                                    
000030b9  CS_setDCOCenteredFrequency                 
000030ed  __TI_cleanup                               
00003121  __TI_readmsg                               
00003155  _c_int00_noargs                            
00003189  UART_enableInterrupt                       
000031b9  UART_receiveData                           
000031e9  finddevice                                 
00003219  __aeabi_i2d                                
00003249  remove                                     
00003249  unlink                                     
00003275  GPIO_clearInterruptFlag                    
0000329d  GPIO_enableInterrupt                       
000032c5  GPIO_setOutputHighOnPin                    
000032ed  GPIO_setOutputLowOnPin                     
0000333d  lseek                                      
00003365  write                                      
0000338d  GPIO_getInterruptStatus                    
000033b1  moveBackward                               
000033d5  moveForward                                
000033f9  moveLeft                                   
0000341d  moveRight                                  
00003441  stop                                       
00003465  memchr                                     
00003485  __TI_zero_init_nomemset                    
000034bd  memccpy                                    
000034d9  copysign                                   
000034d9  copysignl                                  
000034f3  strcmp                                     
0000350b  UART_enableModule                          
00003521  strchr                                     
00003537  stopLeftWheel                              
0000354b  stopRightWheel                             
0000355f  strcpy                                     
00003573  strlen                                     
00003587  wcslen                                     
00003599  Interrupt_enableMaster                     
000035a9  __TI_decompress_none                       
000035b7  CPU_cpsie                                  
000035c3  Reset_Handler                              
000035d1  __aeabi_errno_addr                         
000035d9  malloc                                     
000035e9  _system_pre_init                           
000035ed  C$$EXIT                                    
000035ed  abort                                      
000035f0  _ctypes_                                   
00003724  bluetooth                                  
000037d8  __TI_Handler_Table_Base                    
000037e4  __TI_Handler_Table_Limit                   
000037f0  __TI_CINIT_Base                            
00003800  __TI_CINIT_Limit                           
20000000  __start___llvm_prf_cnts                    
20000000  __stop___llvm_prf_cnts                     
20000000  _sys_memory                                
20000800  _ftable                                    
200008f0  _device                                    
20000968  _stream                                    
200009b8  leftWheel                                  
200009d0  rightWheel                                 
200009e8  __TI_ft_end                                
200009ec  __aeabi_stdin                              
200009f0  __aeabi_stdout                             
200009f4  __aeabi_stderr                             
200009f8  __TI_cleanup_ptr                           
200009fc  __TI_dtors_ptr                             
20000a00  __TI_enable_exit_profile_output            
20000a04  _lock                                      
20000a08  _unlock                                    
20000a1c  errno                                      
20000a20  __CIOBUF_                                  
20000b40  __TI_tmpnams                               
20000be0  parmbuf                                    
2000fe00  __stack                                    
20010000  __STACK_END                                
4000480c  WDTCTL_SYM                                 
ffffffff  __TI_pprof_out_hndl                        
ffffffff  __TI_prof_data_size                        
ffffffff  __TI_prof_data_start                       
ffffffff  __binit__                                  
ffffffff  __c_args__                                 
ffffffff  binit                                      
UNDEFED   __mpu_init                                 
UNDEFED   _system_post_cinit                         

[210 symbols]
