<?xml version="1.0" encoding="ISO-8859-1" ?>
<link_info>
   <banner>TI ARM Linker PC v20.2.5.LTS</banner>
   <copyright>Copyright (c) 1996-2018 Texas Instruments Incorporated</copyright>
   <link_time>0x61ad8caa</link_time>
   <link_errors>0x0</link_errors>
   <output_file>MSP432 Robotic Car Version 1.0.out</output_file>
   <entry_point>
      <name>_c_int00_noargs</name>
      <address>0x3605</address>
   </entry_point>
   <input_file_list>
      <input_file id="fl-2">
         <path>.\</path>
         <kind>object</kind>
         <file>main.obj</file>
         <name>main.obj</name>
      </input_file>
      <input_file id="fl-3">
         <path>.\</path>
         <kind>object</kind>
         <file>system_msp432p401r.obj</file>
         <name>system_msp432p401r.obj</name>
      </input_file>
      <input_file id="fl-4">
         <path>.\ccs\</path>
         <kind>object</kind>
         <file>startup_msp432p401r_ccs.obj</file>
         <name>startup_msp432p401r_ccs.obj</name>
      </input_file>
      <input_file id="fl-e">
         <kind>object</kind>
         <file>&lt;internal&gt;</file>
         <name>&lt;internal&gt;</name>
      </input_file>
      <input_file id="fl-f">
         <path>C:\ti\simplelink_msp432p4_sdk_3_40_01_02\source\ti\devices\msp432p4xx\driverlib\ccs\</path>
         <kind>archive</kind>
         <file>msp432p4xx_driverlib.lib</file>
         <name>cs.o</name>
      </input_file>
      <input_file id="fl-10">
         <path>C:\ti\simplelink_msp432p4_sdk_3_40_01_02\source\ti\devices\msp432p4xx\driverlib\ccs\</path>
         <kind>archive</kind>
         <file>msp432p4xx_driverlib.lib</file>
         <name>gpio.o</name>
      </input_file>
      <input_file id="fl-11">
         <path>C:\ti\simplelink_msp432p4_sdk_3_40_01_02\source\ti\devices\msp432p4xx\driverlib\ccs\</path>
         <kind>archive</kind>
         <file>msp432p4xx_driverlib.lib</file>
         <name>interrupt.o</name>
      </input_file>
      <input_file id="fl-12">
         <path>C:\ti\simplelink_msp432p4_sdk_3_40_01_02\source\ti\devices\msp432p4xx\driverlib\ccs\</path>
         <kind>archive</kind>
         <file>msp432p4xx_driverlib.lib</file>
         <name>sysctl_a.o</name>
      </input_file>
      <input_file id="fl-13">
         <path>C:\ti\simplelink_msp432p4_sdk_3_40_01_02\source\ti\devices\msp432p4xx\driverlib\ccs\</path>
         <kind>archive</kind>
         <file>msp432p4xx_driverlib.lib</file>
         <name>timer_a.o</name>
      </input_file>
      <input_file id="fl-14">
         <path>C:\ti\simplelink_msp432p4_sdk_3_40_01_02\source\ti\devices\msp432p4xx\driverlib\ccs\</path>
         <kind>archive</kind>
         <file>msp432p4xx_driverlib.lib</file>
         <name>uart.o</name>
      </input_file>
      <input_file id="fl-15">
         <path>C:\ti\simplelink_msp432p4_sdk_3_40_01_02\source\ti\devices\msp432p4xx\driverlib\ccs\</path>
         <kind>archive</kind>
         <file>msp432p4xx_driverlib.lib</file>
         <name>cpu.o</name>
      </input_file>
      <input_file id="fl-cb">
         <path>C:\ti\ccs1040\ccs\tools\compiler\ti-cgt-arm_20.2.5.LTS\lib\</path>
         <kind>archive</kind>
         <file>rtsv7M4_T_le_v4SPD16_eabi.lib</file>
         <name>printf.c.obj</name>
      </input_file>
      <input_file id="fl-cc">
         <path>C:\ti\ccs1040\ccs\tools\compiler\ti-cgt-arm_20.2.5.LTS\lib\</path>
         <kind>archive</kind>
         <file>rtsv7M4_T_le_v4SPD16_eabi.lib</file>
         <name>_printfi.c.obj</name>
      </input_file>
      <input_file id="fl-cd">
         <path>C:\ti\ccs1040\ccs\tools\compiler\ti-cgt-arm_20.2.5.LTS\lib\</path>
         <kind>archive</kind>
         <file>rtsv7M4_T_le_v4SPD16_eabi.lib</file>
         <name>fputc.c.obj</name>
      </input_file>
      <input_file id="fl-ce">
         <path>C:\ti\ccs1040\ccs\tools\compiler\ti-cgt-arm_20.2.5.LTS\lib\</path>
         <kind>archive</kind>
         <file>rtsv7M4_T_le_v4SPD16_eabi.lib</file>
         <name>fputs.c.obj</name>
      </input_file>
      <input_file id="fl-cf">
         <path>C:\ti\ccs1040\ccs\tools\compiler\ti-cgt-arm_20.2.5.LTS\lib\</path>
         <kind>archive</kind>
         <file>rtsv7M4_T_le_v4SPD16_eabi.lib</file>
         <name>_io_perm.c.obj</name>
      </input_file>
      <input_file id="fl-d0">
         <path>C:\ti\ccs1040\ccs\tools\compiler\ti-cgt-arm_20.2.5.LTS\lib\</path>
         <kind>archive</kind>
         <file>rtsv7M4_T_le_v4SPD16_eabi.lib</file>
         <name>setvbuf.c.obj</name>
      </input_file>
      <input_file id="fl-d1">
         <path>C:\ti\ccs1040\ccs\tools\compiler\ti-cgt-arm_20.2.5.LTS\lib\</path>
         <kind>archive</kind>
         <file>rtsv7M4_T_le_v4SPD16_eabi.lib</file>
         <name>s_frexp.c.obj</name>
      </input_file>
      <input_file id="fl-d2">
         <path>C:\ti\ccs1040\ccs\tools\compiler\ti-cgt-arm_20.2.5.LTS\lib\</path>
         <kind>archive</kind>
         <file>rtsv7M4_T_le_v4SPD16_eabi.lib</file>
         <name>s_scalbn.c.obj</name>
      </input_file>
      <input_file id="fl-d3">
         <path>C:\ti\ccs1040\ccs\tools\compiler\ti-cgt-arm_20.2.5.LTS\lib\</path>
         <kind>archive</kind>
         <file>rtsv7M4_T_le_v4SPD16_eabi.lib</file>
         <name>wcslen.c.obj</name>
      </input_file>
      <input_file id="fl-d4">
         <path>C:\ti\ccs1040\ccs\tools\compiler\ti-cgt-arm_20.2.5.LTS\lib\</path>
         <kind>archive</kind>
         <file>rtsv7M4_T_le_v4SPD16_eabi.lib</file>
         <name>fd_add_t2.asm.obj</name>
      </input_file>
      <input_file id="fl-d5">
         <path>C:\ti\ccs1040\ccs\tools\compiler\ti-cgt-arm_20.2.5.LTS\lib\</path>
         <kind>archive</kind>
         <file>rtsv7M4_T_le_v4SPD16_eabi.lib</file>
         <name>fd_cmp_t2.asm.obj</name>
      </input_file>
      <input_file id="fl-d6">
         <path>C:\ti\ccs1040\ccs\tools\compiler\ti-cgt-arm_20.2.5.LTS\lib\</path>
         <kind>archive</kind>
         <file>rtsv7M4_T_le_v4SPD16_eabi.lib</file>
         <name>fd_div_t2.asm.obj</name>
      </input_file>
      <input_file id="fl-d7">
         <path>C:\ti\ccs1040\ccs\tools\compiler\ti-cgt-arm_20.2.5.LTS\lib\</path>
         <kind>archive</kind>
         <file>rtsv7M4_T_le_v4SPD16_eabi.lib</file>
         <name>fd_mul_t2.asm.obj</name>
      </input_file>
      <input_file id="fl-d8">
         <path>C:\ti\ccs1040\ccs\tools\compiler\ti-cgt-arm_20.2.5.LTS\lib\</path>
         <kind>archive</kind>
         <file>rtsv7M4_T_le_v4SPD16_eabi.lib</file>
         <name>fd_toi_t2.asm.obj</name>
      </input_file>
      <input_file id="fl-d9">
         <path>C:\ti\ccs1040\ccs\tools\compiler\ti-cgt-arm_20.2.5.LTS\lib\</path>
         <kind>archive</kind>
         <file>rtsv7M4_T_le_v4SPD16_eabi.lib</file>
         <name>i_tofd_t2.asm.obj</name>
      </input_file>
      <input_file id="fl-da">
         <path>C:\ti\ccs1040\ccs\tools\compiler\ti-cgt-arm_20.2.5.LTS\lib\</path>
         <kind>archive</kind>
         <file>rtsv7M4_T_le_v4SPD16_eabi.lib</file>
         <name>memcpy_t2.asm.obj</name>
      </input_file>
      <input_file id="fl-db">
         <path>C:\ti\ccs1040\ccs\tools\compiler\ti-cgt-arm_20.2.5.LTS\lib\</path>
         <kind>archive</kind>
         <file>rtsv7M4_T_le_v4SPD16_eabi.lib</file>
         <name>ull_div_t2.asm.obj</name>
      </input_file>
      <input_file id="fl-dc">
         <path>C:\ti\ccs1040\ccs\tools\compiler\ti-cgt-arm_20.2.5.LTS\lib\</path>
         <kind>archive</kind>
         <file>rtsv7M4_T_le_v4SPD16_eabi.lib</file>
         <name>memset_t2.asm.obj</name>
      </input_file>
      <input_file id="fl-dd">
         <path>C:\ti\ccs1040\ccs\tools\compiler\ti-cgt-arm_20.2.5.LTS\lib\</path>
         <kind>archive</kind>
         <file>rtsv7M4_T_le_v4SPD16_eabi.lib</file>
         <name>copy_zero_init.c.obj</name>
      </input_file>
      <input_file id="fl-de">
         <path>C:\ti\ccs1040\ccs\tools\compiler\ti-cgt-arm_20.2.5.LTS\lib\</path>
         <kind>archive</kind>
         <file>rtsv7M4_T_le_v4SPD16_eabi.lib</file>
         <name>copy_decompress_none.c.obj</name>
      </input_file>
      <input_file id="fl-df">
         <path>C:\ti\ccs1040\ccs\tools\compiler\ti-cgt-arm_20.2.5.LTS\lib\</path>
         <kind>archive</kind>
         <file>rtsv7M4_T_le_v4SPD16_eabi.lib</file>
         <name>copy_decompress_lzss.c.obj</name>
      </input_file>
      <input_file id="fl-e0">
         <path>C:\ti\ccs1040\ccs\tools\compiler\ti-cgt-arm_20.2.5.LTS\lib\</path>
         <kind>archive</kind>
         <file>rtsv7M4_T_le_v4SPD16_eabi.lib</file>
         <name>exit.c.obj</name>
      </input_file>
      <input_file id="fl-e1">
         <path>C:\ti\ccs1040\ccs\tools\compiler\ti-cgt-arm_20.2.5.LTS\lib\</path>
         <kind>archive</kind>
         <file>rtsv7M4_T_le_v4SPD16_eabi.lib</file>
         <name>_lock.c.obj</name>
      </input_file>
      <input_file id="fl-e2">
         <path>C:\ti\ccs1040\ccs\tools\compiler\ti-cgt-arm_20.2.5.LTS\lib\</path>
         <kind>archive</kind>
         <file>rtsv7M4_T_le_v4SPD16_eabi.lib</file>
         <name>_ltoa.c.obj</name>
      </input_file>
      <input_file id="fl-e3">
         <path>C:\ti\ccs1040\ccs\tools\compiler\ti-cgt-arm_20.2.5.LTS\lib\</path>
         <kind>archive</kind>
         <file>rtsv7M4_T_le_v4SPD16_eabi.lib</file>
         <name>atoi.c.obj</name>
      </input_file>
      <input_file id="fl-e4">
         <path>C:\ti\ccs1040\ccs\tools\compiler\ti-cgt-arm_20.2.5.LTS\lib\</path>
         <kind>archive</kind>
         <file>rtsv7M4_T_le_v4SPD16_eabi.lib</file>
         <name>ctype.c.obj</name>
      </input_file>
      <input_file id="fl-e5">
         <path>C:\ti\ccs1040\ccs\tools\compiler\ti-cgt-arm_20.2.5.LTS\lib\</path>
         <kind>archive</kind>
         <file>rtsv7M4_T_le_v4SPD16_eabi.lib</file>
         <name>defs.c.obj</name>
      </input_file>
      <input_file id="fl-e6">
         <path>C:\ti\ccs1040\ccs\tools\compiler\ti-cgt-arm_20.2.5.LTS\lib\</path>
         <kind>archive</kind>
         <file>rtsv7M4_T_le_v4SPD16_eabi.lib</file>
         <name>memccpy.c.obj</name>
      </input_file>
      <input_file id="fl-e7">
         <path>C:\ti\ccs1040\ccs\tools\compiler\ti-cgt-arm_20.2.5.LTS\lib\</path>
         <kind>archive</kind>
         <file>rtsv7M4_T_le_v4SPD16_eabi.lib</file>
         <name>memchr.c.obj</name>
      </input_file>
      <input_file id="fl-e8">
         <path>C:\ti\ccs1040\ccs\tools\compiler\ti-cgt-arm_20.2.5.LTS\lib\</path>
         <kind>archive</kind>
         <file>rtsv7M4_T_le_v4SPD16_eabi.lib</file>
         <name>memory.c.obj</name>
      </input_file>
      <input_file id="fl-e9">
         <path>C:\ti\ccs1040\ccs\tools\compiler\ti-cgt-arm_20.2.5.LTS\lib\</path>
         <kind>archive</kind>
         <file>rtsv7M4_T_le_v4SPD16_eabi.lib</file>
         <name>strchr.c.obj</name>
      </input_file>
      <input_file id="fl-ea">
         <path>C:\ti\ccs1040\ccs\tools\compiler\ti-cgt-arm_20.2.5.LTS\lib\</path>
         <kind>archive</kind>
         <file>rtsv7M4_T_le_v4SPD16_eabi.lib</file>
         <name>strlen.c.obj</name>
      </input_file>
      <input_file id="fl-eb">
         <path>C:\ti\ccs1040\ccs\tools\compiler\ti-cgt-arm_20.2.5.LTS\lib\</path>
         <kind>archive</kind>
         <file>rtsv7M4_T_le_v4SPD16_eabi.lib</file>
         <name>errno.c.obj</name>
      </input_file>
      <input_file id="fl-ec">
         <path>C:\ti\ccs1040\ccs\tools\compiler\ti-cgt-arm_20.2.5.LTS\lib\</path>
         <kind>archive</kind>
         <file>rtsv7M4_T_le_v4SPD16_eabi.lib</file>
         <name>boot_cortex_m.c.obj</name>
      </input_file>
      <input_file id="fl-ed">
         <path>C:\ti\ccs1040\ccs\tools\compiler\ti-cgt-arm_20.2.5.LTS\lib\</path>
         <kind>archive</kind>
         <file>rtsv7M4_T_le_v4SPD16_eabi.lib</file>
         <name>write.c.obj</name>
      </input_file>
      <input_file id="fl-ee">
         <path>C:\ti\ccs1040\ccs\tools\compiler\ti-cgt-arm_20.2.5.LTS\lib\</path>
         <kind>archive</kind>
         <file>rtsv7M4_T_le_v4SPD16_eabi.lib</file>
         <name>host_device.c.obj</name>
      </input_file>
      <input_file id="fl-ef">
         <path>C:\ti\ccs1040\ccs\tools\compiler\ti-cgt-arm_20.2.5.LTS\lib\</path>
         <kind>archive</kind>
         <file>rtsv7M4_T_le_v4SPD16_eabi.lib</file>
         <name>fflush.c.obj</name>
      </input_file>
      <input_file id="fl-f0">
         <path>C:\ti\ccs1040\ccs\tools\compiler\ti-cgt-arm_20.2.5.LTS\lib\</path>
         <kind>archive</kind>
         <file>rtsv7M4_T_le_v4SPD16_eabi.lib</file>
         <name>fopen.c.obj</name>
      </input_file>
      <input_file id="fl-f1">
         <path>C:\ti\ccs1040\ccs\tools\compiler\ti-cgt-arm_20.2.5.LTS\lib\</path>
         <kind>archive</kind>
         <file>rtsv7M4_T_le_v4SPD16_eabi.lib</file>
         <name>fseek.c.obj</name>
      </input_file>
      <input_file id="fl-f2">
         <path>C:\ti\ccs1040\ccs\tools\compiler\ti-cgt-arm_20.2.5.LTS\lib\</path>
         <kind>archive</kind>
         <file>rtsv7M4_T_le_v4SPD16_eabi.lib</file>
         <name>s_copysign.c.obj</name>
      </input_file>
      <input_file id="fl-f3">
         <path>C:\ti\ccs1040\ccs\tools\compiler\ti-cgt-arm_20.2.5.LTS\lib\</path>
         <kind>archive</kind>
         <file>rtsv7M4_T_le_v4SPD16_eabi.lib</file>
         <name>div0.asm.obj</name>
      </input_file>
      <input_file id="fl-f4">
         <path>C:\ti\ccs1040\ccs\tools\compiler\ti-cgt-arm_20.2.5.LTS\lib\</path>
         <kind>archive</kind>
         <file>rtsv7M4_T_le_v4SPD16_eabi.lib</file>
         <name>autoinit.c.obj</name>
      </input_file>
      <input_file id="fl-f5">
         <path>C:\ti\ccs1040\ccs\tools\compiler\ti-cgt-arm_20.2.5.LTS\lib\</path>
         <kind>archive</kind>
         <file>rtsv7M4_T_le_v4SPD16_eabi.lib</file>
         <name>pre_init.c.obj</name>
      </input_file>
      <input_file id="fl-f6">
         <path>C:\ti\ccs1040\ccs\tools\compiler\ti-cgt-arm_20.2.5.LTS\lib\</path>
         <kind>archive</kind>
         <file>rtsv7M4_T_le_v4SPD16_eabi.lib</file>
         <name>cpy_tbl.c.obj</name>
      </input_file>
      <input_file id="fl-f7">
         <path>C:\ti\ccs1040\ccs\tools\compiler\ti-cgt-arm_20.2.5.LTS\lib\</path>
         <kind>archive</kind>
         <file>rtsv7M4_T_le_v4SPD16_eabi.lib</file>
         <name>args_main.c.obj</name>
      </input_file>
      <input_file id="fl-f8">
         <path>C:\ti\ccs1040\ccs\tools\compiler\ti-cgt-arm_20.2.5.LTS\lib\</path>
         <kind>archive</kind>
         <file>rtsv7M4_T_le_v4SPD16_eabi.lib</file>
         <name>hostclose.c.obj</name>
      </input_file>
      <input_file id="fl-f9">
         <path>C:\ti\ccs1040\ccs\tools\compiler\ti-cgt-arm_20.2.5.LTS\lib\</path>
         <kind>archive</kind>
         <file>rtsv7M4_T_le_v4SPD16_eabi.lib</file>
         <name>hostlseek.c.obj</name>
      </input_file>
      <input_file id="fl-fa">
         <path>C:\ti\ccs1040\ccs\tools\compiler\ti-cgt-arm_20.2.5.LTS\lib\</path>
         <kind>archive</kind>
         <file>rtsv7M4_T_le_v4SPD16_eabi.lib</file>
         <name>hostopen.c.obj</name>
      </input_file>
      <input_file id="fl-fb">
         <path>C:\ti\ccs1040\ccs\tools\compiler\ti-cgt-arm_20.2.5.LTS\lib\</path>
         <kind>archive</kind>
         <file>rtsv7M4_T_le_v4SPD16_eabi.lib</file>
         <name>hostread.c.obj</name>
      </input_file>
      <input_file id="fl-fc">
         <path>C:\ti\ccs1040\ccs\tools\compiler\ti-cgt-arm_20.2.5.LTS\lib\</path>
         <kind>archive</kind>
         <file>rtsv7M4_T_le_v4SPD16_eabi.lib</file>
         <name>hostrename.c.obj</name>
      </input_file>
      <input_file id="fl-fd">
         <path>C:\ti\ccs1040\ccs\tools\compiler\ti-cgt-arm_20.2.5.LTS\lib\</path>
         <kind>archive</kind>
         <file>rtsv7M4_T_le_v4SPD16_eabi.lib</file>
         <name>hostunlink.c.obj</name>
      </input_file>
      <input_file id="fl-fe">
         <path>C:\ti\ccs1040\ccs\tools\compiler\ti-cgt-arm_20.2.5.LTS\lib\</path>
         <kind>archive</kind>
         <file>rtsv7M4_T_le_v4SPD16_eabi.lib</file>
         <name>hostwrite.c.obj</name>
      </input_file>
      <input_file id="fl-ff">
         <path>C:\ti\ccs1040\ccs\tools\compiler\ti-cgt-arm_20.2.5.LTS\lib\</path>
         <kind>archive</kind>
         <file>rtsv7M4_T_le_v4SPD16_eabi.lib</file>
         <name>trgmsg.c.obj</name>
      </input_file>
      <input_file id="fl-100">
         <path>C:\ti\ccs1040\ccs\tools\compiler\ti-cgt-arm_20.2.5.LTS\lib\</path>
         <kind>archive</kind>
         <file>rtsv7M4_T_le_v4SPD16_eabi.lib</file>
         <name>open.c.obj</name>
      </input_file>
      <input_file id="fl-101">
         <path>C:\ti\ccs1040\ccs\tools\compiler\ti-cgt-arm_20.2.5.LTS\lib\</path>
         <kind>archive</kind>
         <file>rtsv7M4_T_le_v4SPD16_eabi.lib</file>
         <name>lseek.c.obj</name>
      </input_file>
      <input_file id="fl-102">
         <path>C:\ti\ccs1040\ccs\tools\compiler\ti-cgt-arm_20.2.5.LTS\lib\</path>
         <kind>archive</kind>
         <file>rtsv7M4_T_le_v4SPD16_eabi.lib</file>
         <name>fclose.c.obj</name>
      </input_file>
      <input_file id="fl-103">
         <path>C:\ti\ccs1040\ccs\tools\compiler\ti-cgt-arm_20.2.5.LTS\lib\</path>
         <kind>archive</kind>
         <file>rtsv7M4_T_le_v4SPD16_eabi.lib</file>
         <name>getdevice.c.obj</name>
      </input_file>
      <input_file id="fl-104">
         <path>C:\ti\ccs1040\ccs\tools\compiler\ti-cgt-arm_20.2.5.LTS\lib\</path>
         <kind>archive</kind>
         <file>rtsv7M4_T_le_v4SPD16_eabi.lib</file>
         <name>strcmp.c.obj</name>
      </input_file>
      <input_file id="fl-105">
         <path>C:\ti\ccs1040\ccs\tools\compiler\ti-cgt-arm_20.2.5.LTS\lib\</path>
         <kind>archive</kind>
         <file>rtsv7M4_T_le_v4SPD16_eabi.lib</file>
         <name>strcpy.c.obj</name>
      </input_file>
      <input_file id="fl-106">
         <path>C:\ti\ccs1040\ccs\tools\compiler\ti-cgt-arm_20.2.5.LTS\lib\</path>
         <kind>archive</kind>
         <file>rtsv7M4_T_le_v4SPD16_eabi.lib</file>
         <name>strncpy.c.obj</name>
      </input_file>
      <input_file id="fl-107">
         <path>C:\ti\ccs1040\ccs\tools\compiler\ti-cgt-arm_20.2.5.LTS\lib\</path>
         <kind>archive</kind>
         <file>rtsv7M4_T_le_v4SPD16_eabi.lib</file>
         <name>remove.c.obj</name>
      </input_file>
      <input_file id="fl-108">
         <path>C:\ti\ccs1040\ccs\tools\compiler\ti-cgt-arm_20.2.5.LTS\lib\</path>
         <kind>archive</kind>
         <file>rtsv7M4_T_le_v4SPD16_eabi.lib</file>
         <name>close.c.obj</name>
      </input_file>
      <input_file id="fl-109">
         <path>C:\ti\ccs1040\ccs\tools\compiler\ti-cgt-arm_20.2.5.LTS\lib\</path>
         <kind>archive</kind>
         <file>rtsv7M4_T_le_v4SPD16_eabi.lib</file>
         <name>unlink.c.obj</name>
      </input_file>
   </input_file_list>
   <object_component_list>
      <object_component id="oc-26">
         <name>.intvecs:retain</name>
         <load_address>0x0</load_address>
         <run_address>0x0</run_address>
         <size>0xe4</size>
         <input_file_ref idref="fl-4"/>
      </object_component>
      <object_component id="oc-223">
         <name>.text:__TI_printfi</name>
         <load_address>0xe4</load_address>
         <run_address>0xe4</run_address>
         <size>0xa4e</size>
         <input_file_ref idref="fl-cc"/>
      </object_component>
      <object_component id="oc-70">
         <name>.text:Default_Handler</name>
         <load_address>0xb32</load_address>
         <run_address>0xb32</run_address>
         <size>0x2</size>
         <input_file_ref idref="fl-4"/>
      </object_component>
      <object_component id="oc-2d9">
         <name>.text:_pconv_a</name>
         <load_address>0xb34</load_address>
         <run_address>0xb34</run_address>
         <size>0x270</size>
         <input_file_ref idref="fl-cc"/>
      </object_component>
      <object_component id="oc-13c">
         <name>.text:CarPID</name>
         <load_address>0xda4</load_address>
         <run_address>0xda4</run_address>
         <size>0x1e0</size>
         <input_file_ref idref="fl-2"/>
      </object_component>
      <object_component id="oc-2c7">
         <name>.text:_pconv_g</name>
         <load_address>0xf84</load_address>
         <run_address>0xf84</run_address>
         <size>0x1d0</size>
         <input_file_ref idref="fl-cc"/>
      </object_component>
      <object_component id="oc-38b">
         <name>.text</name>
         <load_address>0x1154</load_address>
         <run_address>0x1154</run_address>
         <size>0x1b6</size>
         <input_file_ref idref="fl-d4"/>
      </object_component>
      <object_component id="oc-2fd">
         <name>.text:_nop</name>
         <load_address>0x130a</load_address>
         <run_address>0x130a</run_address>
         <size>0x2</size>
         <input_file_ref idref="fl-e1"/>
      </object_component>
      <object_component id="oc-b8">
         <name>.text:main</name>
         <load_address>0x130c</load_address>
         <run_address>0x130c</run_address>
         <size>0x19c</size>
         <input_file_ref idref="fl-2"/>
      </object_component>
      <object_component id="oc-250">
         <name>.text:privateTimer_AProcessClockSourceDivider</name>
         <load_address>0x14a8</load_address>
         <run_address>0x14a8</run_address>
         <size>0x144</size>
         <input_file_ref idref="fl-13"/>
      </object_component>
      <object_component id="oc-2d3">
         <name>.text:_pconv_e</name>
         <load_address>0x15ec</load_address>
         <run_address>0x15ec</run_address>
         <size>0x13c</size>
         <input_file_ref idref="fl-cc"/>
      </object_component>
      <object_component id="oc-371">
         <name>.text</name>
         <load_address>0x1728</load_address>
         <run_address>0x1728</run_address>
         <size>0x136</size>
         <input_file_ref idref="fl-d6"/>
      </object_component>
      <object_component id="oc-41a">
         <name>.text</name>
         <load_address>0x185e</load_address>
         <run_address>0x185e</run_address>
         <size>0x2</size>
         <input_file_ref idref="fl-f3"/>
      </object_component>
      <object_component id="oc-7c">
         <name>.text:PORT1_IRQHandler</name>
         <load_address>0x1860</load_address>
         <run_address>0x1860</run_address>
         <size>0x134</size>
         <input_file_ref idref="fl-2"/>
      </object_component>
      <object_component id="oc-39d">
         <name>.text:fcvt</name>
         <load_address>0x1994</load_address>
         <run_address>0x1994</run_address>
         <size>0x124</size>
         <input_file_ref idref="fl-cc"/>
      </object_component>
      <object_component id="oc-18a">
         <name>.text:UART_initModule</name>
         <load_address>0x1ab8</load_address>
         <run_address>0x1ab8</run_address>
         <size>0x11c</size>
         <input_file_ref idref="fl-14"/>
      </object_component>
      <object_component id="oc-30b">
         <name>.text:fputs</name>
         <load_address>0x1bd4</load_address>
         <run_address>0x1bd4</run_address>
         <size>0x114</size>
         <input_file_ref idref="fl-ce"/>
      </object_component>
      <object_component id="oc-3b1">
         <name>.text:scalbn</name>
         <load_address>0x1ce8</load_address>
         <run_address>0x1ce8</run_address>
         <size>0x110</size>
         <input_file_ref idref="fl-d2"/>
      </object_component>
      <object_component id="oc-4c5">
         <name>.text:aligned_alloc</name>
         <load_address>0x1df8</load_address>
         <run_address>0x1df8</run_address>
         <size>0x100</size>
         <input_file_ref idref="fl-e8"/>
      </object_component>
      <object_component id="oc-36c">
         <name>.text</name>
         <load_address>0x1ef8</load_address>
         <run_address>0x1ef8</run_address>
         <size>0xfc</size>
         <input_file_ref idref="fl-d7"/>
      </object_component>
      <object_component id="oc-82">
         <name>.text:PORT2_IRQHandler</name>
         <load_address>0x1ff4</load_address>
         <run_address>0x1ff4</run_address>
         <size>0xf8</size>
         <input_file_ref idref="fl-2"/>
      </object_component>
      <object_component id="oc-483">
         <name>.text:free</name>
         <load_address>0x20ec</load_address>
         <run_address>0x20ec</run_address>
         <size>0xe4</size>
         <input_file_ref idref="fl-e8"/>
      </object_component>
      <object_component id="oc-455">
         <name>.text:setvbuf</name>
         <load_address>0x21d0</load_address>
         <run_address>0x21d0</run_address>
         <size>0xdc</size>
         <input_file_ref idref="fl-d0"/>
      </object_component>
      <object_component id="oc-76">
         <name>.text:EUSCIA2_IRQHandler</name>
         <load_address>0x22ac</load_address>
         <run_address>0x22ac</run_address>
         <size>0xd4</size>
         <input_file_ref idref="fl-2"/>
      </object_component>
      <object_component id="oc-2bc">
         <name>.text:_ltostr</name>
         <load_address>0x2380</load_address>
         <run_address>0x2380</run_address>
         <size>0xb1</size>
         <input_file_ref idref="fl-cc"/>
      </object_component>
      <object_component id="oc-3a">
         <name>.text</name>
         <load_address>0x2432</load_address>
         <run_address>0x2432</run_address>
         <size>0x9c</size>
         <input_file_ref idref="fl-da"/>
      </object_component>
      <object_component id="oc-365">
         <name>.text</name>
         <load_address>0x24ce</load_address>
         <run_address>0x24ce</run_address>
         <size>0x96</size>
         <input_file_ref idref="fl-db"/>
      </object_component>
      <object_component id="oc-312">
         <name>.text:fputc</name>
         <load_address>0x2564</load_address>
         <run_address>0x2564</run_address>
         <size>0x8c</size>
         <input_file_ref idref="fl-cd"/>
      </object_component>
      <object_component id="oc-184">
         <name>.text:GPIO_setAsPeripheralModuleFunctionInputPin</name>
         <load_address>0x25f0</load_address>
         <run_address>0x25f0</run_address>
         <size>0x88</size>
         <input_file_ref idref="fl-10"/>
      </object_component>
      <object_component id="oc-1a2">
         <name>.text:GPIO_setAsPeripheralModuleFunctionOutputPin</name>
         <load_address>0x2678</load_address>
         <run_address>0x2678</run_address>
         <size>0x88</size>
         <input_file_ref idref="fl-10"/>
      </object_component>
      <object_component id="oc-2c2">
         <name>.text:__aeabi_cdcmple</name>
         <load_address>0x2700</load_address>
         <run_address>0x2700</run_address>
         <size>0x86</size>
         <input_file_ref idref="fl-d5"/>
      </object_component>
      <object_component id="oc-376">
         <name>.text:__aeabi_cdrcmple</name>
         <load_address>0x2786</load_address>
         <run_address>0x2786</run_address>
         <size>0x86</size>
         <input_file_ref idref="fl-d5"/>
      </object_component>
      <object_component id="oc-12a">
         <name>.text:GPIO_getEnabledInterruptStatus</name>
         <load_address>0x280c</load_address>
         <run_address>0x280c</run_address>
         <size>0x84</size>
         <input_file_ref idref="fl-10"/>
      </object_component>
      <object_component id="oc-19c">
         <name>.text:Interrupt_enableInterrupt</name>
         <load_address>0x2890</load_address>
         <run_address>0x2890</run_address>
         <size>0x80</size>
         <input_file_ref idref="fl-11"/>
      </object_component>
      <object_component id="oc-ac">
         <name>.text</name>
         <load_address>0x2910</load_address>
         <run_address>0x2910</run_address>
         <size>0x7a</size>
         <input_file_ref idref="fl-dc"/>
      </object_component>
      <object_component id="oc-ca">
         <name>.text:SystemInit</name>
         <load_address>0x298c</load_address>
         <run_address>0x298c</run_address>
         <size>0x78</size>
         <input_file_ref idref="fl-3"/>
      </object_component>
      <object_component id="oc-142">
         <name>.text:Timer_A_generatePWM</name>
         <load_address>0x2a04</load_address>
         <run_address>0x2a04</run_address>
         <size>0x74</size>
         <input_file_ref idref="fl-13"/>
      </object_component>
      <object_component id="oc-4cc">
         <name>.text:__TI_closefile</name>
         <load_address>0x2a78</load_address>
         <run_address>0x2a78</run_address>
         <size>0x74</size>
         <input_file_ref idref="fl-102"/>
      </object_component>
      <object_component id="oc-50d">
         <name>.text:split</name>
         <load_address>0x2aec</load_address>
         <run_address>0x2aec</run_address>
         <size>0x70</size>
         <input_file_ref idref="fl-e8"/>
      </object_component>
      <object_component id="oc-396">
         <name>.text:_mcpy</name>
         <load_address>0x2b5c</load_address>
         <run_address>0x2b5c</run_address>
         <size>0x6e</size>
         <input_file_ref idref="fl-cc"/>
      </object_component>
      <object_component id="oc-4fc">
         <name>.text:HOSTrename</name>
         <load_address>0x2bcc</load_address>
         <run_address>0x2bcc</run_address>
         <size>0x6c</size>
         <input_file_ref idref="fl-fc"/>
      </object_component>
      <object_component id="oc-4f0">
         <name>.text:HOSTlseek</name>
         <load_address>0x2c38</load_address>
         <run_address>0x2c38</run_address>
         <size>0x68</size>
         <input_file_ref idref="fl-f9"/>
      </object_component>
      <object_component id="oc-17">
         <name>.text:decompress:lzss:__TI_decompress_lzss</name>
         <load_address>0x2ca0</load_address>
         <run_address>0x2ca0</run_address>
         <size>0x68</size>
         <input_file_ref idref="fl-df"/>
      </object_component>
      <object_component id="oc-130">
         <name>.text:printf</name>
         <load_address>0x2d08</load_address>
         <run_address>0x2d08</run_address>
         <size>0x68</size>
         <input_file_ref idref="fl-cb"/>
      </object_component>
      <object_component id="oc-88">
         <name>.text:PORT3_IRQHandler</name>
         <load_address>0x2d70</load_address>
         <run_address>0x2d70</run_address>
         <size>0x64</size>
         <input_file_ref idref="fl-2"/>
      </object_component>
      <object_component id="oc-3ab">
         <name>.text:frexp</name>
         <load_address>0x2dd4</load_address>
         <run_address>0x2dd4</run_address>
         <size>0x64</size>
         <input_file_ref idref="fl-d1"/>
      </object_component>
      <object_component id="oc-44f">
         <name>.text:fseek</name>
         <load_address>0x2e38</load_address>
         <run_address>0x2e38</run_address>
         <size>0x64</size>
         <input_file_ref idref="fl-f1"/>
      </object_component>
      <object_component id="oc-3e2">
         <name>.text:__TI_wrt_ok</name>
         <load_address>0x2e9c</load_address>
         <run_address>0x2e9c</run_address>
         <size>0x62</size>
         <input_file_ref idref="fl-cf"/>
      </object_component>
      <object_component id="oc-4d8">
         <name>.text:HOSTopen</name>
         <load_address>0x2f00</load_address>
         <run_address>0x2f00</run_address>
         <size>0x60</size>
         <input_file_ref idref="fl-fa"/>
      </object_component>
      <object_component id="oc-514">
         <name>.text:close</name>
         <load_address>0x2f60</load_address>
         <run_address>0x2f60</run_address>
         <size>0x5c</size>
         <input_file_ref idref="fl-108"/>
      </object_component>
      <object_component id="oc-1a8">
         <name>.text:GPIO_setAsInputPinWithPullUpResistor</name>
         <load_address>0x2fbc</load_address>
         <run_address>0x2fbc</run_address>
         <size>0x58</size>
         <input_file_ref idref="fl-10"/>
      </object_component>
      <object_component id="oc-4e4">
         <name>.text:HOSTread</name>
         <load_address>0x3014</load_address>
         <run_address>0x3014</run_address>
         <size>0x58</size>
         <input_file_ref idref="fl-fb"/>
      </object_component>
      <object_component id="oc-4ea">
         <name>.text:HOSTwrite</name>
         <load_address>0x306c</load_address>
         <run_address>0x306c</run_address>
         <size>0x58</size>
         <input_file_ref idref="fl-fe"/>
      </object_component>
      <object_component id="oc-2cd">
         <name>.text:_pconv_f</name>
         <load_address>0x30c4</load_address>
         <run_address>0x30c4</run_address>
         <size>0x56</size>
         <input_file_ref idref="fl-cc"/>
      </object_component>
      <object_component id="oc-380">
         <name>.text:__TI_ltoa</name>
         <load_address>0x311a</load_address>
         <run_address>0x311a</run_address>
         <size>0x54</size>
         <input_file_ref idref="fl-e2"/>
      </object_component>
      <object_component id="oc-390">
         <name>.text:_ecpy</name>
         <load_address>0x316e</load_address>
         <run_address>0x316e</run_address>
         <size>0x52</size>
         <input_file_ref idref="fl-cc"/>
      </object_component>
      <object_component id="oc-3ee">
         <name>.text:__TI_doflush</name>
         <load_address>0x31c0</load_address>
         <run_address>0x31c0</run_address>
         <size>0x4c</size>
         <input_file_ref idref="fl-ef"/>
      </object_component>
      <object_component id="oc-2b6">
         <name>.text:atoi</name>
         <load_address>0x320c</load_address>
         <run_address>0x320c</run_address>
         <size>0x4c</size>
         <input_file_ref idref="fl-e3"/>
      </object_component>
      <object_component id="oc-1c4">
         <name>.text:exit</name>
         <load_address>0x3258</load_address>
         <run_address>0x3258</run_address>
         <size>0x48</size>
         <input_file_ref idref="fl-e0"/>
      </object_component>
      <object_component id="oc-37b">
         <name>.text</name>
         <load_address>0x32a0</load_address>
         <run_address>0x32a0</run_address>
         <size>0x48</size>
         <input_file_ref idref="fl-d8"/>
      </object_component>
      <object_component id="oc-4de">
         <name>.text:HOSTclose</name>
         <load_address>0x32e8</load_address>
         <run_address>0x32e8</run_address>
         <size>0x44</size>
         <input_file_ref idref="fl-f8"/>
      </object_component>
      <object_component id="oc-4f6">
         <name>.text:HOSTunlink</name>
         <load_address>0x332c</load_address>
         <run_address>0x332c</run_address>
         <size>0x44</size>
         <input_file_ref idref="fl-fd"/>
      </object_component>
      <object_component id="oc-1ca">
         <name>.text:__TI_auto_init_nobinit_nopinit:__TI_auto_init_nobinit_nopinit</name>
         <load_address>0x3370</load_address>
         <run_address>0x3370</run_address>
         <size>0x44</size>
         <input_file_ref idref="fl-f4"/>
      </object_component>
      <object_component id="oc-243">
         <name>.text:checkOne</name>
         <load_address>0x33b4</load_address>
         <run_address>0x33b4</run_address>
         <size>0x44</size>
         <input_file_ref idref="fl-2"/>
      </object_component>
      <object_component id="oc-54c">
         <name>.text:getdevice</name>
         <load_address>0x33f8</load_address>
         <run_address>0x33f8</run_address>
         <size>0x44</size>
         <input_file_ref idref="fl-103"/>
      </object_component>
      <object_component id="oc-17e">
         <name>.text:GPIO_setAsOutputPin</name>
         <load_address>0x343c</load_address>
         <run_address>0x343c</run_address>
         <size>0x40</size>
         <input_file_ref idref="fl-10"/>
      </object_component>
      <object_component id="oc-3a3">
         <name>.text:_fcpy</name>
         <load_address>0x347c</load_address>
         <run_address>0x347c</run_address>
         <size>0x3e</size>
         <input_file_ref idref="fl-cc"/>
      </object_component>
      <object_component id="oc-f0">
         <name>.text:delayMs</name>
         <load_address>0x34ba</load_address>
         <run_address>0x34ba</run_address>
         <size>0x3c</size>
         <input_file_ref idref="fl-2"/>
      </object_component>
      <object_component id="oc-525">
         <name>.text:__TI_writemsg</name>
         <load_address>0x34f8</load_address>
         <run_address>0x34f8</run_address>
         <size>0x38</size>
         <input_file_ref idref="fl-ff"/>
      </object_component>
      <object_component id="oc-56e">
         <name>.text:strncpy</name>
         <load_address>0x3530</load_address>
         <run_address>0x3530</run_address>
         <size>0x36</size>
         <input_file_ref idref="fl-106"/>
      </object_component>
      <object_component id="oc-178">
         <name>.text:CS_setDCOCenteredFrequency</name>
         <load_address>0x3568</load_address>
         <run_address>0x3568</run_address>
         <size>0x34</size>
         <input_file_ref idref="fl-f"/>
      </object_component>
      <object_component id="oc-48f">
         <name>.text:__TI_cleanup</name>
         <load_address>0x359c</load_address>
         <run_address>0x359c</run_address>
         <size>0x34</size>
         <input_file_ref idref="fl-f0"/>
      </object_component>
      <object_component id="oc-52b">
         <name>.text:__TI_readmsg</name>
         <load_address>0x35d0</load_address>
         <run_address>0x35d0</run_address>
         <size>0x34</size>
         <input_file_ref idref="fl-ff"/>
      </object_component>
      <object_component id="oc-58">
         <name>.text:_c_int00_noargs:_c_int00_noargs</name>
         <load_address>0x3604</load_address>
         <run_address>0x3604</run_address>
         <size>0x34</size>
         <input_file_ref idref="fl-ec"/>
      </object_component>
      <object_component id="oc-196">
         <name>.text:UART_enableInterrupt</name>
         <load_address>0x3638</load_address>
         <run_address>0x3638</run_address>
         <size>0x30</size>
         <input_file_ref idref="fl-14"/>
      </object_component>
      <object_component id="oc-d2">
         <name>.text:UART_receiveData</name>
         <load_address>0x3668</load_address>
         <run_address>0x3668</run_address>
         <size>0x30</size>
         <input_file_ref idref="fl-14"/>
      </object_component>
      <object_component id="oc-574">
         <name>.text:finddevice</name>
         <load_address>0x3698</load_address>
         <run_address>0x3698</run_address>
         <size>0x30</size>
         <input_file_ref idref="fl-103"/>
      </object_component>
      <object_component id="oc-386">
         <name>.text</name>
         <load_address>0x36c8</load_address>
         <run_address>0x36c8</run_address>
         <size>0x2e</size>
         <input_file_ref idref="fl-d9"/>
      </object_component>
      <object_component id="oc-51a">
         <name>.text:unlink</name>
         <load_address>0x36f8</load_address>
         <run_address>0x36f8</run_address>
         <size>0x2c</size>
         <input_file_ref idref="fl-109"/>
      </object_component>
      <object_component id="oc-10b">
         <name>.text:GPIO_clearInterruptFlag</name>
         <load_address>0x3724</load_address>
         <run_address>0x3724</run_address>
         <size>0x28</size>
         <input_file_ref idref="fl-10"/>
      </object_component>
      <object_component id="oc-1ae">
         <name>.text:GPIO_enableInterrupt</name>
         <load_address>0x374c</load_address>
         <run_address>0x374c</run_address>
         <size>0x28</size>
         <input_file_ref idref="fl-10"/>
      </object_component>
      <object_component id="oc-111">
         <name>.text:GPIO_setOutputHighOnPin</name>
         <load_address>0x3774</load_address>
         <run_address>0x3774</run_address>
         <size>0x28</size>
         <input_file_ref idref="fl-10"/>
      </object_component>
      <object_component id="oc-117">
         <name>.text:GPIO_setOutputLowOnPin</name>
         <load_address>0x379c</load_address>
         <run_address>0x379c</run_address>
         <size>0x28</size>
         <input_file_ref idref="fl-10"/>
      </object_component>
      <object_component id="oc-4be">
         <name>.text:free_list_insert</name>
         <load_address>0x37c4</load_address>
         <run_address>0x37c4</run_address>
         <size>0x28</size>
         <input_file_ref idref="fl-e8"/>
      </object_component>
      <object_component id="oc-47b">
         <name>.text:lseek</name>
         <load_address>0x37ec</load_address>
         <run_address>0x37ec</run_address>
         <size>0x28</size>
         <input_file_ref idref="fl-101"/>
      </object_component>
      <object_component id="oc-3f4">
         <name>.text:write</name>
         <load_address>0x3814</load_address>
         <run_address>0x3814</run_address>
         <size>0x28</size>
         <input_file_ref idref="fl-ed"/>
      </object_component>
      <object_component id="oc-105">
         <name>.text:GPIO_getInterruptStatus</name>
         <load_address>0x383c</load_address>
         <run_address>0x383c</run_address>
         <size>0x24</size>
         <input_file_ref idref="fl-10"/>
      </object_component>
      <object_component id="oc-e4">
         <name>.text:moveBackward</name>
         <load_address>0x3860</load_address>
         <run_address>0x3860</run_address>
         <size>0x24</size>
         <input_file_ref idref="fl-2"/>
      </object_component>
      <object_component id="oc-d8">
         <name>.text:moveForward</name>
         <load_address>0x3884</load_address>
         <run_address>0x3884</run_address>
         <size>0x24</size>
         <input_file_ref idref="fl-2"/>
      </object_component>
      <object_component id="oc-f6">
         <name>.text:moveLeft</name>
         <load_address>0x38a8</load_address>
         <run_address>0x38a8</run_address>
         <size>0x24</size>
         <input_file_ref idref="fl-2"/>
      </object_component>
      <object_component id="oc-ea">
         <name>.text:moveRight</name>
         <load_address>0x38cc</load_address>
         <run_address>0x38cc</run_address>
         <size>0x24</size>
         <input_file_ref idref="fl-2"/>
      </object_component>
      <object_component id="oc-249">
         <name>.text:newPWM</name>
         <load_address>0x38f0</load_address>
         <run_address>0x38f0</run_address>
         <size>0x24</size>
         <input_file_ref idref="fl-2"/>
      </object_component>
      <object_component id="oc-de">
         <name>.text:stop</name>
         <load_address>0x3914</load_address>
         <run_address>0x3914</run_address>
         <size>0x24</size>
         <input_file_ref idref="fl-2"/>
      </object_component>
      <object_component id="oc-3e8">
         <name>.text:memchr</name>
         <load_address>0x3938</load_address>
         <run_address>0x3938</run_address>
         <size>0x20</size>
         <input_file_ref idref="fl-e7"/>
      </object_component>
      <object_component id="oc-46">
         <name>.text:decompress:ZI:__TI_zero_init_nomemset:__TI_zero_init_nomemset</name>
         <load_address>0x3958</load_address>
         <run_address>0x3958</run_address>
         <size>0x1c</size>
         <input_file_ref idref="fl-dd"/>
      </object_component>
      <object_component id="oc-4b8">
         <name>.text:free_list_remove</name>
         <load_address>0x3974</load_address>
         <run_address>0x3974</run_address>
         <size>0x1c</size>
         <input_file_ref idref="fl-e8"/>
      </object_component>
      <object_component id="oc-2df">
         <name>.text:memccpy</name>
         <load_address>0x3990</load_address>
         <run_address>0x3990</run_address>
         <size>0x1c</size>
         <input_file_ref idref="fl-e6"/>
      </object_component>
      <object_component id="oc-11d">
         <name>.text:set_All_LED2_Low</name>
         <load_address>0x39ac</load_address>
         <run_address>0x39ac</run_address>
         <size>0x1c</size>
         <input_file_ref idref="fl-2"/>
      </object_component>
      <object_component id="oc-433">
         <name>.text:copysign</name>
         <load_address>0x39c8</load_address>
         <run_address>0x39c8</run_address>
         <size>0x1a</size>
         <input_file_ref idref="fl-f2"/>
      </object_component>
      <object_component id="oc-58b">
         <name>.text:strcmp</name>
         <load_address>0x39e2</load_address>
         <run_address>0x39e2</run_address>
         <size>0x18</size>
         <input_file_ref idref="fl-104"/>
      </object_component>
      <object_component id="oc-190">
         <name>.text:UART_enableModule</name>
         <load_address>0x39fa</load_address>
         <run_address>0x39fa</run_address>
         <size>0x16</size>
         <input_file_ref idref="fl-14"/>
      </object_component>
      <object_component id="oc-3b7">
         <name>.text:strchr</name>
         <load_address>0x3a10</load_address>
         <run_address>0x3a10</run_address>
         <size>0x16</size>
         <input_file_ref idref="fl-e9"/>
      </object_component>
      <object_component id="oc-136">
         <name>.text:stopLeftWheel</name>
         <load_address>0x3a26</load_address>
         <run_address>0x3a26</run_address>
         <size>0x14</size>
         <input_file_ref idref="fl-2"/>
      </object_component>
      <object_component id="oc-14e">
         <name>.text:stopRightWheel</name>
         <load_address>0x3a3a</load_address>
         <run_address>0x3a3a</run_address>
         <size>0x14</size>
         <input_file_ref idref="fl-2"/>
      </object_component>
      <object_component id="oc-53f">
         <name>.text:strcpy</name>
         <load_address>0x3a4e</load_address>
         <run_address>0x3a4e</run_address>
         <size>0x14</size>
         <input_file_ref idref="fl-105"/>
      </object_component>
      <object_component id="oc-2b0">
         <name>.text:strlen</name>
         <load_address>0x3a62</load_address>
         <run_address>0x3a62</run_address>
         <size>0x14</size>
         <input_file_ref idref="fl-ea"/>
      </object_component>
      <object_component id="oc-2e5">
         <name>.text:wcslen</name>
         <load_address>0x3a76</load_address>
         <run_address>0x3a76</run_address>
         <size>0x12</size>
         <input_file_ref idref="fl-d3"/>
      </object_component>
      <object_component id="oc-1b4">
         <name>.text:Interrupt_enableMaster</name>
         <load_address>0x3a88</load_address>
         <run_address>0x3a88</run_address>
         <size>0x10</size>
         <input_file_ref idref="fl-11"/>
      </object_component>
      <object_component id="oc-1d">
         <name>.text:decompress:none:__TI_decompress_none</name>
         <load_address>0x3a98</load_address>
         <run_address>0x3a98</run_address>
         <size>0xe</size>
         <input_file_ref idref="fl-de"/>
      </object_component>
      <object_component id="oc-26c">
         <name>.text:CPU_cpsie</name>
         <load_address>0x3aa6</load_address>
         <run_address>0x3aa6</run_address>
         <size>0xc</size>
         <input_file_ref idref="fl-15"/>
      </object_component>
      <object_component id="oc-6a">
         <name>.text:Reset_Handler</name>
         <load_address>0x3ab2</load_address>
         <run_address>0x3ab2</run_address>
         <size>0xc</size>
         <input_file_ref idref="fl-4"/>
      </object_component>
      <object_component id="oc-2eb">
         <name>.text:__aeabi_errno_addr</name>
         <load_address>0x3ac0</load_address>
         <run_address>0x3ac0</run_address>
         <size>0x8</size>
         <input_file_ref idref="fl-eb"/>
      </object_component>
      <object_component id="oc-489">
         <name>.text:malloc</name>
         <load_address>0x3ac8</load_address>
         <run_address>0x3ac8</run_address>
         <size>0x8</size>
         <input_file_ref idref="fl-e8"/>
      </object_component>
      <object_component id="oc-235">
         <name>.text:_outc</name>
         <load_address>0x3ad0</load_address>
         <run_address>0x3ad0</run_address>
         <size>0x4</size>
         <input_file_ref idref="fl-cb"/>
      </object_component>
      <object_component id="oc-22f">
         <name>.text:_outs</name>
         <load_address>0x3ad4</load_address>
         <run_address>0x3ad4</run_address>
         <size>0x4</size>
         <input_file_ref idref="fl-cb"/>
      </object_component>
      <object_component id="oc-b2">
         <name>.text:_system_pre_init</name>
         <load_address>0x3ad8</load_address>
         <run_address>0x3ad8</run_address>
         <size>0x4</size>
         <input_file_ref idref="fl-f5"/>
      </object_component>
      <object_component id="oc-1be">
         <name>.text:abort:abort</name>
         <load_address>0x3adc</load_address>
         <run_address>0x3adc</run_address>
         <size>0x4</size>
         <input_file_ref idref="fl-e0"/>
      </object_component>
      <object_component id="oc-360">
         <name>.const:.string:_ctypes_</name>
         <load_address>0x3ae0</load_address>
         <run_address>0x3ae0</run_address>
         <size>0x101</size>
         <input_file_ref idref="fl-e4"/>
      </object_component>
      <object_component id="oc-20c">
         <name>.const:GPIO_PORT_TO_BASE</name>
         <load_address>0x3be4</load_address>
         <run_address>0x3be4</run_address>
         <size>0x30</size>
         <input_file_ref idref="fl-10"/>
      </object_component>
      <object_component id="oc-1ba">
         <name>.const:bluetooth</name>
         <load_address>0x3c14</load_address>
         <run_address>0x3c14</run_address>
         <size>0x28</size>
         <input_file_ref idref="fl-2"/>
      </object_component>
      <object_component id="oc-265">
         <name>.const:g_pulEnRegs</name>
         <load_address>0x3c3c</load_address>
         <run_address>0x3c3c</run_address>
         <size>0x8</size>
         <input_file_ref idref="fl-11"/>
      </object_component>
      <object_component id="oc-5cb">
         <name>.cinit..data.load</name>
         <load_address>0x3c48</load_address>
         <run_address>0x3c48</run_address>
         <size>0x84</size>
      </object_component>
      <object_component id="oc-5c9">
         <name>__TI_handler_table</name>
         <load_address>0x3ccc</load_address>
         <run_address>0x3ccc</run_address>
         <size>0xc</size>
      </object_component>
      <object_component id="oc-5cc">
         <name>.cinit..bss.load</name>
         <load_address>0x3cd8</load_address>
         <run_address>0x3cd8</run_address>
         <size>0x8</size>
      </object_component>
      <object_component id="oc-5ca">
         <name>__TI_cinit_table</name>
         <load_address>0x3ce0</load_address>
         <run_address>0x3ce0</run_address>
         <size>0x10</size>
      </object_component>
      <object_component id="oc-59d">
         <name>.binit</name>
         <load_address>0x0</load_address>
         <run_address>0x0</run_address>
         <size>0x0</size>
      </object_component>
      <object_component id="oc-fc">
         <name>.data</name>
         <load_address>0x200009b8</load_address>
         <run_address>0x200009b8</run_address>
         <size>0x34</size>
         <input_file_ref idref="fl-2"/>
      </object_component>
      <object_component id="oc-123">
         <name>.data:rightWheel</name>
         <load_address>0x20000a04</load_address>
         <run_address>0x20000a04</run_address>
         <size>0x18</size>
         <input_file_ref idref="fl-2"/>
      </object_component>
      <object_component id="oc-126">
         <name>.data:leftWheel</name>
         <load_address>0x200009ec</load_address>
         <run_address>0x200009ec</run_address>
         <size>0x18</size>
         <input_file_ref idref="fl-2"/>
      </object_component>
      <object_component id="oc-276">
         <name>.data:$O1$$</name>
         <load_address>0x20000a2c</load_address>
         <run_address>0x20000a2c</run_address>
         <size>0xc</size>
         <input_file_ref idref="fl-e0"/>
      </object_component>
      <object_component id="oc-229">
         <name>.data:$O1$$</name>
         <load_address>0x20000a38</load_address>
         <run_address>0x20000a38</run_address>
         <size>0x8</size>
         <input_file_ref idref="fl-e1"/>
      </object_component>
      <object_component id="oc-22c">
         <name>.data:_ftable</name>
         <load_address>0x20000800</load_address>
         <run_address>0x20000800</run_address>
         <size>0xf0</size>
         <input_file_ref idref="fl-e5"/>
      </object_component>
      <object_component id="oc-4d2">
         <name>.data</name>
         <load_address>0x20000a1c</load_address>
         <run_address>0x20000a1c</run_address>
         <size>0x10</size>
         <input_file_ref idref="fl-e5"/>
      </object_component>
      <object_component id="oc-508">
         <name>.data:$O1$$</name>
         <load_address>0x20000a40</load_address>
         <run_address>0x20000a40</run_address>
         <size>0x8</size>
         <input_file_ref idref="fl-e8"/>
      </object_component>
      <object_component id="oc-3c7">
         <name>.data</name>
         <load_address>0x20000a48</load_address>
         <run_address>0x20000a48</run_address>
         <size>0x4</size>
         <input_file_ref idref="fl-eb"/>
      </object_component>
      <object_component id="oc-4a2">
         <name>.data:_device</name>
         <load_address>0x200008f0</load_address>
         <run_address>0x200008f0</run_address>
         <size>0x78</size>
         <input_file_ref idref="fl-ee"/>
      </object_component>
      <object_component id="oc-461">
         <name>.data:_stream</name>
         <load_address>0x20000968</load_address>
         <run_address>0x20000968</run_address>
         <size>0x50</size>
         <input_file_ref idref="fl-ee"/>
      </object_component>
      <object_component id="oc-556">
         <name>.bss:_CIOBUF_</name>
         <uninitialized>true</uninitialized>
         <run_address>0x20000a4c</run_address>
         <size>0x120</size>
         <input_file_ref idref="fl-ff"/>
      </object_component>
      <object_component id="oc-520">
         <name>.common:__TI_tmpnams</name>
         <uninitialized>true</uninitialized>
         <run_address>0x20000b6c</run_address>
         <size>0xa0</size>
      </object_component>
      <object_component id="oc-531">
         <name>.common:parmbuf</name>
         <uninitialized>true</uninitialized>
         <run_address>0x20000c0c</run_address>
         <size>0x8</size>
      </object_component>
      <object_component id="oc-29">
         <name>.sysmem</name>
         <uninitialized>true</uninitialized>
         <run_address>0x20000000</run_address>
         <size>0x10</size>
         <input_file_ref idref="fl-e8"/>
      </object_component>
      <object_component id="oc-5cf">
         <name>.sysmem</name>
         <uninitialized>true</uninitialized>
         <run_address>0x20000000</run_address>
         <size>0x0</size>
      </object_component>
      <object_component id="oc-2c">
         <name>.stack</name>
         <uninitialized>true</uninitialized>
         <run_address>0x2000fe00</run_address>
         <size>0x4</size>
         <input_file_ref idref="fl-ec"/>
      </object_component>
      <object_component id="oc-5ce">
         <name>.stack</name>
         <uninitialized>true</uninitialized>
         <run_address>0x2000fe00</run_address>
         <size>0x0</size>
      </object_component>
      <object_component id="oc-20b">
         <name>.debug_info</name>
         <load_address>0x0</load_address>
         <run_address>0x0</run_address>
         <size>0xaa7</size>
         <input_file_ref idref="fl-2"/>
      </object_component>
      <object_component id="oc-fd">
         <name>.debug_info</name>
         <load_address>0xaa7</load_address>
         <run_address>0xaa7</run_address>
         <size>0x2a8</size>
         <input_file_ref idref="fl-2"/>
      </object_component>
      <object_component id="oc-1bb">
         <name>.debug_info</name>
         <load_address>0xd4f</load_address>
         <run_address>0xd4f</run_address>
         <size>0xe3</size>
         <input_file_ref idref="fl-2"/>
      </object_component>
      <object_component id="oc-124">
         <name>.debug_info</name>
         <load_address>0xe32</load_address>
         <run_address>0xe32</run_address>
         <size>0xe5</size>
         <input_file_ref idref="fl-2"/>
      </object_component>
      <object_component id="oc-127">
         <name>.debug_info</name>
         <load_address>0xf17</load_address>
         <run_address>0xf17</run_address>
         <size>0xe3</size>
         <input_file_ref idref="fl-2"/>
      </object_component>
      <object_component id="oc-da">
         <name>.debug_info</name>
         <load_address>0xffa</load_address>
         <run_address>0xffa</run_address>
         <size>0x187</size>
         <input_file_ref idref="fl-2"/>
      </object_component>
      <object_component id="oc-e0">
         <name>.debug_info</name>
         <load_address>0x1181</load_address>
         <run_address>0x1181</run_address>
         <size>0x17b</size>
         <input_file_ref idref="fl-2"/>
      </object_component>
      <object_component id="oc-e6">
         <name>.debug_info</name>
         <load_address>0x12fc</load_address>
         <run_address>0x12fc</run_address>
         <size>0x189</size>
         <input_file_ref idref="fl-2"/>
      </object_component>
      <object_component id="oc-eb">
         <name>.debug_info</name>
         <load_address>0x1485</load_address>
         <run_address>0x1485</run_address>
         <size>0x184</size>
         <input_file_ref idref="fl-2"/>
      </object_component>
      <object_component id="oc-f8">
         <name>.debug_info</name>
         <load_address>0x1609</load_address>
         <run_address>0x1609</run_address>
         <size>0x182</size>
         <input_file_ref idref="fl-2"/>
      </object_component>
      <object_component id="oc-14f">
         <name>.debug_info</name>
         <load_address>0x178b</load_address>
         <run_address>0x178b</run_address>
         <size>0x153</size>
         <input_file_ref idref="fl-2"/>
      </object_component>
      <object_component id="oc-138">
         <name>.debug_info</name>
         <load_address>0x18de</load_address>
         <run_address>0x18de</run_address>
         <size>0x151</size>
         <input_file_ref idref="fl-2"/>
      </object_component>
      <object_component id="oc-f2">
         <name>.debug_info</name>
         <load_address>0x1a2f</load_address>
         <run_address>0x1a2f</run_address>
         <size>0x138</size>
         <input_file_ref idref="fl-2"/>
      </object_component>
      <object_component id="oc-11e">
         <name>.debug_info</name>
         <load_address>0x1b67</load_address>
         <run_address>0x1b67</run_address>
         <size>0x172</size>
         <input_file_ref idref="fl-2"/>
      </object_component>
      <object_component id="oc-245">
         <name>.debug_info</name>
         <load_address>0x1cd9</load_address>
         <run_address>0x1cd9</run_address>
         <size>0x12f</size>
         <input_file_ref idref="fl-2"/>
      </object_component>
      <object_component id="oc-24a">
         <name>.debug_info</name>
         <load_address>0x1e08</load_address>
         <run_address>0x1e08</run_address>
         <size>0x181</size>
         <input_file_ref idref="fl-2"/>
      </object_component>
      <object_component id="oc-13d">
         <name>.debug_info</name>
         <load_address>0x1f89</load_address>
         <run_address>0x1f89</run_address>
         <size>0x38d</size>
         <input_file_ref idref="fl-2"/>
      </object_component>
      <object_component id="oc-b9">
         <name>.debug_info</name>
         <load_address>0x2316</load_address>
         <run_address>0x2316</run_address>
         <size>0x6ef</size>
         <input_file_ref idref="fl-2"/>
      </object_component>
      <object_component id="oc-77">
         <name>.debug_info</name>
         <load_address>0x2a05</load_address>
         <run_address>0x2a05</run_address>
         <size>0x1de</size>
         <input_file_ref idref="fl-2"/>
      </object_component>
      <object_component id="oc-7e">
         <name>.debug_info</name>
         <load_address>0x2be3</load_address>
         <run_address>0x2be3</run_address>
         <size>0x2fe</size>
         <input_file_ref idref="fl-2"/>
      </object_component>
      <object_component id="oc-83">
         <name>.debug_info</name>
         <load_address>0x2ee1</load_address>
         <run_address>0x2ee1</run_address>
         <size>0x215</size>
         <input_file_ref idref="fl-2"/>
      </object_component>
      <object_component id="oc-89">
         <name>.debug_info</name>
         <load_address>0x30f6</load_address>
         <run_address>0x30f6</run_address>
         <size>0x17c</size>
         <input_file_ref idref="fl-2"/>
      </object_component>
      <object_component id="oc-157">
         <name>.debug_info</name>
         <load_address>0x3272</load_address>
         <run_address>0x3272</run_address>
         <size>0x26b</size>
         <input_file_ref idref="fl-2"/>
      </object_component>
      <object_component id="oc-29e">
         <name>.debug_info</name>
         <load_address>0x34dd</load_address>
         <run_address>0x34dd</run_address>
         <size>0x1028</size>
         <input_file_ref idref="fl-2"/>
      </object_component>
      <object_component id="oc-299">
         <name>.debug_info</name>
         <load_address>0x4505</load_address>
         <run_address>0x4505</run_address>
         <size>0x37e2</size>
         <input_file_ref idref="fl-2"/>
      </object_component>
      <object_component id="oc-21b">
         <name>.debug_info</name>
         <load_address>0x7ce7</load_address>
         <run_address>0x7ce7</run_address>
         <size>0x341</size>
         <input_file_ref idref="fl-2"/>
      </object_component>
      <object_component id="oc-100">
         <name>.debug_info</name>
         <load_address>0x8028</load_address>
         <run_address>0x8028</run_address>
         <size>0x8b</size>
         <input_file_ref idref="fl-2"/>
      </object_component>
      <object_component id="oc-258">
         <name>.debug_info</name>
         <load_address>0x80b3</load_address>
         <run_address>0x80b3</run_address>
         <size>0x2a4</size>
         <input_file_ref idref="fl-2"/>
      </object_component>
      <object_component id="oc-2a8">
         <name>.debug_info</name>
         <load_address>0x8357</load_address>
         <run_address>0x8357</run_address>
         <size>0xef</size>
         <input_file_ref idref="fl-2"/>
      </object_component>
      <object_component id="oc-149">
         <name>.debug_info</name>
         <load_address>0x8446</load_address>
         <run_address>0x8446</run_address>
         <size>0xbb</size>
         <input_file_ref idref="fl-2"/>
      </object_component>
      <object_component id="oc-23d">
         <name>.debug_info</name>
         <load_address>0x8501</load_address>
         <run_address>0x8501</run_address>
         <size>0x2c</size>
         <input_file_ref idref="fl-2"/>
      </object_component>
      <object_component id="oc-2a3">
         <name>.debug_info</name>
         <load_address>0x852d</load_address>
         <run_address>0x852d</run_address>
         <size>0x102</size>
         <input_file_ref idref="fl-2"/>
      </object_component>
      <object_component id="oc-cd">
         <name>.debug_info</name>
         <load_address>0x862f</load_address>
         <run_address>0x862f</run_address>
         <size>0x13c</size>
         <input_file_ref idref="fl-3"/>
      </object_component>
      <object_component id="oc-35">
         <name>.debug_info</name>
         <load_address>0x876b</load_address>
         <run_address>0x876b</run_address>
         <size>0x84</size>
         <input_file_ref idref="fl-3"/>
      </object_component>
      <object_component id="oc-90">
         <name>.debug_info</name>
         <load_address>0x87ef</load_address>
         <run_address>0x87ef</run_address>
         <size>0x2dc</size>
         <input_file_ref idref="fl-4"/>
      </object_component>
      <object_component id="oc-27">
         <name>.debug_info</name>
         <load_address>0x8acb</load_address>
         <run_address>0x8acb</run_address>
         <size>0x108</size>
         <input_file_ref idref="fl-4"/>
      </object_component>
      <object_component id="oc-6b">
         <name>.debug_info</name>
         <load_address>0x8bd3</load_address>
         <run_address>0x8bd3</run_address>
         <size>0x16b</size>
         <input_file_ref idref="fl-4"/>
      </object_component>
      <object_component id="oc-71">
         <name>.debug_info</name>
         <load_address>0x8d3e</load_address>
         <run_address>0x8d3e</run_address>
         <size>0x153</size>
         <input_file_ref idref="fl-4"/>
      </object_component>
      <object_component id="oc-35b">
         <name>.debug_info</name>
         <load_address>0x8e91</load_address>
         <run_address>0x8e91</run_address>
         <size>0x807</size>
         <input_file_ref idref="fl-f"/>
      </object_component>
      <object_component id="oc-17a">
         <name>.debug_info</name>
         <load_address>0x9698</load_address>
         <run_address>0x9698</run_address>
         <size>0x1e5</size>
         <input_file_ref idref="fl-f"/>
      </object_component>
      <object_component id="oc-325">
         <name>.debug_info</name>
         <load_address>0x987d</load_address>
         <run_address>0x987d</run_address>
         <size>0x431a</size>
         <input_file_ref idref="fl-f"/>
      </object_component>
      <object_component id="oc-40e">
         <name>.debug_info</name>
         <load_address>0xdb97</load_address>
         <run_address>0xdb97</run_address>
         <size>0x1b5</size>
         <input_file_ref idref="fl-f"/>
      </object_component>
      <object_component id="oc-334">
         <name>.debug_info</name>
         <load_address>0xdd4c</load_address>
         <run_address>0xdd4c</run_address>
         <size>0x26b</size>
         <input_file_ref idref="fl-f"/>
      </object_component>
      <object_component id="oc-32a">
         <name>.debug_info</name>
         <load_address>0xdfb7</load_address>
         <run_address>0xdfb7</run_address>
         <size>0x1028</size>
         <input_file_ref idref="fl-f"/>
      </object_component>
      <object_component id="oc-292">
         <name>.debug_info</name>
         <load_address>0xefdf</load_address>
         <run_address>0xefdf</run_address>
         <size>0x297</size>
         <input_file_ref idref="fl-f"/>
      </object_component>
      <object_component id="oc-210">
         <name>.debug_info</name>
         <load_address>0xf276</load_address>
         <run_address>0xf276</run_address>
         <size>0xef</size>
         <input_file_ref idref="fl-f"/>
      </object_component>
      <object_component id="oc-1fe">
         <name>.debug_info</name>
         <load_address>0xf365</load_address>
         <run_address>0xf365</run_address>
         <size>0xbb</size>
         <input_file_ref idref="fl-f"/>
      </object_component>
      <object_component id="oc-2af">
         <name>.debug_info</name>
         <load_address>0xf420</load_address>
         <run_address>0xf420</run_address>
         <size>0x701</size>
         <input_file_ref idref="fl-10"/>
      </object_component>
      <object_component id="oc-20d">
         <name>.debug_info</name>
         <load_address>0xfb21</load_address>
         <run_address>0xfb21</run_address>
         <size>0x135</size>
         <input_file_ref idref="fl-10"/>
      </object_component>
      <object_component id="oc-17f">
         <name>.debug_info</name>
         <load_address>0xfc56</load_address>
         <run_address>0xfc56</run_address>
         <size>0x252</size>
         <input_file_ref idref="fl-10"/>
      </object_component>
      <object_component id="oc-1a3">
         <name>.debug_info</name>
         <load_address>0xfea8</load_address>
         <run_address>0xfea8</run_address>
         <size>0x2a5</size>
         <input_file_ref idref="fl-10"/>
      </object_component>
      <object_component id="oc-185">
         <name>.debug_info</name>
         <load_address>0x1014d</load_address>
         <run_address>0x1014d</run_address>
         <size>0x2a3</size>
         <input_file_ref idref="fl-10"/>
      </object_component>
      <object_component id="oc-112">
         <name>.debug_info</name>
         <load_address>0x103f0</load_address>
         <run_address>0x103f0</run_address>
         <size>0x25a</size>
         <input_file_ref idref="fl-10"/>
      </object_component>
      <object_component id="oc-118">
         <name>.debug_info</name>
         <load_address>0x1064a</load_address>
         <run_address>0x1064a</run_address>
         <size>0x258</size>
         <input_file_ref idref="fl-10"/>
      </object_component>
      <object_component id="oc-1a9">
         <name>.debug_info</name>
         <load_address>0x108a2</load_address>
         <run_address>0x108a2</run_address>
         <size>0x274</size>
         <input_file_ref idref="fl-10"/>
      </object_component>
      <object_component id="oc-1af">
         <name>.debug_info</name>
         <load_address>0x10b16</load_address>
         <run_address>0x10b16</run_address>
         <size>0x254</size>
         <input_file_ref idref="fl-10"/>
      </object_component>
      <object_component id="oc-106">
         <name>.debug_info</name>
         <load_address>0x10d6a</load_address>
         <run_address>0x10d6a</run_address>
         <size>0x25e</size>
         <input_file_ref idref="fl-10"/>
      </object_component>
      <object_component id="oc-10c">
         <name>.debug_info</name>
         <load_address>0x10fc8</load_address>
         <run_address>0x10fc8</run_address>
         <size>0x25a</size>
         <input_file_ref idref="fl-10"/>
      </object_component>
      <object_component id="oc-12b">
         <name>.debug_info</name>
         <load_address>0x11222</load_address>
         <run_address>0x11222</run_address>
         <size>0x264</size>
         <input_file_ref idref="fl-10"/>
      </object_component>
      <object_component id="oc-342">
         <name>.debug_info</name>
         <load_address>0x11486</load_address>
         <run_address>0x11486</run_address>
         <size>0x68f</size>
         <input_file_ref idref="fl-11"/>
      </object_component>
      <object_component id="oc-266">
         <name>.debug_info</name>
         <load_address>0x11b15</load_address>
         <run_address>0x11b15</run_address>
         <size>0x12e</size>
         <input_file_ref idref="fl-11"/>
      </object_component>
      <object_component id="oc-1b7">
         <name>.debug_info</name>
         <load_address>0x11c43</load_address>
         <run_address>0x11c43</run_address>
         <size>0x1d5</size>
         <input_file_ref idref="fl-11"/>
      </object_component>
      <object_component id="oc-19e">
         <name>.debug_info</name>
         <load_address>0x11e18</load_address>
         <run_address>0x11e18</run_address>
         <size>0x219</size>
         <input_file_ref idref="fl-11"/>
      </object_component>
      <object_component id="oc-257">
         <name>.debug_info</name>
         <load_address>0x12031</load_address>
         <run_address>0x12031</run_address>
         <size>0x725</size>
         <input_file_ref idref="fl-13"/>
      </object_component>
      <object_component id="oc-253">
         <name>.debug_info</name>
         <load_address>0x12756</load_address>
         <run_address>0x12756</run_address>
         <size>0x25e</size>
         <input_file_ref idref="fl-13"/>
      </object_component>
      <object_component id="oc-144">
         <name>.debug_info</name>
         <load_address>0x129b4</load_address>
         <run_address>0x129b4</run_address>
         <size>0x248</size>
         <input_file_ref idref="fl-13"/>
      </object_component>
      <object_component id="oc-32f">
         <name>.debug_info</name>
         <load_address>0x12bfc</load_address>
         <run_address>0x12bfc</run_address>
         <size>0x341</size>
         <input_file_ref idref="fl-13"/>
      </object_component>
      <object_component id="oc-262">
         <name>.debug_info</name>
         <load_address>0x12f3d</load_address>
         <run_address>0x12f3d</run_address>
         <size>0x6eb</size>
         <input_file_ref idref="fl-14"/>
      </object_component>
      <object_component id="oc-18b">
         <name>.debug_info</name>
         <load_address>0x13628</load_address>
         <run_address>0x13628</run_address>
         <size>0x234</size>
         <input_file_ref idref="fl-14"/>
      </object_component>
      <object_component id="oc-d3">
         <name>.debug_info</name>
         <load_address>0x1385c</load_address>
         <run_address>0x1385c</run_address>
         <size>0x1f5</size>
         <input_file_ref idref="fl-14"/>
      </object_component>
      <object_component id="oc-192">
         <name>.debug_info</name>
         <load_address>0x13a51</load_address>
         <run_address>0x13a51</run_address>
         <size>0x1f3</size>
         <input_file_ref idref="fl-14"/>
      </object_component>
      <object_component id="oc-197">
         <name>.debug_info</name>
         <load_address>0x13c44</load_address>
         <run_address>0x13c44</run_address>
         <size>0x235</size>
         <input_file_ref idref="fl-14"/>
      </object_component>
      <object_component id="oc-33b">
         <name>.debug_info</name>
         <load_address>0x13e79</load_address>
         <run_address>0x13e79</run_address>
         <size>0x102</size>
         <input_file_ref idref="fl-14"/>
      </object_component>
      <object_component id="oc-26d">
         <name>.debug_info</name>
         <load_address>0x13f7b</load_address>
         <run_address>0x13f7b</run_address>
         <size>0x19a</size>
         <input_file_ref idref="fl-15"/>
      </object_component>
      <object_component id="oc-23c">
         <name>.debug_info</name>
         <load_address>0x14115</load_address>
         <run_address>0x14115</run_address>
         <size>0x3e5</size>
         <input_file_ref idref="fl-cb"/>
      </object_component>
      <object_component id="oc-238">
         <name>.debug_info</name>
         <load_address>0x144fa</load_address>
         <run_address>0x144fa</run_address>
         <size>0x157</size>
         <input_file_ref idref="fl-cb"/>
      </object_component>
      <object_component id="oc-232">
         <name>.debug_info</name>
         <load_address>0x14651</load_address>
         <run_address>0x14651</run_address>
         <size>0x166</size>
         <input_file_ref idref="fl-cb"/>
      </object_component>
      <object_component id="oc-134">
         <name>.debug_info</name>
         <load_address>0x147b7</load_address>
         <run_address>0x147b7</run_address>
         <size>0x1ac</size>
         <input_file_ref idref="fl-cb"/>
      </object_component>
      <object_component id="oc-31b">
         <name>.debug_info</name>
         <load_address>0x14963</load_address>
         <run_address>0x14963</run_address>
         <size>0xb2</size>
         <input_file_ref idref="fl-cb"/>
      </object_component>
      <object_component id="oc-2f2">
         <name>.debug_info</name>
         <load_address>0x14a15</load_address>
         <run_address>0x14a15</run_address>
         <size>0x590</size>
         <input_file_ref idref="fl-cc"/>
      </object_component>
      <object_component id="oc-2bd">
         <name>.debug_info</name>
         <load_address>0x14fa5</load_address>
         <run_address>0x14fa5</run_address>
         <size>0x21e</size>
         <input_file_ref idref="fl-cc"/>
      </object_component>
      <object_component id="oc-391">
         <name>.debug_info</name>
         <load_address>0x151c3</load_address>
         <run_address>0x151c3</run_address>
         <size>0x1b3</size>
         <input_file_ref idref="fl-cc"/>
      </object_component>
      <object_component id="oc-398">
         <name>.debug_info</name>
         <load_address>0x15376</load_address>
         <run_address>0x15376</run_address>
         <size>0x21b</size>
         <input_file_ref idref="fl-cc"/>
      </object_component>
      <object_component id="oc-2c9">
         <name>.debug_info</name>
         <load_address>0x15591</load_address>
         <run_address>0x15591</run_address>
         <size>0x3c0</size>
         <input_file_ref idref="fl-cc"/>
      </object_component>
      <object_component id="oc-39f">
         <name>.debug_info</name>
         <load_address>0x15951</load_address>
         <run_address>0x15951</run_address>
         <size>0x30a</size>
         <input_file_ref idref="fl-cc"/>
      </object_component>
      <object_component id="oc-3a4">
         <name>.debug_info</name>
         <load_address>0x15c5b</load_address>
         <run_address>0x15c5b</run_address>
         <size>0x215</size>
         <input_file_ref idref="fl-cc"/>
      </object_component>
      <object_component id="oc-2ce">
         <name>.debug_info</name>
         <load_address>0x15e70</load_address>
         <run_address>0x15e70</run_address>
         <size>0x215</size>
         <input_file_ref idref="fl-cc"/>
      </object_component>
      <object_component id="oc-2d4">
         <name>.debug_info</name>
         <load_address>0x16085</load_address>
         <run_address>0x16085</run_address>
         <size>0x304</size>
         <input_file_ref idref="fl-cc"/>
      </object_component>
      <object_component id="oc-2da">
         <name>.debug_info</name>
         <load_address>0x16389</load_address>
         <run_address>0x16389</run_address>
         <size>0x4b5</size>
         <input_file_ref idref="fl-cc"/>
      </object_component>
      <object_component id="oc-224">
         <name>.debug_info</name>
         <load_address>0x1683e</load_address>
         <run_address>0x1683e</run_address>
         <size>0x5f4</size>
         <input_file_ref idref="fl-cc"/>
      </object_component>
      <object_component id="oc-2f3">
         <name>.debug_info</name>
         <load_address>0x16e32</load_address>
         <run_address>0x16e32</run_address>
         <size>0x86</size>
         <input_file_ref idref="fl-cc"/>
      </object_component>
      <object_component id="oc-3d3">
         <name>.debug_info</name>
         <load_address>0x16eb8</load_address>
         <run_address>0x16eb8</run_address>
         <size>0x39</size>
         <input_file_ref idref="fl-cc"/>
      </object_component>
      <object_component id="oc-44a">
         <name>.debug_info</name>
         <load_address>0x16ef1</load_address>
         <run_address>0x16ef1</run_address>
         <size>0xb6</size>
         <input_file_ref idref="fl-cc"/>
      </object_component>
      <object_component id="oc-3d8">
         <name>.debug_info</name>
         <load_address>0x16fa7</load_address>
         <run_address>0x16fa7</run_address>
         <size>0x46</size>
         <input_file_ref idref="fl-cc"/>
      </object_component>
      <object_component id="oc-2f8">
         <name>.debug_info</name>
         <load_address>0x16fed</load_address>
         <run_address>0x16fed</run_address>
         <size>0x46</size>
         <input_file_ref idref="fl-cc"/>
[...]
      </symbol>
      <symbol id="sm-577">
         <name>wcslen</name>
         <value>0x3a77</value>
         <object_component_ref idref="oc-2e5"/>
      </symbol>
      <symbol id="sm-58e">
         <name>__aeabi_dsub</name>
         <value>0x1155</value>
         <object_component_ref idref="oc-38b"/>
      </symbol>
      <symbol id="sm-58f">
         <name>__aeabi_dadd</name>
         <value>0x115f</value>
         <object_component_ref idref="oc-38b"/>
      </symbol>
      <symbol id="sm-5b1">
         <name>__aeabi_cdcmpeq</name>
         <value>0x2701</value>
         <object_component_ref idref="oc-2c2"/>
      </symbol>
      <symbol id="sm-5b2">
         <name>__aeabi_cdcmple</name>
         <value>0x2701</value>
         <object_component_ref idref="oc-2c2"/>
      </symbol>
      <symbol id="sm-5b3">
         <name>__aeabi_cdrcmple</name>
         <value>0x2787</value>
         <object_component_ref idref="oc-376"/>
      </symbol>
      <symbol id="sm-5c7">
         <name>__aeabi_ddiv</name>
         <value>0x1729</value>
         <object_component_ref idref="oc-371"/>
      </symbol>
      <symbol id="sm-5d2">
         <name>__aeabi_dmul</name>
         <value>0x1ef9</value>
         <object_component_ref idref="oc-36c"/>
      </symbol>
      <symbol id="sm-5dc">
         <name>__aeabi_d2iz</name>
         <value>0x32a1</value>
         <object_component_ref idref="oc-37b"/>
      </symbol>
      <symbol id="sm-5e6">
         <name>__aeabi_i2d</name>
         <value>0x36c9</value>
         <object_component_ref idref="oc-386"/>
      </symbol>
      <symbol id="sm-601">
         <name>memcpy</name>
         <value>0x2433</value>
         <object_component_ref idref="oc-3a"/>
      </symbol>
      <symbol id="sm-602">
         <name>__aeabi_memcpy</name>
         <value>0x2433</value>
         <object_component_ref idref="oc-3a"/>
      </symbol>
      <symbol id="sm-603">
         <name>__aeabi_memcpy8</name>
         <value>0x2433</value>
         <object_component_ref idref="oc-3a"/>
      </symbol>
      <symbol id="sm-604">
         <name>__aeabi_memcpy4</name>
         <value>0x2433</value>
         <object_component_ref idref="oc-3a"/>
      </symbol>
      <symbol id="sm-611">
         <name>__aeabi_uldivmod</name>
         <value>0x24cf</value>
         <object_component_ref idref="oc-365"/>
      </symbol>
      <symbol id="sm-620">
         <name>__aeabi_memset</name>
         <value>0x2913</value>
         <object_component_ref idref="oc-ac"/>
      </symbol>
      <symbol id="sm-621">
         <name>memset</name>
         <value>0x2919</value>
         <object_component_ref idref="oc-ac"/>
      </symbol>
      <symbol id="sm-622">
         <name>__aeabi_memset8</name>
         <value>0x2913</value>
         <object_component_ref idref="oc-ac"/>
      </symbol>
      <symbol id="sm-623">
         <name>__aeabi_memset4</name>
         <value>0x2913</value>
         <object_component_ref idref="oc-ac"/>
      </symbol>
      <symbol id="sm-624">
         <name>__aeabi_memclr8</name>
         <value>0x2911</value>
         <object_component_ref idref="oc-ac"/>
      </symbol>
      <symbol id="sm-625">
         <name>__aeabi_memclr4</name>
         <value>0x2911</value>
         <object_component_ref idref="oc-ac"/>
      </symbol>
      <symbol id="sm-626">
         <name>__aeabi_memclr</name>
         <value>0x2911</value>
         <object_component_ref idref="oc-ac"/>
      </symbol>
      <symbol id="sm-63a">
         <name>__TI_zero_init_nomemset</name>
         <value>0x3959</value>
         <object_component_ref idref="oc-46"/>
      </symbol>
      <symbol id="sm-651">
         <name>__TI_decompress_none</name>
         <value>0x3a99</value>
         <object_component_ref idref="oc-1d"/>
      </symbol>
      <symbol id="sm-674">
         <name>__TI_decompress_lzss</name>
         <value>0x2ca1</value>
         <object_component_ref idref="oc-17"/>
      </symbol>
      <symbol id="sm-69a">
         <name>C$$EXIT</name>
         <value>0x3add</value>
         <object_component_ref idref="oc-1be"/>
      </symbol>
      <symbol id="sm-69b">
         <name>abort</name>
         <value>0x3add</value>
         <object_component_ref idref="oc-1be"/>
      </symbol>
      <symbol id="sm-69c">
         <name>__TI_dtors_ptr</name>
         <value>0x20000a30</value>
         <object_component_ref idref="oc-276"/>
      </symbol>
      <symbol id="sm-69d">
         <name>__TI_cleanup_ptr</name>
         <value>0x20000a2c</value>
         <object_component_ref idref="oc-276"/>
      </symbol>
      <symbol id="sm-69e">
         <name>__TI_enable_exit_profile_output</name>
         <value>0x20000a34</value>
         <object_component_ref idref="oc-276"/>
      </symbol>
      <symbol id="sm-69f">
         <name>exit</name>
         <value>0x3259</value>
         <object_component_ref idref="oc-1c4"/>
      </symbol>
      <symbol id="sm-6b4">
         <name>_nop</name>
         <value>0x130b</value>
         <object_component_ref idref="oc-2fd"/>
      </symbol>
      <symbol id="sm-6b5">
         <name>_lock</name>
         <value>0x20000a38</value>
         <object_component_ref idref="oc-229"/>
      </symbol>
      <symbol id="sm-6b6">
         <name>_unlock</name>
         <value>0x20000a3c</value>
         <object_component_ref idref="oc-229"/>
      </symbol>
      <symbol id="sm-6c5">
         <name>__TI_ltoa</name>
         <value>0x311b</value>
         <object_component_ref idref="oc-380"/>
      </symbol>
      <symbol id="sm-6db">
         <name>atoi</name>
         <value>0x320d</value>
         <object_component_ref idref="oc-2b6"/>
      </symbol>
      <symbol id="sm-6e6">
         <name>_ctypes_</name>
         <value>0x3ae0</value>
         <object_component_ref idref="oc-360"/>
      </symbol>
      <symbol id="sm-6fb">
         <name>__TI_tmpnams</name>
         <value>0x20000b6c</value>
      </symbol>
      <symbol id="sm-6fc">
         <name>__aeabi_stdout</name>
         <value>0x20000a24</value>
         <object_component_ref idref="oc-4d2"/>
      </symbol>
      <symbol id="sm-6fd">
         <name>__aeabi_stderr</name>
         <value>0x20000a28</value>
         <object_component_ref idref="oc-4d2"/>
      </symbol>
      <symbol id="sm-6fe">
         <name>__aeabi_stdin</name>
         <value>0x20000a20</value>
         <object_component_ref idref="oc-4d2"/>
      </symbol>
      <symbol id="sm-6ff">
         <name>_ftable</name>
         <value>0x20000800</value>
         <object_component_ref idref="oc-22c"/>
      </symbol>
      <symbol id="sm-700">
         <name>__TI_ft_end</name>
         <value>0x20000a1c</value>
         <object_component_ref idref="oc-4d2"/>
      </symbol>
      <symbol id="sm-710">
         <name>memccpy</name>
         <value>0x3991</value>
         <object_component_ref idref="oc-2df"/>
      </symbol>
      <symbol id="sm-720">
         <name>memchr</name>
         <value>0x3939</value>
         <object_component_ref idref="oc-3e8"/>
      </symbol>
      <symbol id="sm-7a9">
         <name>_sys_memory</name>
         <value>0x20000000</value>
         <object_component_ref idref="oc-29"/>
      </symbol>
      <symbol id="sm-7aa">
         <name>free</name>
         <value>0x20ed</value>
         <object_component_ref idref="oc-483"/>
      </symbol>
      <symbol id="sm-7ab">
         <name>memalign</name>
         <value>0x1df9</value>
         <object_component_ref idref="oc-4c5"/>
      </symbol>
      <symbol id="sm-7ac">
         <name>malloc</name>
         <value>0x3ac9</value>
         <object_component_ref idref="oc-489"/>
      </symbol>
      <symbol id="sm-7ad">
         <name>aligned_alloc</name>
         <value>0x1df9</value>
         <object_component_ref idref="oc-4c5"/>
      </symbol>
      <symbol id="sm-7bd">
         <name>strchr</name>
         <value>0x3a11</value>
         <object_component_ref idref="oc-3b7"/>
      </symbol>
      <symbol id="sm-7cb">
         <name>strlen</name>
         <value>0x3a63</value>
         <object_component_ref idref="oc-2b0"/>
      </symbol>
      <symbol id="sm-7e1">
         <name>__aeabi_errno_addr</name>
         <value>0x3ac1</value>
         <object_component_ref idref="oc-2eb"/>
      </symbol>
      <symbol id="sm-7e2">
         <name>errno</name>
         <value>0x20000a48</value>
         <object_component_ref idref="oc-3c7"/>
      </symbol>
      <symbol id="sm-7f5">
         <name>__stack</name>
         <value>0x2000fe00</value>
         <object_component_ref idref="oc-2c"/>
      </symbol>
      <symbol id="sm-7f6">
         <name>_c_int00_noargs</name>
         <value>0x3605</value>
         <object_component_ref idref="oc-58"/>
      </symbol>
      <symbol id="sm-810">
         <name>write</name>
         <value>0x3815</value>
         <object_component_ref idref="oc-3f4"/>
      </symbol>
      <symbol id="sm-821">
         <name>_stream</name>
         <value>0x20000968</value>
         <object_component_ref idref="oc-461"/>
      </symbol>
      <symbol id="sm-822">
         <name>_device</name>
         <value>0x200008f0</value>
         <object_component_ref idref="oc-4a2"/>
      </symbol>
      <symbol id="sm-832">
         <name>__TI_doflush</name>
         <value>0x31c1</value>
         <object_component_ref idref="oc-3ee"/>
      </symbol>
      <symbol id="sm-842">
         <name>__TI_cleanup</name>
         <value>0x359d</value>
         <object_component_ref idref="oc-48f"/>
      </symbol>
      <symbol id="sm-854">
         <name>fseek</name>
         <value>0x2e39</value>
         <object_component_ref idref="oc-44f"/>
      </symbol>
      <symbol id="sm-85e">
         <name>copysign</name>
         <value>0x39c9</value>
         <object_component_ref idref="oc-433"/>
      </symbol>
      <symbol id="sm-85f">
         <name>copysignl</name>
         <value>0x39c9</value>
         <object_component_ref idref="oc-433"/>
      </symbol>
      <symbol id="sm-869">
         <name>__aeabi_idiv0</name>
         <value>0x185f</value>
         <object_component_ref idref="oc-41a"/>
      </symbol>
      <symbol id="sm-86a">
         <name>__aeabi_ldiv0</name>
         <value>0x185f</value>
         <object_component_ref idref="oc-41a"/>
      </symbol>
      <symbol id="sm-892">
         <name>__TI_auto_init_nobinit_nopinit</name>
         <value>0x3371</value>
         <object_component_ref idref="oc-1ca"/>
      </symbol>
      <symbol id="sm-89c">
         <name>_system_pre_init</name>
         <value>0x3ad9</value>
         <object_component_ref idref="oc-b2"/>
      </symbol>
      <symbol id="sm-8af">
         <name>HOSTclose</name>
         <value>0x32e9</value>
         <object_component_ref idref="oc-4de"/>
      </symbol>
      <symbol id="sm-8c0">
         <name>HOSTlseek</name>
         <value>0x2c39</value>
         <object_component_ref idref="oc-4f0"/>
      </symbol>
      <symbol id="sm-8d2">
         <name>parmbuf</name>
         <value>0x20000c0c</value>
      </symbol>
      <symbol id="sm-8d3">
         <name>HOSTopen</name>
         <value>0x2f01</value>
         <object_component_ref idref="oc-4d8"/>
      </symbol>
      <symbol id="sm-8e4">
         <name>HOSTread</name>
         <value>0x3015</value>
         <object_component_ref idref="oc-4e4"/>
      </symbol>
      <symbol id="sm-8f5">
         <name>HOSTrename</name>
         <value>0x2bcd</value>
         <object_component_ref idref="oc-4fc"/>
      </symbol>
      <symbol id="sm-906">
         <name>HOSTunlink</name>
         <value>0x332d</value>
         <object_component_ref idref="oc-4f6"/>
      </symbol>
      <symbol id="sm-917">
         <name>HOSTwrite</name>
         <value>0x306d</value>
         <object_component_ref idref="oc-4ea"/>
      </symbol>
      <symbol id="sm-93b">
         <name>__TI_readmsg</name>
         <value>0x35d1</value>
         <object_component_ref idref="oc-52b"/>
      </symbol>
      <symbol id="sm-93c">
         <name>C$$IO$$</name>
         <value>0x3527</value>
         <object_component_ref idref="oc-525"/>
      </symbol>
      <symbol id="sm-93d">
         <name>__CIOBUF_</name>
         <value>0x20000a4c</value>
         <object_component_ref idref="oc-556"/>
      </symbol>
      <symbol id="sm-93e">
         <name>__TI_writemsg</name>
         <value>0x34f9</value>
         <object_component_ref idref="oc-525"/>
      </symbol>
      <symbol id="sm-94f">
         <name>lseek</name>
         <value>0x37ed</value>
         <object_component_ref idref="oc-47b"/>
      </symbol>
      <symbol id="sm-964">
         <name>__TI_closefile</name>
         <value>0x2a79</value>
         <object_component_ref idref="oc-4cc"/>
      </symbol>
      <symbol id="sm-987">
         <name>finddevice</name>
         <value>0x3699</value>
         <object_component_ref idref="oc-574"/>
      </symbol>
      <symbol id="sm-988">
         <name>getdevice</name>
         <value>0x33f9</value>
         <object_component_ref idref="oc-54c"/>
      </symbol>
      <symbol id="sm-997">
         <name>strcmp</name>
         <value>0x39e3</value>
         <object_component_ref idref="oc-58b"/>
      </symbol>
      <symbol id="sm-9a5">
         <name>strcpy</name>
         <value>0x3a4f</value>
         <object_component_ref idref="oc-53f"/>
      </symbol>
      <symbol id="sm-9b5">
         <name>strncpy</name>
         <value>0x3531</value>
         <object_component_ref idref="oc-56e"/>
      </symbol>
      <symbol id="sm-9ca">
         <name>close</name>
         <value>0x2f61</value>
         <object_component_ref idref="oc-514"/>
      </symbol>
      <symbol id="sm-9da">
         <name>unlink</name>
         <value>0x36f9</value>
         <object_component_ref idref="oc-51a"/>
      </symbol>
      <symbol id="sm-9db">
         <name>__TI_static_base__</name>
         <value>0x0</value>
      </symbol>
      <symbol id="sm-9de">
         <name>__mpu_init</name>
         <value>0x0</value>
      </symbol>
      <symbol id="sm-9df">
         <name>_system_post_cinit</name>
         <value>0x0</value>
      </symbol>
      <symbol id="sm-9e0">
         <name>NMI_Handler</name>
         <value>0xb33</value>
      </symbol>
      <symbol id="sm-9e1">
         <name>HardFault_Handler</name>
         <value>0xb33</value>
      </symbol>
      <symbol id="sm-9e2">
         <name>MemManage_Handler</name>
         <value>0xb33</value>
      </symbol>
      <symbol id="sm-9e3">
         <name>BusFault_Handler</name>
         <value>0xb33</value>
      </symbol>
      <symbol id="sm-9e4">
         <name>UsageFault_Handler</name>
         <value>0xb33</value>
      </symbol>
      <symbol id="sm-9e5">
         <name>SVC_Handler</name>
         <value>0xb33</value>
      </symbol>
      <symbol id="sm-9e6">
         <name>DebugMon_Handler</name>
         <value>0xb33</value>
      </symbol>
      <symbol id="sm-9e7">
         <name>PendSV_Handler</name>
         <value>0xb33</value>
      </symbol>
      <symbol id="sm-9e8">
         <name>SysTick_Handler</name>
         <value>0xb33</value>
      </symbol>
      <symbol id="sm-9e9">
         <name>PSS_IRQHandler</name>
         <value>0xb33</value>
      </symbol>
      <symbol id="sm-9ea">
         <name>CS_IRQHandler</name>
         <value>0xb33</value>
      </symbol>
      <symbol id="sm-9eb">
         <name>PCM_IRQHandler</name>
         <value>0xb33</value>
      </symbol>
      <symbol id="sm-9ec">
         <name>WDT_A_IRQHandler</name>
         <value>0xb33</value>
      </symbol>
      <symbol id="sm-9ed">
         <name>FPU_IRQHandler</name>
         <value>0xb33</value>
      </symbol>
      <symbol id="sm-9ee">
         <name>FLCTL_IRQHandler</name>
         <value>0xb33</value>
      </symbol>
      <symbol id="sm-9ef">
         <name>COMP_E0_IRQHandler</name>
         <value>0xb33</value>
      </symbol>
      <symbol id="sm-9f0">
         <name>COMP_E1_IRQHandler</name>
         <value>0xb33</value>
      </symbol>
      <symbol id="sm-9f1">
         <name>TA0_0_IRQHandler</name>
         <value>0xb33</value>
      </symbol>
      <symbol id="sm-9f2">
         <name>TA0_N_IRQHandler</name>
         <value>0xb33</value>
      </symbol>
      <symbol id="sm-9f3">
         <name>TA1_0_IRQHandler</name>
         <value>0xb33</value>
      </symbol>
      <symbol id="sm-9f4">
         <name>TA1_N_IRQHandler</name>
         <value>0xb33</value>
      </symbol>
      <symbol id="sm-9f5">
         <name>TA2_0_IRQHandler</name>
         <value>0xb33</value>
      </symbol>
      <symbol id="sm-9f6">
         <name>TA2_N_IRQHandler</name>
         <value>0xb33</value>
      </symbol>
      <symbol id="sm-9f7">
         <name>TA3_0_IRQHandler</name>
         <value>0xb33</value>
      </symbol>
      <symbol id="sm-9f8">
         <name>TA3_N_IRQHandler</name>
         <value>0xb33</value>
      </symbol>
      <symbol id="sm-9f9">
         <name>EUSCIA0_IRQHandler</name>
         <value>0xb33</value>
      </symbol>
      <symbol id="sm-9fa">
         <name>EUSCIA1_IRQHandler</name>
         <value>0xb33</value>
      </symbol>
      <symbol id="sm-9fb">
         <name>EUSCIA2_IRQHandler</name>
         <value>0x22ad</value>
      </symbol>
      <symbol id="sm-9fc">
         <name>EUSCIA3_IRQHandler</name>
         <value>0xb33</value>
      </symbol>
      <symbol id="sm-9fd">
         <name>EUSCIB0_IRQHandler</name>
         <value>0xb33</value>
      </symbol>
      <symbol id="sm-9fe">
         <name>EUSCIB1_IRQHandler</name>
         <value>0xb33</value>
      </symbol>
      <symbol id="sm-9ff">
         <name>EUSCIB2_IRQHandler</name>
         <value>0xb33</value>
      </symbol>
      <symbol id="sm-a00">
         <name>EUSCIB3_IRQHandler</name>
         <value>0xb33</value>
      </symbol>
      <symbol id="sm-a01">
         <name>ADC14_IRQHandler</name>
         <value>0xb33</value>
      </symbol>
      <symbol id="sm-a02">
         <name>T32_INT1_IRQHandler</name>
         <value>0xb33</value>
      </symbol>
      <symbol id="sm-a03">
         <name>T32_INT2_IRQHandler</name>
         <value>0xb33</value>
      </symbol>
      <symbol id="sm-a04">
         <name>T32_INTC_IRQHandler</name>
         <value>0xb33</value>
      </symbol>
      <symbol id="sm-a05">
         <name>AES256_IRQHandler</name>
         <value>0xb33</value>
      </symbol>
      <symbol id="sm-a06">
         <name>RTC_C_IRQHandler</name>
         <value>0xb33</value>
      </symbol>
      <symbol id="sm-a07">
         <name>DMA_ERR_IRQHandler</name>
         <value>0xb33</value>
      </symbol>
      <symbol id="sm-a08">
         <name>DMA_INT3_IRQHandler</name>
         <value>0xb33</value>
      </symbol>
      <symbol id="sm-a09">
         <name>DMA_INT2_IRQHandler</name>
         <value>0xb33</value>
      </symbol>
      <symbol id="sm-a0a">
         <name>DMA_INT1_IRQHandler</name>
         <value>0xb33</value>
      </symbol>
      <symbol id="sm-a0b">
         <name>DMA_INT0_IRQHandler</name>
         <value>0xb33</value>
      </symbol>
      <symbol id="sm-a0c">
         <name>PORT1_IRQHandler</name>
         <value>0x1861</value>
      </symbol>
      <symbol id="sm-a0d">
         <name>PORT2_IRQHandler</name>
         <value>0x1ff5</value>
      </symbol>
      <symbol id="sm-a0e">
         <name>PORT3_IRQHandler</name>
         <value>0x2d71</value>
      </symbol>
      <symbol id="sm-a0f">
         <name>PORT4_IRQHandler</name>
         <value>0xb33</value>
      </symbol>
      <symbol id="sm-a10">
         <name>PORT5_IRQHandler</name>
         <value>0xb33</value>
      </symbol>
      <symbol id="sm-a11">
         <name>PORT6_IRQHandler</name>
         <value>0xb33</value>
      </symbol>
      <symbol id="sm-a12">
         <name>remove</name>
         <value>0x36f9</value>
      </symbol>
   </symbol_table>
   <title>Link successful</title>
</link_info>
