******************************************************************************
                  TI ARM Linker PC v20.2.5                     
******************************************************************************
>> Linked Mon Dec  6 18:21:52 2021

OUTPUT FILE NAME:   <MSP432 Robotic Car Version 1.0.out>
ENTRY POINT SYMBOL: "_c_int00_noargs"  address: 00003729


MEMORY CONFIGURATION

         name            origin    length      used     unused   attr    fill
----------------------  --------  ---------  --------  --------  ----  --------
  MAIN                  00000000   00040000  00003e18  0003c1e8  R  X
  INFO                  00200000   00004000  00000000  00004000  R  X
  SRAM_CODE             01000000   00010000  00000e14  0000f1ec  RW X
  SRAM_DATA             20000000   00010000  00000e14  0000f1ec  RW  


SEGMENT ALLOCATION MAP

run origin  load origin   length   init length attrs members
----------  ----------- ---------- ----------- ----- -------
00000000    00000000    00003e18   00003e18    r-x
  00000000    00000000    000000e4   000000e4    r-- .intvecs
  000000e4    000000e4    00003b20   00003b20    r-x .text
  00003c04    00003c04    00000164   00000164    r-- .const
  00003d68    00003d68    000000b0   000000b0    r-- .cinit
20000000    20000000    00000c14   00000000    rw-
  20000000    20000000    00000800   00000000    rw- .sysmem
  20000800    20000800    0000024c   00000000    rw- .data
  20000a4c    20000a4c    000001c8   00000000    rw- .bss
2000fe00    2000fe00    00000200   00000000    rw-
  2000fe00    2000fe00    00000200   00000000    rw- .stack


SECTION ALLOCATION MAP

 output                                  attributes/
section   page    origin      length       input sections
--------  ----  ----------  ----------   ----------------
.intvecs   0    00000000    000000e4     
                  00000000    000000e4     startup_msp432p401r_ccs.obj (.intvecs:retain)

.text      0    000000e4    00003b20     
                  000000e4    00000a4e     rtsv7M4_T_le_v4SPD16_eabi.lib : _printfi.c.obj (.text:__TI_printfi)
                  00000b32    00000002     startup_msp432p401r_ccs.obj (.text:Default_Handler)
                  00000b34    00000270     rtsv7M4_T_le_v4SPD16_eabi.lib : _printfi.c.obj (.text:_pconv_a)
                  00000da4    000001e0     main.obj (.text:CarPID)
                  00000f84    000001d0     rtsv7M4_T_le_v4SPD16_eabi.lib : _printfi.c.obj (.text:_pconv_g)
                  00001154    000001b6                                   : fd_add_t2.asm.obj (.text)
                  0000130a    00000002                                   : _lock.c.obj (.text:_nop)
                  0000130c    000001a4     main.obj (.text:main)
                  000014b0    0000017c     main.obj (.text:EUSCIA2_IRQHandler)
                  0000162c    00000144     msp432p4xx_driverlib.lib : timer_a.o (.text:privateTimer_AProcessClockSourceDivider)
                  00001770    0000013c     rtsv7M4_T_le_v4SPD16_eabi.lib : _printfi.c.obj (.text:_pconv_e)
                  000018ac    00000136                                   : fd_div_t2.asm.obj (.text)
                  000019e2    00000002                                   : div0.asm.obj (.text)
                  000019e4    00000134     main.obj (.text:PORT1_IRQHandler)
                  00001b18    00000124     rtsv7M4_T_le_v4SPD16_eabi.lib : _printfi.c.obj (.text:fcvt)
                  00001c3c    0000011c     msp432p4xx_driverlib.lib : uart.o (.text:UART_initModule)
                  00001d58    00000114     rtsv7M4_T_le_v4SPD16_eabi.lib : fputs.c.obj (.text:fputs)
                  00001e6c    00000110                                   : s_scalbn.c.obj (.text:scalbn)
                  00001f7c    00000100                                   : memory.c.obj (.text:aligned_alloc)
                  0000207c    000000fc                                   : fd_mul_t2.asm.obj (.text)
                  00002178    000000e4                                   : memory.c.obj (.text:free)
                  0000225c    000000dc                                   : setvbuf.c.obj (.text:setvbuf)
                  00002338    000000b1                                   : _printfi.c.obj (.text:_ltostr)
                  000023e9    00000001     --HOLE-- [fill = 0]
                  000023ea    0000009c                                   : memcpy_t2.asm.obj (.text)
                  00002486    00000002     --HOLE-- [fill = 0]
                  00002488    00000098     main.obj (.text:PORT2_IRQHandler)
                  00002520    00000096     rtsv7M4_T_le_v4SPD16_eabi.lib : ull_div_t2.asm.obj (.text)
                  000025b6    00000002     --HOLE-- [fill = 0]
                  000025b8    0000008c                                   : fputc.c.obj (.text:fputc)
                  00002644    00000088     msp432p4xx_driverlib.lib : gpio.o (.text:GPIO_setAsPeripheralModuleFunctionInputPin)
                  000026cc    00000088                              : gpio.o (.text:GPIO_setAsPeripheralModuleFunctionOutputPin)
                  00002754    00000086     rtsv7M4_T_le_v4SPD16_eabi.lib : fd_cmp_t2.asm.obj (.text:__aeabi_cdcmple)
                  000027da    00000086                                   : fd_cmp_t2.asm.obj (.text:__aeabi_cdrcmple)
                  00002860    00000084     msp432p4xx_driverlib.lib : gpio.o (.text:GPIO_getEnabledInterruptStatus)
                  000028e4    00000080                              : interrupt.o (.text:Interrupt_enableInterrupt)
                  00002964    0000007a     rtsv7M4_T_le_v4SPD16_eabi.lib : memset_t2.asm.obj (.text)
                  000029de    00000002     --HOLE-- [fill = 0]
                  000029e0    00000078     system_msp432p401r.obj (.text:SystemInit)
                  00002a58    00000074     msp432p4xx_driverlib.lib : timer_a.o (.text:Timer_A_generatePWM)
                  00002acc    00000074     rtsv7M4_T_le_v4SPD16_eabi.lib : fclose.c.obj (.text:__TI_closefile)
                  00002b40    00000070                                   : memory.c.obj (.text:split)
                  00002bb0    0000006e                                   : _printfi.c.obj (.text:_mcpy)
                  00002c1e    00000002     --HOLE-- [fill = 0]
                  00002c20    0000006c                                   : hostrename.c.obj (.text:HOSTrename)
                  00002c8c    00000068                                   : hostlseek.c.obj (.text:HOSTlseek)
                  00002cf4    00000068                                   : copy_decompress_lzss.c.obj (.text:decompress:lzss:__TI_decompress_lzss)
                  00002d5c    00000068                                   : printf.c.obj (.text:printf)
                  00002dc4    00000064     main.obj (.text:PORT3_IRQHandler)
                  00002e28    00000064     main.obj (.text:PORT4_IRQHandler)
                  00002e8c    00000064     rtsv7M4_T_le_v4SPD16_eabi.lib : s_frexp.c.obj (.text:frexp)
                  00002ef0    00000064                                   : fseek.c.obj (.text:fseek)
                  00002f54    00000062                                   : _io_perm.c.obj (.text:__TI_wrt_ok)
                  00002fb6    00000002     --HOLE-- [fill = 0]
                  00002fb8    00000060                                   : hostopen.c.obj (.text:HOSTopen)
                  00003018    0000005c                                   : close.c.obj (.text:close)
                  00003074    00000058     msp432p4xx_driverlib.lib : gpio.o (.text:GPIO_setAsInputPinWithPullUpResistor)
                  000030cc    00000058     rtsv7M4_T_le_v4SPD16_eabi.lib : hostread.c.obj (.text:HOSTread)
                  00003124    00000058                                   : hostwrite.c.obj (.text:HOSTwrite)
                  0000317c    00000056                                   : _printfi.c.obj (.text:_pconv_f)
                  000031d2    00000054                                   : _ltoa.c.obj (.text:__TI_ltoa)
                  00003226    00000052                                   : _printfi.c.obj (.text:_ecpy)
                  00003278    0000004c                                   : fflush.c.obj (.text:__TI_doflush)
                  000032c4    0000004c                                   : atoi.c.obj (.text:atoi)
                  00003310    00000048                                   : exit.c.obj (.text:exit)
                  00003358    00000048                                   : fd_toi_t2.asm.obj (.text)
                  000033a0    00000044                                   : hostclose.c.obj (.text:HOSTclose)
                  000033e4    00000044                                   : hostunlink.c.obj (.text:HOSTunlink)
                  00003428    00000044                                   : autoinit.c.obj (.text:__TI_auto_init_nobinit_nopinit:__TI_auto_init_nobinit_nopinit)
                  0000346c    00000044     main.obj (.text:checkOne)
                  000034b0    00000044     rtsv7M4_T_le_v4SPD16_eabi.lib : getdevice.c.obj (.text:getdevice)
                  000034f4    00000040     msp432p4xx_driverlib.lib : gpio.o (.text:GPIO_setAsOutputPin)
                  00003534    0000003e     rtsv7M4_T_le_v4SPD16_eabi.lib : _printfi.c.obj (.text:_fcpy)
                  00003572    0000003c     main.obj (.text:delayMs)
                  000035ae    00000002     --HOLE-- [fill = 0]
                  000035b0    00000038     rtsv7M4_T_le_v4SPD16_eabi.lib : trgmsg.c.obj (.text:__TI_writemsg)
                  000035e8    00000038     main.obj (.text:uPrintf)
                  00003620    00000036     rtsv7M4_T_le_v4SPD16_eabi.lib : strncpy.c.obj (.text:strncpy)
                  00003656    00000002     --HOLE-- [fill = 0]
                  00003658    00000034     msp432p4xx_driverlib.lib : cs.o (.text:CS_setDCOCenteredFrequency)
                  0000368c    00000034                              : uart.o (.text:UART_transmitData)
                  000036c0    00000034     rtsv7M4_T_le_v4SPD16_eabi.lib : fopen.c.obj (.text:__TI_cleanup)
                  000036f4    00000034                                   : trgmsg.c.obj (.text:__TI_readmsg)
                  00003728    00000034                                   : boot_cortex_m.c.obj (.text:_c_int00_noargs:_c_int00_noargs)
                  0000375c    00000030     msp432p4xx_driverlib.lib : uart.o (.text:UART_enableInterrupt)
                  0000378c    00000030                              : uart.o (.text:UART_receiveData)
                  000037bc    00000030     rtsv7M4_T_le_v4SPD16_eabi.lib : getdevice.c.obj (.text:finddevice)
                  000037ec    0000002e                                   : i_tofd_t2.asm.obj (.text)
                  0000381a    00000002     --HOLE-- [fill = 0]
                  0000381c    0000002c                                   : unlink.c.obj (.text:unlink)
                  00003848    00000028     msp432p4xx_driverlib.lib : gpio.o (.text:GPIO_clearInterruptFlag)
                  00003870    00000028                              : gpio.o (.text:GPIO_enableInterrupt)
                  00003898    00000028                              : gpio.o (.text:GPIO_setOutputHighOnPin)
                  000038c0    00000028                              : gpio.o (.text:GPIO_setOutputLowOnPin)
                  000038e8    00000028     rtsv7M4_T_le_v4SPD16_eabi.lib : memory.c.obj (.text:free_list_insert)
                  00003910    00000028                                   : lseek.c.obj (.text:lseek)
                  00003938    00000028                                   : write.c.obj (.text:write)
                  00003960    00000024     msp432p4xx_driverlib.lib : gpio.o (.text:GPIO_getInterruptStatus)
                  00003984    00000024     main.obj (.text:moveBackward)
                  000039a8    00000024     main.obj (.text:moveForward)
                  000039cc    00000024     main.obj (.text:moveLeft)
                  000039f0    00000024     main.obj (.text:moveRight)
                  00003a14    00000024     main.obj (.text:newPWM)
                  00003a38    00000024     main.obj (.text:stop)
                  00003a5c    00000020     rtsv7M4_T_le_v4SPD16_eabi.lib : memchr.c.obj (.text:memchr)
                  00003a7c    0000001c                                   : copy_zero_init.c.obj (.text:decompress:ZI:__TI_zero_init_nomemset:__TI_zero_init_nomemset)
                  00003a98    0000001c                                   : memory.c.obj (.text:free_list_remove)
                  00003ab4    0000001c                                   : memccpy.c.obj (.text:memccpy)
                  00003ad0    0000001c     main.obj (.text:set_All_LED2_Low)
                  00003aec    0000001a     rtsv7M4_T_le_v4SPD16_eabi.lib : s_copysign.c.obj (.text:copysign)
                  00003b06    00000018                                   : strcmp.c.obj (.text:strcmp)
                  00003b1e    00000016     msp432p4xx_driverlib.lib : uart.o (.text:UART_enableModule)
                  00003b34    00000016     rtsv7M4_T_le_v4SPD16_eabi.lib : strchr.c.obj (.text:strchr)
                  00003b4a    00000014     main.obj (.text:stopLeftWheel)
                  00003b5e    00000014     main.obj (.text:stopRightWheel)
                  00003b72    00000014     rtsv7M4_T_le_v4SPD16_eabi.lib : strcpy.c.obj (.text:strcpy)
                  00003b86    00000014                                   : strlen.c.obj (.text:strlen)
                  00003b9a    00000012                                   : wcslen.c.obj (.text:wcslen)
                  00003bac    00000010     msp432p4xx_driverlib.lib : interrupt.o (.text:Interrupt_enableMaster)
                  00003bbc    0000000e     rtsv7M4_T_le_v4SPD16_eabi.lib : copy_decompress_none.c.obj (.text:decompress:none:__TI_decompress_none)
                  00003bca    0000000c     msp432p4xx_driverlib.lib : cpu.o (.text:CPU_cpsie)
                  00003bd6    0000000c     startup_msp432p401r_ccs.obj (.text:Reset_Handler)
                  00003be2    00000002     --HOLE-- [fill = 0]
                  00003be4    00000008     rtsv7M4_T_le_v4SPD16_eabi.lib : errno.c.obj (.text:__aeabi_errno_addr)
                  00003bec    00000008                                   : memory.c.obj (.text:malloc)
                  00003bf4    00000004                                   : printf.c.obj (.text:_outc)
                  00003bf8    00000004                                   : printf.c.obj (.text:_outs)
                  00003bfc    00000004                                   : pre_init.c.obj (.text:_system_pre_init)
                  00003c00    00000004                                   : exit.c.obj (.text:abort:abort)

.const     0    00003c04    00000164     
                  00003c04    00000101     rtsv7M4_T_le_v4SPD16_eabi.lib : ctype.c.obj (.const:.string:_ctypes_)
                  00003d05    00000003     --HOLE-- [fill = 0]
                  00003d08    00000030     msp432p4xx_driverlib.lib : gpio.o (.const:GPIO_PORT_TO_BASE)
                  00003d38    00000028     main.obj (.const:bluetooth)
                  00003d60    00000008     msp432p4xx_driverlib.lib : interrupt.o (.const:g_pulEnRegs)

.cinit     0    00003d68    000000b0     
                  00003d68    00000085     (.cinit..data.load) [load image, compression = lzss]
                  00003ded    00000003     --HOLE-- [fill = 0]
                  00003df0    0000000c     (__TI_handler_table)
                  00003dfc    00000004     --HOLE-- [fill = 0]
                  00003e00    00000008     (.cinit..bss.load) [load image, compression = zero_init]
                  00003e08    00000010     (__TI_cinit_table)

.init_array 
*          0    00000000    00000000     UNINITIALIZED

.binit     0    00000000    00000000     

.sysmem    0    20000000    00000800     UNINITIALIZED
                  20000000    00000010     rtsv7M4_T_le_v4SPD16_eabi.lib : memory.c.obj (.sysmem)
                  20000010    000007f0     --HOLE--

.data      0    20000800    0000024c     UNINITIALIZED
                  20000800    000000f0     rtsv7M4_T_le_v4SPD16_eabi.lib : defs.c.obj (.data:_ftable)
                  200008f0    00000078                                   : host_device.c.obj (.data:_device)
                  20000968    00000050                                   : host_device.c.obj (.data:_stream)
                  200009b8    00000034     main.obj (.data)
                  200009ec    00000018     main.obj (.data:leftWheel)
                  20000a04    00000018     main.obj (.data:rightWheel)
                  20000a1c    00000010     rtsv7M4_T_le_v4SPD16_eabi.lib : defs.c.obj (.data)
                  20000a2c    0000000c                                   : exit.c.obj (.data:$O1$$)
                  20000a38    00000008                                   : _lock.c.obj (.data:$O1$$)
                  20000a40    00000008                                   : memory.c.obj (.data:$O1$$)
                  20000a48    00000004                                   : errno.c.obj (.data)

.bss       0    20000a4c    000001c8     UNINITIALIZED
                  20000a4c    00000120     rtsv7M4_T_le_v4SPD16_eabi.lib : trgmsg.c.obj (.bss:_CIOBUF_)
                  20000b6c    000000a0     (.common:__TI_tmpnams)
                  20000c0c    00000008     (.common:parmbuf)

.stack     0    2000fe00    00000200     UNINITIALIZED
                  2000fe00    00000004     rtsv7M4_T_le_v4SPD16_eabi.lib : boot_cortex_m.c.obj (.stack)
                  2000fe04    000001fc     --HOLE--

__llvm_prf_cnts 
*          0    20000000    00000000     UNINITIALIZED

MODULE SUMMARY

       Module                        code    ro data   rw data
       ------                        ----    -------   -------
    .\
       main.obj                      2408    40        200    
       system_msp432p401r.obj        120     0         0      
    +--+-----------------------------+-------+---------+---------+
       Total:                        2528    40        200    
                                                              
    .\ccs\
       startup_msp432p401r_ccs.obj   14      228       0      
    +--+-----------------------------+-------+---------+---------+
       Total:                        14      228       0      
                                                              
    C:/ti/simplelink_msp432p4_sdk_3_40_01_02/source/ti/devices/msp432p4xx/driverlib/ccs/msp432p4xx_driverlib.lib
       gpio.o                        752     48        0      
       uart.o                        454     0         0      
       timer_a.o                     440     0         0      
       interrupt.o                   144     8         0      
       cs.o                          52      0         0      
       cpu.o                         12      0         0      
    +--+-----------------------------+-------+---------+---------+
       Total:                        1854    56        0      
                                                              
    C:\ti\ccs1040\ccs\tools\compiler\ti-cgt-arm_20.2.5.LTS\lib\rtsv7M4_T_le_v4SPD16_eabi.lib
       _printfi.c.obj                4851    0         0      
       defs.c.obj                    0       0         832    
       memory.c.obj                  672     0         16     
       trgmsg.c.obj                  108     0         576    
       fd_add_t2.asm.obj             438     0         0      
       host_device.c.obj             0       0         400    
       fd_div_t2.asm.obj             310     0         0      
       fputs.c.obj                   276     0         0      
       s_scalbn.c.obj                272     0         0      
       fd_cmp_t2.asm.obj             268     0         0      
       ctype.c.obj                   0       257       0      
       fd_mul_t2.asm.obj             252     0         0      
       setvbuf.c.obj                 220     0         0      
       memcpy_t2.asm.obj             156     0         0      
       ull_div_t2.asm.obj            150     0         0      
       fputc.c.obj                   140     0         0      
       memset_t2.asm.obj             122     0         0      
       fclose.c.obj                  116     0         0      
       getdevice.c.obj               116     0         0      
       hostopen.c.obj                96      0         16     
       printf.c.obj                  112     0         0      
       hostrename.c.obj              108     0         0      
       copy_decompress_lzss.c.obj    104     0         0      
       hostlseek.c.obj               104     0         0      
       exit.c.obj                    76      0         24     
       fseek.c.obj                   100     0         0      
       s_frexp.c.obj                 100     0         0      
       _io_perm.c.obj                98      0         0      
       close.c.obj                   92      0         0      
       hostread.c.obj                88      0         0      
       hostwrite.c.obj               88      0         0      
       _ltoa.c.obj                   84      0         0      
       atoi.c.obj                    76      0         0      
       fflush.c.obj                  76      0         0      
       fd_toi_t2.asm.obj             72      0         0      
       autoinit.c.obj                68      0         0      
       hostclose.c.obj               68      0         0      
       hostunlink.c.obj              68      0         0      
       strncpy.c.obj                 54      0         0      
       boot_cortex_m.c.obj           52      0         0      
       fopen.c.obj                   52      0         0      
       i_tofd_t2.asm.obj             46      0         0      
       unlink.c.obj                  44      0         0      
       lseek.c.obj                   40      0         0      
       write.c.obj                   40      0         0      
       memchr.c.obj                  32      0         0      
       copy_zero_init.c.obj          28      0         0      
       memccpy.c.obj                 28      0         0      
       s_copysign.c.obj              26      0         0      
       strcmp.c.obj                  24      0         0      
       strchr.c.obj                  22      0         0      
       strcpy.c.obj                  20      0         0      
       strlen.c.obj                  20      0         0      
       _lock.c.obj                   2       0         16     
       wcslen.c.obj                  18      0         0      
       errno.c.obj                   8       0         8      
       copy_decompress_none.c.obj    14      0         0      
       pre_init.c.obj                4       0         0      
       div0.asm.obj                  2       0         0      
    +--+-----------------------------+-------+---------+---------+
       Total:                        10721   257       1888   
                                                              
       Heap:                         0       0         4096   
       Stack:                        0       0         1024   
       Linker Generated:             0       169       0      
    +--+-----------------------------+-------+---------+---------+
       Grand Total:                  15117   750       7208   


LINKER GENERATED COPY TABLES

__TI_cinit_table @ 00003e08 records: 2, size/record: 8, table size: 16
	.data: load addr=00003d68, load size=00000085 bytes, run addr=20000800, run size=0000024c bytes, compression=lzss
	.bss: load addr=00003e00, load size=00000008 bytes, run addr=20000a4c, run size=000001c8 bytes, compression=zero_init


LINKER GENERATED HANDLER TABLE

__TI_handler_table @ 00003df0 records: 3, size/record: 4, table size: 12
	index: 0, handler: __TI_decompress_lzss
	index: 1, handler: __TI_decompress_none
	index: 2, handler: __TI_zero_init


GLOBAL SYMBOLS: SORTED ALPHABETICALLY BY Name 

address   name                                       
-------   ----                                       
00000b33  ADC14_IRQHandler                           
00000b33  AES256_IRQHandler                          
00000b33  BusFault_Handler                           
00003c01  C$$EXIT                                    
000035df  C$$IO$$                                    
00000b33  COMP_E0_IRQHandler                         
00000b33  COMP_E1_IRQHandler                         
00003bcb  CPU_cpsie                                  
00000b33  CS_IRQHandler                              
00003659  CS_setDCOCenteredFrequency                 
00000da5  CarPID                                     
00000b33  DMA_ERR_IRQHandler                         
00000b33  DMA_INT0_IRQHandler                        
00000b33  DMA_INT1_IRQHandler                        
00000b33  DMA_INT2_IRQHandler                        
00000b33  DMA_INT3_IRQHandler                        
00000b33  DebugMon_Handler                           
00000b33  Default_Handler                            
00000b33  EUSCIA0_IRQHandler                         
00000b33  EUSCIA1_IRQHandler                         
000014b1  EUSCIA2_IRQHandler                         
000014b1  EUSCIA2_IRQHandler                         
00000b33  EUSCIA3_IRQHandler                         
00000b33  EUSCIB0_IRQHandler                         
00000b33  EUSCIB1_IRQHandler                         
00000b33  EUSCIB2_IRQHandler                         
00000b33  EUSCIB3_IRQHandler                         
00000b33  FLCTL_IRQHandler                           
00000b33  FPU_IRQHandler                             
00003849  GPIO_clearInterruptFlag                    
00003871  GPIO_enableInterrupt                       
00002861  GPIO_getEnabledInterruptStatus             
00003961  GPIO_getInterruptStatus                    
00003075  GPIO_setAsInputPinWithPullUpResistor       
000034f5  GPIO_setAsOutputPin                        
00002645  GPIO_setAsPeripheralModuleFunctionInputPin 
000026cd  GPIO_setAsPeripheralModuleFunctionOutputPin
00003899  GPIO_setOutputHighOnPin                    
000038c1  GPIO_setOutputLowOnPin                     
000033a1  HOSTclose                                  
00002c8d  HOSTlseek                                  
00002fb9  HOSTopen                                   
000030cd  HOSTread                                   
00002c21  HOSTrename                                 
000033e5  HOSTunlink                                 
00003125  HOSTwrite                                  
00000b33  HardFault_Handler                          
000028e5  Interrupt_enableInterrupt                  
00003bad  Interrupt_enableMaster                     
00000b33  MemManage_Handler                          
00000b33  NMI_Handler                                
00000b33  PCM_IRQHandler                             
000019e5  PORT1_IRQHandler                           
000019e5  PORT1_IRQHandler                           
00002489  PORT2_IRQHandler                           
00002489  PORT2_IRQHandler                           
00002dc5  PORT3_IRQHandler                           
00002dc5  PORT3_IRQHandler                           
00002e29  PORT4_IRQHandler                           
00002e29  PORT4_IRQHandler                           
00000b33  PORT5_IRQHandler                           
00000b33  PORT6_IRQHandler                           
00000b33  PSS_IRQHandler                             
200009dc  PWML                                       
200009e0  PWMR                                       
00000b33  PendSV_Handler                             
00000b33  RTC_C_IRQHandler                           
00003bd7  Reset_Handler                              
00000b33  SVC_Handler                                
00000b33  SysTick_Handler                            
000029e1  SystemInit                                 
00000b33  T32_INT1_IRQHandler                        
00000b33  T32_INT2_IRQHandler                        
00000b33  T32_INTC_IRQHandler                        
00000b33  TA0_0_IRQHandler                           
00000b33  TA0_N_IRQHandler                           
00000b33  TA1_0_IRQHandler                           
00000b33  TA1_N_IRQHandler                           
00000b33  TA2_0_IRQHandler                           
00000b33  TA2_N_IRQHandler                           
00000b33  TA3_0_IRQHandler                           
00000b33  TA3_N_IRQHandler                           
00002a59  Timer_A_generatePWM                        
0000375d  UART_enableInterrupt                       
00003b1f  UART_enableModule                          
00001c3d  UART_initModule                            
0000378d  UART_receiveData                           
0000368d  UART_transmitData                          
00000b33  UsageFault_Handler                         
4000480c  WDTCTL_SYM                                 
00000b33  WDT_A_IRQHandler                           
20000a4c  __CIOBUF_                                  
20010000  __STACK_END                                
00000200  __STACK_SIZE                               
00000800  __SYSMEM_SIZE                              
00003e08  __TI_CINIT_Base                            
00003e18  __TI_CINIT_Limit                           
00003df0  __TI_Handler_Table_Base                    
00003dfc  __TI_Handler_Table_Limit                   
00003429  __TI_auto_init_nobinit_nopinit             
000036c1  __TI_cleanup                               
20000a2c  __TI_cleanup_ptr                           
00002acd  __TI_closefile                             
00002cf5  __TI_decompress_lzss                       
00003bbd  __TI_decompress_none                       
00003279  __TI_doflush                               
20000a30  __TI_dtors_ptr                             
20000a34  __TI_enable_exit_profile_output            
20000a1c  __TI_ft_end                                
000031d3  __TI_ltoa                                  
ffffffff  __TI_pprof_out_hndl                        
000000e5  __TI_printfi                               
ffffffff  __TI_prof_data_size                        
ffffffff  __TI_prof_data_start                       
000036f5  __TI_readmsg                               
00000000  __TI_static_base__                         
20000b6c  __TI_tmpnams                               
000035b1  __TI_writemsg                              
00002f55  __TI_wrt_ok                                
00003a7d  __TI_zero_init_nomemset                    
00002755  __aeabi_cdcmpeq                            
00002755  __aeabi_cdcmple                            
000027db  __aeabi_cdrcmple                           
00003359  __aeabi_d2iz                               
0000115f  __aeabi_dadd                               
000018ad  __aeabi_ddiv                               
0000207d  __aeabi_dmul                               
00001155  __aeabi_dsub                               
00003be5  __aeabi_errno_addr                         
000037ed  __aeabi_i2d                                
000019e3  __aeabi_idiv0                              
000019e3  __aeabi_ldiv0                              
00002965  __aeabi_memclr                             
00002965  __aeabi_memclr4                            
00002965  __aeabi_memclr8                            
000023eb  __aeabi_memcpy                             
000023eb  __aeabi_memcpy4                            
000023eb  __aeabi_memcpy8                            
00002967  __aeabi_memset                             
00002967  __aeabi_memset4                            
00002967  __aeabi_memset8                            
20000a28  __aeabi_stderr                             
20000a20  __aeabi_stdin                              
20000a24  __aeabi_stdout                             
00002521  __aeabi_uldivmod                           
ffffffff  __binit__                                  
ffffffff  __c_args__                                 
UNDEFED   __mpu_init                                 
2000fe00  __stack                                    
20000000  __start___llvm_prf_cnts                    
20000000  __stop___llvm_prf_cnts                     
00003729  _c_int00_noargs                            
00003c04  _ctypes_                                   
200008f0  _device                                    
20000800  _ftable                                    
20000a38  _lock                                      
0000130b  _nop                                       
20000968  _stream                                    
20000000  _sys_memory                                
UNDEFED   _system_post_cinit                         
00003bfd  _system_pre_init                           
20000a3c  _unlock                                    
00003c01  abort                                      
00001f7d  aligned_alloc                              
000032c5  atoi                                       
ffffffff  binit                                      
00003d38  bluetooth                                  
0000346d  checkOne                                   
00003019  close                                      
00003aed  copysign                                   
00003aed  copysignl                                  
00003573  delayMs                                    
20000a48  errno                                      
00003311  exit                                       
000037bd  finddevice                                 
000025b9  fputc                                      
00001d59  fputs                                      
00002179  free                                       
00002e8d  frexp                                      
00002e8d  frexpl                                     
00002ef1  fseek                                      
000034b1  getdevice                                  
00000000  interruptVectors                           
200009cc  lastErrorLeft                              
200009d0  lastErrorRight                             
00001e6d  ldexp                                      
00001e6d  ldexpl                                     
200009e4  leftCount                                  
200009ec  leftWheel                                  
00003911  lseek                                      
0000130d  main                                       
00003bed  malloc                                     
00001f7d  memalign                                   
00003ab5  memccpy                                    
00003a5d  memchr                                     
000023eb  memcpy                                     
0000296d  memset                                     
00003985  moveBackward                               
000039a9  moveForward                                
000039cd  moveLeft                                   
000039f1  moveRight                                  
00003a15  newPWM                                     
20000c0c  parmbuf                                    
00002d5d  printf                                     
000025b9  putc                                       
0000381d  remove                                     
200009e8  rightCount                                 
20000a04  rightWheel                                 
00001e6d  scalbn                                     
00001e6d  scalbnl                                    
00003ad1  set_All_LED2_Low                           
0000225d  setvbuf                                    
00003a39  stop                                       
00003b4b  stopLeftWheel                              
00003b5f  stopRightWheel                             
00003b35  strchr                                     
00003b07  strcmp                                     
00003b73  strcpy                                     
00003b87  strlen                                     
00003621  strncpy                                    
200009d4  totalErrorLeft                             
200009d8  totalErrorRight                            
000035e9  uPrintf                                    
0000381d  unlink                                     
00003b9b  wcslen                                     
00003939  write                                      


GLOBAL SYMBOLS: SORTED BY Symbol Address 

address   name                                       
-------   ----                                       
00000000  __TI_static_base__                         
00000000  interruptVectors                           
000000e5  __TI_printfi                               
00000200  __STACK_SIZE                               
00000800  __SYSMEM_SIZE                              
00000b33  ADC14_IRQHandler                           
00000b33  AES256_IRQHandler                          
00000b33  BusFault_Handler                           
00000b33  COMP_E0_IRQHandler                         
00000b33  COMP_E1_IRQHandler                         
00000b33  CS_IRQHandler                              
00000b33  DMA_ERR_IRQHandler                         
00000b33  DMA_INT0_IRQHandler                        
00000b33  DMA_INT1_IRQHandler                        
00000b33  DMA_INT2_IRQHandler                        
00000b33  DMA_INT3_IRQHandler                        
00000b33  DebugMon_Handler                           
00000b33  Default_Handler                            
00000b33  EUSCIA0_IRQHandler                         
00000b33  EUSCIA1_IRQHandler                         
00000b33  EUSCIA3_IRQHandler                         
00000b33  EUSCIB0_IRQHandler                         
00000b33  EUSCIB1_IRQHandler                         
00000b33  EUSCIB2_IRQHandler                         
00000b33  EUSCIB3_IRQHandler                         
00000b33  FLCTL_IRQHandler                           
00000b33  FPU_IRQHandler                             
00000b33  HardFault_Handler                          
00000b33  MemManage_Handler                          
00000b33  NMI_Handler                                
00000b33  PCM_IRQHandler                             
00000b33  PORT5_IRQHandler                           
00000b33  PORT6_IRQHandler                           
00000b33  PSS_IRQHandler                             
00000b33  PendSV_Handler                             
00000b33  RTC_C_IRQHandler                           
00000b33  SVC_Handler                                
00000b33  SysTick_Handler                            
00000b33  T32_INT1_IRQHandler                        
00000b33  T32_INT2_IRQHandler                        
00000b33  T32_INTC_IRQHandler                        
00000b33  TA0_0_IRQHandler                           
00000b33  TA0_N_IRQHandler                           
00000b33  TA1_0_IRQHandler                           
00000b33  TA1_N_IRQHandler                           
00000b33  TA2_0_IRQHandler                           
00000b33  TA2_N_IRQHandler                           
00000b33  TA3_0_IRQHandler                           
00000b33  TA3_N_IRQHandler                           
00000b33  UsageFault_Handler                         
00000b33  WDT_A_IRQHandler                           
00000da5  CarPID                                     
00001155  __aeabi_dsub                               
0000115f  __aeabi_dadd                               
0000130b  _nop                                       
0000130d  main                                       
000014b1  EUSCIA2_IRQHandler                         
000014b1  EUSCIA2_IRQHandler                         
000018ad  __aeabi_ddiv                               
000019e3  __aeabi_idiv0                              
000019e3  __aeabi_ldiv0                              
000019e5  PORT1_IRQHandler                           
000019e5  PORT1_IRQHandler                           
00001c3d  UART_initModule                            
00001d59  fputs                                      
00001e6d  ldexp                                      
00001e6d  ldexpl                                     
00001e6d  scalbn                                     
00001e6d  scalbnl                                    
00001f7d  aligned_alloc                              
00001f7d  memalign                                   
0000207d  __aeabi_dmul                               
00002179  free                                       
0000225d  setvbuf                                    
000023eb  __aeabi_memcpy                             
000023eb  __aeabi_memcpy4                            
000023eb  __aeabi_memcpy8                            
000023eb  memcpy                                     
00002489  PORT2_IRQHandler                           
00002489  PORT2_IRQHandler                           
00002521  __aeabi_uldivmod                           
000025b9  fputc                                      
000025b9  putc                                       
00002645  GPIO_setAsPeripheralModuleFunctionInputPin 
000026cd  GPIO_setAsPeripheralModuleFunctionOutputPin
00002755  __aeabi_cdcmpeq                            
00002755  __aeabi_cdcmple                            
000027db  __aeabi_cdrcmple                           
00002861  GPIO_getEnabledInterruptStatus             
000028e5  Interrupt_enableInterrupt                  
00002965  __aeabi_memclr                             
00002965  __aeabi_memclr4                            
00002965  __aeabi_memclr8                            
00002967  __aeabi_memset                             
00002967  __aeabi_memset4                            
00002967  __aeabi_memset8                            
0000296d  memset                                     
000029e1  SystemInit                                 
00002a59  Timer_A_generatePWM                        
00002acd  __TI_closefile                             
00002c21  HOSTrename                                 
00002c8d  HOSTlseek                                  
00002cf5  __TI_decompress_lzss                       
00002d5d  printf                                     
00002dc5  PORT3_IRQHandler                           
00002dc5  PORT3_IRQHandler                           
00002e29  PORT4_IRQHandler                           
00002e29  PORT4_IRQHandler                           
00002e8d  frexp                                      
00002e8d  frexpl                                     
00002ef1  fseek                                      
00002f55  __TI_wrt_ok                                
00002fb9  HOSTopen                                   
00003019  close                                      
00003075  GPIO_setAsInputPinWithPullUpResistor       
000030cd  HOSTread                                   
00003125  HOSTwrite                                  
000031d3  __TI_ltoa                                  
00003279  __TI_doflush                               
000032c5  atoi                                       
00003311  exit                                       
00003359  __aeabi_d2iz                               
000033a1  HOSTclose                                  
000033e5  HOSTunlink                                 
00003429  __TI_auto_init_nobinit_nopinit             
0000346d  checkOne                                   
000034b1  getdevice                                  
000034f5  GPIO_setAsOutputPin                        
00003573  delayMs                                    
000035b1  __TI_writemsg                              
000035df  C$$IO$$                                    
000035e9  uPrintf                                    
00003621  strncpy                                    
00003659  CS_setDCOCenteredFrequency                 
0000368d  UART_transmitData                          
000036c1  __TI_cleanup                               
000036f5  __TI_readmsg                               
00003729  _c_int00_noargs                            
0000375d  UART_enableInterrupt                       
0000378d  UART_receiveData                           
000037bd  finddevice                                 
000037ed  __aeabi_i2d                                
0000381d  remove                                     
0000381d  unlink                                     
00003849  GPIO_clearInterruptFlag                    
00003871  GPIO_enableInterrupt                       
00003899  GPIO_setOutputHighOnPin                    
000038c1  GPIO_setOutputLowOnPin                     
00003911  lseek                                      
00003939  write                                      
00003961  GPIO_getInterruptStatus                    
00003985  moveBackward                               
000039a9  moveForward                                
000039cd  moveLeft                                   
000039f1  moveRight                                  
00003a15  newPWM                                     
00003a39  stop                                       
00003a5d  memchr                                     
00003a7d  __TI_zero_init_nomemset                    
00003ab5  memccpy                                    
00003ad1  set_All_LED2_Low                           
00003aed  copysign                                   
00003aed  copysignl                                  
00003b07  strcmp                                     
00003b1f  UART_enableModule                          
00003b35  strchr                                     
00003b4b  stopLeftWheel                              
00003b5f  stopRightWheel                             
00003b73  strcpy                                     
00003b87  strlen                                     
00003b9b  wcslen                                     
00003bad  Interrupt_enableMaster                     
00003bbd  __TI_decompress_none                       
00003bcb  CPU_cpsie                                  
00003bd7  Reset_Handler                              
00003be5  __aeabi_errno_addr                         
00003bed  malloc                                     
00003bfd  _system_pre_init                           
00003c01  C$$EXIT                                    
00003c01  abort                                      
00003c04  _ctypes_                                   
00003d38  bluetooth                                  
00003df0  __TI_Handler_Table_Base                    
00003dfc  __TI_Handler_Table_Limit                   
00003e08  __TI_CINIT_Base                            
00003e18  __TI_CINIT_Limit                           
20000000  __start___llvm_prf_cnts                    
20000000  __stop___llvm_prf_cnts                     
20000000  _sys_memory                                
20000800  _ftable                                    
200008f0  _device                                    
20000968  _stream                                    
200009cc  lastErrorLeft                              
200009d0  lastErrorRight                             
200009d4  totalErrorLeft                             
200009d8  totalErrorRight                            
200009dc  PWML                                       
200009e0  PWMR                                       
200009e4  leftCount                                  
200009e8  rightCount                                 
200009ec  leftWheel                                  
20000a04  rightWheel                                 
20000a1c  __TI_ft_end                                
20000a20  __aeabi_stdin                              
20000a24  __aeabi_stdout                             
20000a28  __aeabi_stderr                             
20000a2c  __TI_cleanup_ptr                           
20000a30  __TI_dtors_ptr                             
20000a34  __TI_enable_exit_profile_output            
20000a38  _lock                                      
20000a3c  _unlock                                    
20000a48  errno                                      
20000a4c  __CIOBUF_                                  
20000b6c  __TI_tmpnams                               
20000c0c  parmbuf                                    
2000fe00  __stack                                    
20010000  __STACK_END                                
4000480c  WDTCTL_SYM                                 
ffffffff  __TI_pprof_out_hndl                        
ffffffff  __TI_prof_data_size                        
ffffffff  __TI_prof_data_start                       
ffffffff  __binit__                                  
ffffffff  __c_args__                                 
ffffffff  binit                                      
UNDEFED   __mpu_init                                 
UNDEFED   _system_post_cinit                         

[226 symbols]
