******************************************************************************
                  TI ARM Linker PC v20.2.5                     
******************************************************************************
>> Linked Mon Dec  6 11:08:36 2021

OUTPUT FILE NAME:   <MSP432 Robotic Car Version 1.0.out>
ENTRY POINT SYMBOL: "_c_int00_noargs"  address: 000032cd


MEMORY CONFIGURATION

         name            origin    length      used     unused   attr    fill
----------------------  --------  ---------  --------  --------  ----  --------
  MAIN                  00000000   00040000  00003998  0003c668  R  X
  INFO                  00200000   00004000  00000000  00004000  R  X
  SRAM_CODE             01000000   00010000  00000df4  0000f20c  RW X
  SRAM_DATA             20000000   00010000  00000df4  0000f20c  RW  


SEGMENT ALLOCATION MAP

run origin  load origin   length   init length attrs members
----------  ----------- ---------- ----------- ----- -------
00000000    00000000    00003998   00003998    r-x
  00000000    00000000    000000e4   000000e4    r-- .intvecs
  000000e4    000000e4    000036a0   000036a0    r-x .text
  00003784    00003784    00000164   00000164    r-- .const
  000038e8    000038e8    000000b0   000000b0    r-- .cinit
20000000    20000000    00000bf4   00000000    rw-
  20000000    20000000    00000800   00000000    rw- .sysmem
  20000800    20000800    0000022c   00000000    rw- .data
  20000a2c    20000a2c    000001c8   00000000    rw- .bss
2000fe00    2000fe00    00000200   00000000    rw-
  2000fe00    2000fe00    00000200   00000000    rw- .stack


SECTION ALLOCATION MAP

 output                                  attributes/
section   page    origin      length       input sections
--------  ----  ----------  ----------   ----------------
.intvecs   0    00000000    000000e4     
                  00000000    000000e4     startup_msp432p401r_ccs.obj (.intvecs:retain)

.text      0    000000e4    000036a0     
                  000000e4    00000a4e     rtsv7M4_T_le_v4SPD16_eabi.lib : _printfi.c.obj (.text:__TI_printfi)
                  00000b32    00000002     startup_msp432p401r_ccs.obj (.text:Default_Handler)
                  00000b34    00000270     rtsv7M4_T_le_v4SPD16_eabi.lib : _printfi.c.obj (.text:_pconv_a)
                  00000da4    000001d0                                   : _printfi.c.obj (.text:_pconv_g)
                  00000f74    000001b6                                   : fd_add_t2.asm.obj (.text)
                  0000112a    00000002                                   : _lock.c.obj (.text:_nop)
                  0000112c    000001a0     main.obj (.text:main)
                  000012cc    00000144     msp432p4xx_driverlib.lib : timer_a.o (.text:privateTimer_AProcessClockSourceDivider)
                  00001410    0000013c     rtsv7M4_T_le_v4SPD16_eabi.lib : _printfi.c.obj (.text:_pconv_e)
                  0000154c    00000136                                   : fd_div_t2.asm.obj (.text)
                  00001682    00000002                                   : div0.asm.obj (.text)
                  00001684    00000134     main.obj (.text:PORT1_IRQHandler)
                  000017b8    00000124     rtsv7M4_T_le_v4SPD16_eabi.lib : _printfi.c.obj (.text:fcvt)
                  000018dc    0000011c     msp432p4xx_driverlib.lib : uart.o (.text:UART_initModule)
                  000019f8    00000114     rtsv7M4_T_le_v4SPD16_eabi.lib : fputs.c.obj (.text:fputs)
                  00001b0c    00000110                                   : s_scalbn.c.obj (.text:scalbn)
                  00001c1c    00000100                                   : memory.c.obj (.text:aligned_alloc)
                  00001d1c    000000fc                                   : fd_mul_t2.asm.obj (.text)
                  00001e18    000000e4                                   : memory.c.obj (.text:free)
                  00001efc    000000dc                                   : setvbuf.c.obj (.text:setvbuf)
                  00001fd8    000000d4     main.obj (.text:EUSCIA2_IRQHandler)
                  000020ac    000000b1     rtsv7M4_T_le_v4SPD16_eabi.lib : _printfi.c.obj (.text:_ltostr)
                  0000215d    00000001     --HOLE-- [fill = 0]
                  0000215e    0000009c                                   : memcpy_t2.asm.obj (.text)
                  000021fa    00000096                                   : ull_div_t2.asm.obj (.text)
                  00002290    0000008c                                   : fputc.c.obj (.text:fputc)
                  0000231c    00000088     msp432p4xx_driverlib.lib : gpio.o (.text:GPIO_setAsPeripheralModuleFunctionInputPin)
                  000023a4    00000088                              : gpio.o (.text:GPIO_setAsPeripheralModuleFunctionOutputPin)
                  0000242c    00000086     rtsv7M4_T_le_v4SPD16_eabi.lib : fd_cmp_t2.asm.obj (.text:__aeabi_cdcmple)
                  000024b2    00000086                                   : fd_cmp_t2.asm.obj (.text:__aeabi_cdrcmple)
                  00002538    00000080     msp432p4xx_driverlib.lib : interrupt.o (.text:Interrupt_enableInterrupt)
                  000025b8    0000007a     rtsv7M4_T_le_v4SPD16_eabi.lib : memset_t2.asm.obj (.text)
                  00002632    00000002     --HOLE-- [fill = 0]
                  00002634    00000078     system_msp432p401r.obj (.text:SystemInit)
                  000026ac    00000074     msp432p4xx_driverlib.lib : timer_a.o (.text:Timer_A_generatePWM)
                  00002720    00000074     rtsv7M4_T_le_v4SPD16_eabi.lib : fclose.c.obj (.text:__TI_closefile)
                  00002794    00000070                                   : memory.c.obj (.text:split)
                  00002804    0000006e                                   : _printfi.c.obj (.text:_mcpy)
                  00002872    00000002     --HOLE-- [fill = 0]
                  00002874    0000006c                                   : hostrename.c.obj (.text:HOSTrename)
                  000028e0    00000068                                   : hostlseek.c.obj (.text:HOSTlseek)
                  00002948    00000068                                   : copy_decompress_lzss.c.obj (.text:decompress:lzss:__TI_decompress_lzss)
                  000029b0    00000068                                   : printf.c.obj (.text:printf)
                  00002a18    00000064     main.obj (.text:PORT2_IRQHandler)
                  00002a7c    00000064     main.obj (.text:PORT3_IRQHandler)
                  00002ae0    00000064     rtsv7M4_T_le_v4SPD16_eabi.lib : s_frexp.c.obj (.text:frexp)
                  00002b44    00000064                                   : fseek.c.obj (.text:fseek)
                  00002ba8    00000062                                   : _io_perm.c.obj (.text:__TI_wrt_ok)
                  00002c0a    00000002     --HOLE-- [fill = 0]
                  00002c0c    00000060                                   : hostopen.c.obj (.text:HOSTopen)
                  00002c6c    0000005c                                   : close.c.obj (.text:close)
                  00002cc8    00000058     msp432p4xx_driverlib.lib : gpio.o (.text:GPIO_setAsInputPinWithPullUpResistor)
                  00002d20    00000058     rtsv7M4_T_le_v4SPD16_eabi.lib : hostread.c.obj (.text:HOSTread)
                  00002d78    00000058                                   : hostwrite.c.obj (.text:HOSTwrite)
                  00002dd0    00000056                                   : _printfi.c.obj (.text:_pconv_f)
                  00002e26    00000054                                   : _ltoa.c.obj (.text:__TI_ltoa)
                  00002e7a    00000052                                   : _printfi.c.obj (.text:_ecpy)
                  00002ecc    0000004c                                   : fflush.c.obj (.text:__TI_doflush)
                  00002f18    0000004c                                   : atoi.c.obj (.text:atoi)
                  00002f64    00000048                                   : exit.c.obj (.text:exit)
                  00002fac    00000048                                   : fd_toi_t2.asm.obj (.text)
                  00002ff4    00000044                                   : hostclose.c.obj (.text:HOSTclose)
                  00003038    00000044                                   : hostunlink.c.obj (.text:HOSTunlink)
                  0000307c    00000044                                   : autoinit.c.obj (.text:__TI_auto_init_nobinit_nopinit:__TI_auto_init_nobinit_nopinit)
                  000030c0    00000044                                   : getdevice.c.obj (.text:getdevice)
                  00003104    00000040     msp432p4xx_driverlib.lib : gpio.o (.text:GPIO_setAsOutputPin)
                  00003144    0000003e     rtsv7M4_T_le_v4SPD16_eabi.lib : _printfi.c.obj (.text:_fcpy)
                  00003182    0000003c     main.obj (.text:delayMs)
                  000031be    00000002     --HOLE-- [fill = 0]
                  000031c0    00000038     rtsv7M4_T_le_v4SPD16_eabi.lib : trgmsg.c.obj (.text:__TI_writemsg)
                  000031f8    00000036                                   : strncpy.c.obj (.text:strncpy)
                  0000322e    00000002     --HOLE-- [fill = 0]
                  00003230    00000034     msp432p4xx_driverlib.lib : cs.o (.text:CS_setDCOCenteredFrequency)
                  00003264    00000034     rtsv7M4_T_le_v4SPD16_eabi.lib : fopen.c.obj (.text:__TI_cleanup)
                  00003298    00000034                                   : trgmsg.c.obj (.text:__TI_readmsg)
                  000032cc    00000034                                   : boot_cortex_m.c.obj (.text:_c_int00_noargs:_c_int00_noargs)
                  00003300    00000030     msp432p4xx_driverlib.lib : uart.o (.text:UART_enableInterrupt)
                  00003330    00000030                              : uart.o (.text:UART_receiveData)
                  00003360    00000030     rtsv7M4_T_le_v4SPD16_eabi.lib : getdevice.c.obj (.text:finddevice)
                  00003390    0000002e                                   : i_tofd_t2.asm.obj (.text)
                  000033be    00000002     --HOLE-- [fill = 0]
                  000033c0    0000002c                                   : unlink.c.obj (.text:unlink)
                  000033ec    00000028     msp432p4xx_driverlib.lib : gpio.o (.text:GPIO_clearInterruptFlag)
                  00003414    00000028                              : gpio.o (.text:GPIO_enableInterrupt)
                  0000343c    00000028                              : gpio.o (.text:GPIO_setOutputHighOnPin)
                  00003464    00000028                              : gpio.o (.text:GPIO_setOutputLowOnPin)
                  0000348c    00000028     rtsv7M4_T_le_v4SPD16_eabi.lib : memory.c.obj (.text:free_list_insert)
                  000034b4    00000028                                   : lseek.c.obj (.text:lseek)
                  000034dc    00000028                                   : write.c.obj (.text:write)
                  00003504    00000024     msp432p4xx_driverlib.lib : gpio.o (.text:GPIO_getInterruptStatus)
                  00003528    00000024     main.obj (.text:moveBackward)
                  0000354c    00000024     main.obj (.text:moveForward)
                  00003570    00000024     main.obj (.text:moveLeft)
                  00003594    00000024     main.obj (.text:moveRight)
                  000035b8    00000024     main.obj (.text:stop)
                  000035dc    00000020     rtsv7M4_T_le_v4SPD16_eabi.lib : memchr.c.obj (.text:memchr)
                  000035fc    0000001c                                   : copy_zero_init.c.obj (.text:decompress:ZI:__TI_zero_init_nomemset:__TI_zero_init_nomemset)
                  00003618    0000001c                                   : memory.c.obj (.text:free_list_remove)
                  00003634    0000001c                                   : memccpy.c.obj (.text:memccpy)
                  00003650    0000001c     main.obj (.text:set_All_LED2_Low)
                  0000366c    0000001a     rtsv7M4_T_le_v4SPD16_eabi.lib : s_copysign.c.obj (.text:copysign)
                  00003686    00000018                                   : strcmp.c.obj (.text:strcmp)
                  0000369e    00000016     msp432p4xx_driverlib.lib : uart.o (.text:UART_enableModule)
                  000036b4    00000016     rtsv7M4_T_le_v4SPD16_eabi.lib : strchr.c.obj (.text:strchr)
                  000036ca    00000014     main.obj (.text:stopLeftWheel)
                  000036de    00000014     main.obj (.text:stopRightWheel)
                  000036f2    00000014     rtsv7M4_T_le_v4SPD16_eabi.lib : strcpy.c.obj (.text:strcpy)
                  00003706    00000014                                   : strlen.c.obj (.text:strlen)
                  0000371a    00000012                                   : wcslen.c.obj (.text:wcslen)
                  0000372c    00000010     msp432p4xx_driverlib.lib : interrupt.o (.text:Interrupt_enableMaster)
                  0000373c    0000000e     rtsv7M4_T_le_v4SPD16_eabi.lib : copy_decompress_none.c.obj (.text:decompress:none:__TI_decompress_none)
                  0000374a    0000000c     msp432p4xx_driverlib.lib : cpu.o (.text:CPU_cpsie)
                  00003756    0000000c     startup_msp432p401r_ccs.obj (.text:Reset_Handler)
                  00003762    00000002     --HOLE-- [fill = 0]
                  00003764    00000008     rtsv7M4_T_le_v4SPD16_eabi.lib : errno.c.obj (.text:__aeabi_errno_addr)
                  0000376c    00000008                                   : memory.c.obj (.text:malloc)
                  00003774    00000004                                   : printf.c.obj (.text:_outc)
                  00003778    00000004                                   : printf.c.obj (.text:_outs)
                  0000377c    00000004                                   : pre_init.c.obj (.text:_system_pre_init)
                  00003780    00000004                                   : exit.c.obj (.text:abort:abort)

.const     0    00003784    00000164     
                  00003784    00000101     rtsv7M4_T_le_v4SPD16_eabi.lib : ctype.c.obj (.const:.string:_ctypes_)
                  00003885    00000003     --HOLE-- [fill = 0]
                  00003888    00000030     msp432p4xx_driverlib.lib : gpio.o (.const:GPIO_PORT_TO_BASE)
                  000038b8    00000028     main.obj (.const:bluetooth)
                  000038e0    00000008     msp432p4xx_driverlib.lib : interrupt.o (.const:g_pulEnRegs)

.cinit     0    000038e8    000000b0     
                  000038e8    00000085     (.cinit..data.load) [load image, compression = lzss]
                  0000396d    00000003     --HOLE-- [fill = 0]
                  00003970    0000000c     (__TI_handler_table)
                  0000397c    00000004     --HOLE-- [fill = 0]
                  00003980    00000008     (.cinit..bss.load) [load image, compression = zero_init]
                  00003988    00000010     (__TI_cinit_table)

.init_array 
*          0    00000000    00000000     UNINITIALIZED

.binit     0    00000000    00000000     

.sysmem    0    20000000    00000800     UNINITIALIZED
                  20000000    00000010     rtsv7M4_T_le_v4SPD16_eabi.lib : memory.c.obj (.sysmem)
                  20000010    000007f0     --HOLE--

.data      0    20000800    0000022c     UNINITIALIZED
                  20000800    000000f0     rtsv7M4_T_le_v4SPD16_eabi.lib : defs.c.obj (.data:_ftable)
                  200008f0    00000078                                   : host_device.c.obj (.data:_device)
                  20000968    00000050                                   : host_device.c.obj (.data:_stream)
                  200009b8    00000018     main.obj (.data:leftWheel)
                  200009d0    00000018     main.obj (.data:rightWheel)
                  200009e8    00000014     main.obj (.data)
                  200009fc    00000010     rtsv7M4_T_le_v4SPD16_eabi.lib : defs.c.obj (.data)
                  20000a0c    0000000c                                   : exit.c.obj (.data:$O1$$)
                  20000a18    00000008                                   : _lock.c.obj (.data:$O1$$)
                  20000a20    00000008                                   : memory.c.obj (.data:$O1$$)
                  20000a28    00000004                                   : errno.c.obj (.data)

.bss       0    20000a2c    000001c8     UNINITIALIZED
                  20000a2c    00000120     rtsv7M4_T_le_v4SPD16_eabi.lib : trgmsg.c.obj (.bss:_CIOBUF_)
                  20000b4c    000000a0     (.common:__TI_tmpnams)
                  20000bec    00000008     (.common:parmbuf)

.stack     0    2000fe00    00000200     UNINITIALIZED
                  2000fe00    00000004     rtsv7M4_T_le_v4SPD16_eabi.lib : boot_cortex_m.c.obj (.stack)
                  2000fe04    000001fc     --HOLE--

__llvm_prf_cnts 
*          0    20000000    00000000     UNINITIALIZED

MODULE SUMMARY

       Module                        code    ro data   rw data
       ------                        ----    -------   -------
    .\
       main.obj                      1444    40        136    
       system_msp432p401r.obj        120     0         0      
    +--+-----------------------------+-------+---------+---------+
       Total:                        1564    40        136    
                                                              
    .\ccs\
       startup_msp432p401r_ccs.obj   14      228       0      
    +--+-----------------------------+-------+---------+---------+
       Total:                        14      228       0      
                                                              
    C:/ti/simplelink_msp432p4_sdk_3_40_01_02/source/ti/devices/msp432p4xx/driverlib/ccs/msp432p4xx_driverlib.lib
       gpio.o                        620     48        0      
       timer_a.o                     440     0         0      
       uart.o                        402     0         0      
       interrupt.o                   144     8         0      
       cs.o                          52      0         0      
       cpu.o                         12      0         0      
    +--+-----------------------------+-------+---------+---------+
       Total:                        1670    56        0      
                                                              
    C:\ti\ccs1040\ccs\tools\compiler\ti-cgt-arm_20.2.5.LTS\lib\rtsv7M4_T_le_v4SPD16_eabi.lib
       _printfi.c.obj                4851    0         0      
       defs.c.obj                    0       0         832    
       memory.c.obj                  672     0         16     
       trgmsg.c.obj                  108     0         576    
       fd_add_t2.asm.obj             438     0         0      
       host_device.c.obj             0       0         400    
       fd_div_t2.asm.obj             310     0         0      
       fputs.c.obj                   276     0         0      
       s_scalbn.c.obj                272     0         0      
       fd_cmp_t2.asm.obj             268     0         0      
       ctype.c.obj                   0       257       0      
       fd_mul_t2.asm.obj             252     0         0      
       setvbuf.c.obj                 220     0         0      
       memcpy_t2.asm.obj             156     0         0      
       ull_div_t2.asm.obj            150     0         0      
       fputc.c.obj                   140     0         0      
       memset_t2.asm.obj             122     0         0      
       fclose.c.obj                  116     0         0      
       getdevice.c.obj               116     0         0      
       hostopen.c.obj                96      0         16     
       printf.c.obj                  112     0         0      
       hostrename.c.obj              108     0         0      
       copy_decompress_lzss.c.obj    104     0         0      
       hostlseek.c.obj               104     0         0      
       exit.c.obj                    76      0         24     
       fseek.c.obj                   100     0         0      
       s_frexp.c.obj                 100     0         0      
       _io_perm.c.obj                98      0         0      
       close.c.obj                   92      0         0      
       hostread.c.obj                88      0         0      
       hostwrite.c.obj               88      0         0      
       _ltoa.c.obj                   84      0         0      
       atoi.c.obj                    76      0         0      
       fflush.c.obj                  76      0         0      
       fd_toi_t2.asm.obj             72      0         0      
       autoinit.c.obj                68      0         0      
       hostclose.c.obj               68      0         0      
       hostunlink.c.obj              68      0         0      
       strncpy.c.obj                 54      0         0      
       boot_cortex_m.c.obj           52      0         0      
       fopen.c.obj                   52      0         0      
       i_tofd_t2.asm.obj             46      0         0      
       unlink.c.obj                  44      0         0      
       lseek.c.obj                   40      0         0      
       write.c.obj                   40      0         0      
       memchr.c.obj                  32      0         0      
       copy_zero_init.c.obj          28      0         0      
       memccpy.c.obj                 28      0         0      
       s_copysign.c.obj              26      0         0      
       strcmp.c.obj                  24      0         0      
       strchr.c.obj                  22      0         0      
       strcpy.c.obj                  20      0         0      
       strlen.c.obj                  20      0         0      
       _lock.c.obj                   2       0         16     
       wcslen.c.obj                  18      0         0      
       errno.c.obj                   8       0         8      
       copy_decompress_none.c.obj    14      0         0      
       pre_init.c.obj                4       0         0      
       div0.asm.obj                  2       0         0      
    +--+-----------------------------+-------+---------+---------+
       Total:                        10721   257       1888   
                                                              
       Heap:                         0       0         4096   
       Stack:                        0       0         1024   
       Linker Generated:             0       169       0      
    +--+-----------------------------+-------+---------+---------+
       Grand Total:                  13969   750       7144   


LINKER GENERATED COPY TABLES

__TI_cinit_table @ 00003988 records: 2, size/record: 8, table size: 16
	.data: load addr=000038e8, load size=00000085 bytes, run addr=20000800, run size=0000022c bytes, compression=lzss
	.bss: load addr=00003980, load size=00000008 bytes, run addr=20000a2c, run size=000001c8 bytes, compression=zero_init


LINKER GENERATED HANDLER TABLE

__TI_handler_table @ 00003970 records: 3, size/record: 4, table size: 12
	index: 0, handler: __TI_decompress_lzss
	index: 1, handler: __TI_decompress_none
	index: 2, handler: __TI_zero_init


GLOBAL SYMBOLS: SORTED ALPHABETICALLY BY Name 

address   name                                       
-------   ----                                       
00000b33  ADC14_IRQHandler                           
00000b33  AES256_IRQHandler                          
00000b33  BusFault_Handler                           
00003781  C$$EXIT                                    
000031ef  C$$IO$$                                    
00000b33  COMP_E0_IRQHandler                         
00000b33  COMP_E1_IRQHandler                         
0000374b  CPU_cpsie                                  
00000b33  CS_IRQHandler                              
00003231  CS_setDCOCenteredFrequency                 
00000b33  DMA_ERR_IRQHandler                         
00000b33  DMA_INT0_IRQHandler                        
00000b33  DMA_INT1_IRQHandler                        
00000b33  DMA_INT2_IRQHandler                        
00000b33  DMA_INT3_IRQHandler                        
00000b33  DebugMon_Handler                           
00000b33  Default_Handler                            
00000b33  EUSCIA0_IRQHandler                         
00000b33  EUSCIA1_IRQHandler                         
00001fd9  EUSCIA2_IRQHandler                         
00001fd9  EUSCIA2_IRQHandler                         
00000b33  EUSCIA3_IRQHandler                         
00000b33  EUSCIB0_IRQHandler                         
00000b33  EUSCIB1_IRQHandler                         
00000b33  EUSCIB2_IRQHandler                         
00000b33  EUSCIB3_IRQHandler                         
00000b33  FLCTL_IRQHandler                           
00000b33  FPU_IRQHandler                             
000033ed  GPIO_clearInterruptFlag                    
00003415  GPIO_enableInterrupt                       
00003505  GPIO_getInterruptStatus                    
00002cc9  GPIO_setAsInputPinWithPullUpResistor       
00003105  GPIO_setAsOutputPin                        
0000231d  GPIO_setAsPeripheralModuleFunctionInputPin 
000023a5  GPIO_setAsPeripheralModuleFunctionOutputPin
0000343d  GPIO_setOutputHighOnPin                    
00003465  GPIO_setOutputLowOnPin                     
00002ff5  HOSTclose                                  
000028e1  HOSTlseek                                  
00002c0d  HOSTopen                                   
00002d21  HOSTread                                   
00002875  HOSTrename                                 
00003039  HOSTunlink                                 
00002d79  HOSTwrite                                  
00000b33  HardFault_Handler                          
00002539  Interrupt_enableInterrupt                  
0000372d  Interrupt_enableMaster                     
00000b33  MemManage_Handler                          
00000b33  NMI_Handler                                
00000b33  PCM_IRQHandler                             
00001685  PORT1_IRQHandler                           
00001685  PORT1_IRQHandler                           
00002a19  PORT2_IRQHandler                           
00002a19  PORT2_IRQHandler                           
00002a7d  PORT3_IRQHandler                           
00002a7d  PORT3_IRQHandler                           
00000b33  PORT4_IRQHandler                           
00000b33  PORT5_IRQHandler                           
00000b33  PORT6_IRQHandler                           
00000b33  PSS_IRQHandler                             
00000b33  PendSV_Handler                             
00000b33  RTC_C_IRQHandler                           
00003757  Reset_Handler                              
00000b33  SVC_Handler                                
00000b33  SysTick_Handler                            
00002635  SystemInit                                 
00000b33  T32_INT1_IRQHandler                        
00000b33  T32_INT2_IRQHandler                        
00000b33  T32_INTC_IRQHandler                        
00000b33  TA0_0_IRQHandler                           
00000b33  TA0_N_IRQHandler                           
00000b33  TA1_0_IRQHandler                           
00000b33  TA1_N_IRQHandler                           
00000b33  TA2_0_IRQHandler                           
00000b33  TA2_N_IRQHandler                           
00000b33  TA3_0_IRQHandler                           
00000b33  TA3_N_IRQHandler                           
000026ad  Timer_A_generatePWM                        
00003301  UART_enableInterrupt                       
0000369f  UART_enableModule                          
000018dd  UART_initModule                            
00003331  UART_receiveData                           
00000b33  UsageFault_Handler                         
4000480c  WDTCTL_SYM                                 
00000b33  WDT_A_IRQHandler                           
20000a2c  __CIOBUF_                                  
20010000  __STACK_END                                
00000200  __STACK_SIZE                               
00000800  __SYSMEM_SIZE                              
00003988  __TI_CINIT_Base                            
00003998  __TI_CINIT_Limit                           
00003970  __TI_Handler_Table_Base                    
0000397c  __TI_Handler_Table_Limit                   
0000307d  __TI_auto_init_nobinit_nopinit             
00003265  __TI_cleanup                               
20000a0c  __TI_cleanup_ptr                           
00002721  __TI_closefile                             
00002949  __TI_decompress_lzss                       
0000373d  __TI_decompress_none                       
00002ecd  __TI_doflush                               
20000a10  __TI_dtors_ptr                             
20000a14  __TI_enable_exit_profile_output            
200009fc  __TI_ft_end                                
00002e27  __TI_ltoa                                  
ffffffff  __TI_pprof_out_hndl                        
000000e5  __TI_printfi                               
ffffffff  __TI_prof_data_size                        
ffffffff  __TI_prof_data_start                       
00003299  __TI_readmsg                               
00000000  __TI_static_base__                         
20000b4c  __TI_tmpnams                               
000031c1  __TI_writemsg                              
00002ba9  __TI_wrt_ok                                
000035fd  __TI_zero_init_nomemset                    
0000242d  __aeabi_cdcmpeq                            
0000242d  __aeabi_cdcmple                            
000024b3  __aeabi_cdrcmple                           
00002fad  __aeabi_d2iz                               
00000f7f  __aeabi_dadd                               
0000154d  __aeabi_ddiv                               
00001d1d  __aeabi_dmul                               
00000f75  __aeabi_dsub                               
00003765  __aeabi_errno_addr                         
00003391  __aeabi_i2d                                
00001683  __aeabi_idiv0                              
00001683  __aeabi_ldiv0                              
000025b9  __aeabi_memclr                             
000025b9  __aeabi_memclr4                            
000025b9  __aeabi_memclr8                            
0000215f  __aeabi_memcpy                             
0000215f  __aeabi_memcpy4                            
0000215f  __aeabi_memcpy8                            
000025bb  __aeabi_memset                             
000025bb  __aeabi_memset4                            
000025bb  __aeabi_memset8                            
20000a08  __aeabi_stderr                             
20000a00  __aeabi_stdin                              
20000a04  __aeabi_stdout                             
000021fb  __aeabi_uldivmod                           
ffffffff  __binit__                                  
ffffffff  __c_args__                                 
UNDEFED   __mpu_init                                 
2000fe00  __stack                                    
20000000  __start___llvm_prf_cnts                    
20000000  __stop___llvm_prf_cnts                     
000032cd  _c_int00_noargs                            
00003784  _ctypes_                                   
200008f0  _device                                    
20000800  _ftable                                    
20000a18  _lock                                      
0000112b  _nop                                       
20000968  _stream                                    
20000000  _sys_memory                                
UNDEFED   _system_post_cinit                         
0000377d  _system_pre_init                           
20000a1c  _unlock                                    
00003781  abort                                      
00001c1d  aligned_alloc                              
00002f19  atoi                                       
ffffffff  binit                                      
000038b8  bluetooth                                  
00002c6d  close                                      
0000366d  copysign                                   
0000366d  copysignl                                  
00003183  delayMs                                    
20000a28  errno                                      
00002f65  exit                                       
00003361  finddevice                                 
00002291  fputc                                      
000019f9  fputs                                      
00001e19  free                                       
00002ae1  frexp                                      
00002ae1  frexpl                                     
00002b45  fseek                                      
000030c1  getdevice                                  
00000000  interruptVectors                           
00001b0d  ldexp                                      
00001b0d  ldexpl                                     
200009b8  leftWheel                                  
000034b5  lseek                                      
0000112d  main                                       
0000376d  malloc                                     
00001c1d  memalign                                   
00003635  memccpy                                    
000035dd  memchr                                     
0000215f  memcpy                                     
000025c1  memset                                     
00003529  moveBackward                               
0000354d  moveForward                                
00003571  moveLeft                                   
00003595  moveRight                                  
20000bec  parmbuf                                    
000029b1  printf                                     
00002291  putc                                       
000033c1  remove                                     
200009d0  rightWheel                                 
00001b0d  scalbn                                     
00001b0d  scalbnl                                    
00003651  set_All_LED2_Low                           
00001efd  setvbuf                                    
000035b9  stop                                       
000036cb  stopLeftWheel                              
000036df  stopRightWheel                             
000036b5  strchr                                     
00003687  strcmp                                     
000036f3  strcpy                                     
00003707  strlen                                     
000031f9  strncpy                                    
000033c1  unlink                                     
0000371b  wcslen                                     
000034dd  write                                      


GLOBAL SYMBOLS: SORTED BY Symbol Address 

address   name                                       
-------   ----                                       
00000000  __TI_static_base__                         
00000000  interruptVectors                           
000000e5  __TI_printfi                               
00000200  __STACK_SIZE                               
00000800  __SYSMEM_SIZE                              
00000b33  ADC14_IRQHandler                           
00000b33  AES256_IRQHandler                          
00000b33  BusFault_Handler                           
00000b33  COMP_E0_IRQHandler                         
00000b33  COMP_E1_IRQHandler                         
00000b33  CS_IRQHandler                              
00000b33  DMA_ERR_IRQHandler                         
00000b33  DMA_INT0_IRQHandler                        
00000b33  DMA_INT1_IRQHandler                        
00000b33  DMA_INT2_IRQHandler                        
00000b33  DMA_INT3_IRQHandler                        
00000b33  DebugMon_Handler                           
00000b33  Default_Handler                            
00000b33  EUSCIA0_IRQHandler                         
00000b33  EUSCIA1_IRQHandler                         
00000b33  EUSCIA3_IRQHandler                         
00000b33  EUSCIB0_IRQHandler                         
00000b33  EUSCIB1_IRQHandler                         
00000b33  EUSCIB2_IRQHandler                         
00000b33  EUSCIB3_IRQHandler                         
00000b33  FLCTL_IRQHandler                           
00000b33  FPU_IRQHandler                             
00000b33  HardFault_Handler                          
00000b33  MemManage_Handler                          
00000b33  NMI_Handler                                
00000b33  PCM_IRQHandler                             
00000b33  PORT4_IRQHandler                           
00000b33  PORT5_IRQHandler                           
00000b33  PORT6_IRQHandler                           
00000b33  PSS_IRQHandler                             
00000b33  PendSV_Handler                             
00000b33  RTC_C_IRQHandler                           
00000b33  SVC_Handler                                
00000b33  SysTick_Handler                            
00000b33  T32_INT1_IRQHandler                        
00000b33  T32_INT2_IRQHandler                        
00000b33  T32_INTC_IRQHandler                        
00000b33  TA0_0_IRQHandler                           
00000b33  TA0_N_IRQHandler                           
00000b33  TA1_0_IRQHandler                           
00000b33  TA1_N_IRQHandler                           
00000b33  TA2_0_IRQHandler                           
00000b33  TA2_N_IRQHandler                           
00000b33  TA3_0_IRQHandler                           
00000b33  TA3_N_IRQHandler                           
00000b33  UsageFault_Handler                         
00000b33  WDT_A_IRQHandler                           
00000f75  __aeabi_dsub                               
00000f7f  __aeabi_dadd                               
0000112b  _nop                                       
0000112d  main                                       
0000154d  __aeabi_ddiv                               
00001683  __aeabi_idiv0                              
00001683  __aeabi_ldiv0                              
00001685  PORT1_IRQHandler                           
00001685  PORT1_IRQHandler                           
000018dd  UART_initModule                            
000019f9  fputs                                      
00001b0d  ldexp                                      
00001b0d  ldexpl                                     
00001b0d  scalbn                                     
00001b0d  scalbnl                                    
00001c1d  aligned_alloc                              
00001c1d  memalign                                   
00001d1d  __aeabi_dmul                               
00001e19  free                                       
00001efd  setvbuf                                    
00001fd9  EUSCIA2_IRQHandler                         
00001fd9  EUSCIA2_IRQHandler                         
0000215f  __aeabi_memcpy                             
0000215f  __aeabi_memcpy4                            
0000215f  __aeabi_memcpy8                            
0000215f  memcpy                                     
000021fb  __aeabi_uldivmod                           
00002291  fputc                                      
00002291  putc                                       
0000231d  GPIO_setAsPeripheralModuleFunctionInputPin 
000023a5  GPIO_setAsPeripheralModuleFunctionOutputPin
0000242d  __aeabi_cdcmpeq                            
0000242d  __aeabi_cdcmple                            
000024b3  __aeabi_cdrcmple                           
00002539  Interrupt_enableInterrupt                  
000025b9  __aeabi_memclr                             
000025b9  __aeabi_memclr4                            
000025b9  __aeabi_memclr8                            
000025bb  __aeabi_memset                             
000025bb  __aeabi_memset4                            
000025bb  __aeabi_memset8                            
000025c1  memset                                     
00002635  SystemInit                                 
000026ad  Timer_A_generatePWM                        
00002721  __TI_closefile                             
00002875  HOSTrename                                 
000028e1  HOSTlseek                                  
00002949  __TI_decompress_lzss                       
000029b1  printf                                     
00002a19  PORT2_IRQHandler                           
00002a19  PORT2_IRQHandler                           
00002a7d  PORT3_IRQHandler                           
00002a7d  PORT3_IRQHandler                           
00002ae1  frexp                                      
00002ae1  frexpl                                     
00002b45  fseek                                      
00002ba9  __TI_wrt_ok                                
00002c0d  HOSTopen                                   
00002c6d  close                                      
00002cc9  GPIO_setAsInputPinWithPullUpResistor       
00002d21  HOSTread                                   
00002d79  HOSTwrite                                  
00002e27  __TI_ltoa                                  
00002ecd  __TI_doflush                               
00002f19  atoi                                       
00002f65  exit                                       
00002fad  __aeabi_d2iz                               
00002ff5  HOSTclose                                  
00003039  HOSTunlink                                 
0000307d  __TI_auto_init_nobinit_nopinit             
000030c1  getdevice                                  
00003105  GPIO_setAsOutputPin                        
00003183  delayMs                                    
000031c1  __TI_writemsg                              
000031ef  C$$IO$$                                    
000031f9  strncpy                                    
00003231  CS_setDCOCenteredFrequency                 
00003265  __TI_cleanup                               
00003299  __TI_readmsg                               
000032cd  _c_int00_noargs                            
00003301  UART_enableInterrupt                       
00003331  UART_receiveData                           
00003361  finddevice                                 
00003391  __aeabi_i2d                                
000033c1  remove                                     
000033c1  unlink                                     
000033ed  GPIO_clearInterruptFlag                    
00003415  GPIO_enableInterrupt                       
0000343d  GPIO_setOutputHighOnPin                    
00003465  GPIO_setOutputLowOnPin                     
000034b5  lseek                                      
000034dd  write                                      
00003505  GPIO_getInterruptStatus                    
00003529  moveBackward                               
0000354d  moveForward                                
00003571  moveLeft                                   
00003595  moveRight                                  
000035b9  stop                                       
000035dd  memchr                                     
000035fd  __TI_zero_init_nomemset                    
00003635  memccpy                                    
00003651  set_All_LED2_Low                           
0000366d  copysign                                   
0000366d  copysignl                                  
00003687  strcmp                                     
0000369f  UART_enableModule                          
000036b5  strchr                                     
000036cb  stopLeftWheel                              
000036df  stopRightWheel                             
000036f3  strcpy                                     
00003707  strlen                                     
0000371b  wcslen                                     
0000372d  Interrupt_enableMaster                     
0000373d  __TI_decompress_none                       
0000374b  CPU_cpsie                                  
00003757  Reset_Handler                              
00003765  __aeabi_errno_addr                         
0000376d  malloc                                     
0000377d  _system_pre_init                           
00003781  C$$EXIT                                    
00003781  abort                                      
00003784  _ctypes_                                   
000038b8  bluetooth                                  
00003970  __TI_Handler_Table_Base                    
0000397c  __TI_Handler_Table_Limit                   
00003988  __TI_CINIT_Base                            
00003998  __TI_CINIT_Limit                           
20000000  __start___llvm_prf_cnts                    
20000000  __stop___llvm_prf_cnts                     
20000000  _sys_memory                                
20000800  _ftable                                    
200008f0  _device                                    
20000968  _stream                                    
200009b8  leftWheel                                  
200009d0  rightWheel                                 
200009fc  __TI_ft_end                                
20000a00  __aeabi_stdin                              
20000a04  __aeabi_stdout                             
20000a08  __aeabi_stderr                             
20000a0c  __TI_cleanup_ptr                           
20000a10  __TI_dtors_ptr                             
20000a14  __TI_enable_exit_profile_output            
20000a18  _lock                                      
20000a1c  _unlock                                    
20000a28  errno                                      
20000a2c  __CIOBUF_                                  
20000b4c  __TI_tmpnams                               
20000bec  parmbuf                                    
2000fe00  __stack                                    
20010000  __STACK_END                                
4000480c  WDTCTL_SYM                                 
ffffffff  __TI_pprof_out_hndl                        
ffffffff  __TI_prof_data_size                        
ffffffff  __TI_prof_data_start                       
ffffffff  __binit__                                  
ffffffff  __c_args__                                 
ffffffff  binit                                      
UNDEFED   __mpu_init                                 
UNDEFED   _system_post_cinit                         

[211 symbols]
