<?xml version="1.0" encoding="ISO-8859-1" ?>
<link_info>
   <banner>TI ARM Linker PC v20.2.5.LTS</banner>
   <copyright>Copyright (c) 1996-2018 Texas Instruments Incorporated</copyright>
   <link_time>0x61ae4cfa</link_time>
   <link_errors>0x0</link_errors>
   <output_file>MSP432 Robotic Car Version 1.0.out</output_file>
   <entry_point>
      <name>_c_int00_noargs</name>
      <address>0x3ad1</address>
   </entry_point>
   <input_file_list>
      <input_file id="fl-2">
         <path>.\</path>
         <kind>object</kind>
         <file>main.obj</file>
         <name>main.obj</name>
      </input_file>
      <input_file id="fl-3">
         <path>.\</path>
         <kind>object</kind>
         <file>system_msp432p401r.obj</file>
         <name>system_msp432p401r.obj</name>
      </input_file>
      <input_file id="fl-4">
         <path>.\ccs\</path>
         <kind>object</kind>
         <file>startup_msp432p401r_ccs.obj</file>
         <name>startup_msp432p401r_ccs.obj</name>
      </input_file>
      <input_file id="fl-e">
         <kind>object</kind>
         <file>&lt;internal&gt;</file>
         <name>&lt;internal&gt;</name>
      </input_file>
      <input_file id="fl-f">
         <path>C:\ti\simplelink_msp432p4_sdk_3_40_01_02\source\ti\devices\msp432p4xx\driverlib\ccs\</path>
         <kind>archive</kind>
         <file>msp432p4xx_driverlib.lib</file>
         <name>cs.o</name>
      </input_file>
      <input_file id="fl-10">
         <path>C:\ti\simplelink_msp432p4_sdk_3_40_01_02\source\ti\devices\msp432p4xx\driverlib\ccs\</path>
         <kind>archive</kind>
         <file>msp432p4xx_driverlib.lib</file>
         <name>gpio.o</name>
      </input_file>
      <input_file id="fl-11">
         <path>C:\ti\simplelink_msp432p4_sdk_3_40_01_02\source\ti\devices\msp432p4xx\driverlib\ccs\</path>
         <kind>archive</kind>
         <file>msp432p4xx_driverlib.lib</file>
         <name>interrupt.o</name>
      </input_file>
      <input_file id="fl-12">
         <path>C:\ti\simplelink_msp432p4_sdk_3_40_01_02\source\ti\devices\msp432p4xx\driverlib\ccs\</path>
         <kind>archive</kind>
         <file>msp432p4xx_driverlib.lib</file>
         <name>sysctl_a.o</name>
      </input_file>
      <input_file id="fl-13">
         <path>C:\ti\simplelink_msp432p4_sdk_3_40_01_02\source\ti\devices\msp432p4xx\driverlib\ccs\</path>
         <kind>archive</kind>
         <file>msp432p4xx_driverlib.lib</file>
         <name>timer_a.o</name>
      </input_file>
      <input_file id="fl-14">
         <path>C:\ti\simplelink_msp432p4_sdk_3_40_01_02\source\ti\devices\msp432p4xx\driverlib\ccs\</path>
         <kind>archive</kind>
         <file>msp432p4xx_driverlib.lib</file>
         <name>uart.o</name>
      </input_file>
      <input_file id="fl-15">
         <path>C:\ti\simplelink_msp432p4_sdk_3_40_01_02\source\ti\devices\msp432p4xx\driverlib\ccs\</path>
         <kind>archive</kind>
         <file>msp432p4xx_driverlib.lib</file>
         <name>cpu.o</name>
      </input_file>
      <input_file id="fl-cb">
         <path>C:\ti\ccs1040\ccs\tools\compiler\ti-cgt-arm_20.2.5.LTS\lib\</path>
         <kind>archive</kind>
         <file>rtsv7M4_T_le_v4SPD16_eabi.lib</file>
         <name>printf.c.obj</name>
      </input_file>
      <input_file id="fl-cc">
         <path>C:\ti\ccs1040\ccs\tools\compiler\ti-cgt-arm_20.2.5.LTS\lib\</path>
         <kind>archive</kind>
         <file>rtsv7M4_T_le_v4SPD16_eabi.lib</file>
         <name>_printfi.c.obj</name>
      </input_file>
      <input_file id="fl-cd">
         <path>C:\ti\ccs1040\ccs\tools\compiler\ti-cgt-arm_20.2.5.LTS\lib\</path>
         <kind>archive</kind>
         <file>rtsv7M4_T_le_v4SPD16_eabi.lib</file>
         <name>fputc.c.obj</name>
      </input_file>
      <input_file id="fl-ce">
         <path>C:\ti\ccs1040\ccs\tools\compiler\ti-cgt-arm_20.2.5.LTS\lib\</path>
         <kind>archive</kind>
         <file>rtsv7M4_T_le_v4SPD16_eabi.lib</file>
         <name>fputs.c.obj</name>
      </input_file>
      <input_file id="fl-cf">
         <path>C:\ti\ccs1040\ccs\tools\compiler\ti-cgt-arm_20.2.5.LTS\lib\</path>
         <kind>archive</kind>
         <file>rtsv7M4_T_le_v4SPD16_eabi.lib</file>
         <name>_io_perm.c.obj</name>
      </input_file>
      <input_file id="fl-d0">
         <path>C:\ti\ccs1040\ccs\tools\compiler\ti-cgt-arm_20.2.5.LTS\lib\</path>
         <kind>archive</kind>
         <file>rtsv7M4_T_le_v4SPD16_eabi.lib</file>
         <name>setvbuf.c.obj</name>
      </input_file>
      <input_file id="fl-d1">
         <path>C:\ti\ccs1040\ccs\tools\compiler\ti-cgt-arm_20.2.5.LTS\lib\</path>
         <kind>archive</kind>
         <file>rtsv7M4_T_le_v4SPD16_eabi.lib</file>
         <name>s_frexp.c.obj</name>
      </input_file>
      <input_file id="fl-d2">
         <path>C:\ti\ccs1040\ccs\tools\compiler\ti-cgt-arm_20.2.5.LTS\lib\</path>
         <kind>archive</kind>
         <file>rtsv7M4_T_le_v4SPD16_eabi.lib</file>
         <name>s_scalbn.c.obj</name>
      </input_file>
      <input_file id="fl-d3">
         <path>C:\ti\ccs1040\ccs\tools\compiler\ti-cgt-arm_20.2.5.LTS\lib\</path>
         <kind>archive</kind>
         <file>rtsv7M4_T_le_v4SPD16_eabi.lib</file>
         <name>wcslen.c.obj</name>
      </input_file>
      <input_file id="fl-d4">
         <path>C:\ti\ccs1040\ccs\tools\compiler\ti-cgt-arm_20.2.5.LTS\lib\</path>
         <kind>archive</kind>
         <file>rtsv7M4_T_le_v4SPD16_eabi.lib</file>
         <name>fd_add_t2.asm.obj</name>
      </input_file>
      <input_file id="fl-d5">
         <path>C:\ti\ccs1040\ccs\tools\compiler\ti-cgt-arm_20.2.5.LTS\lib\</path>
         <kind>archive</kind>
         <file>rtsv7M4_T_le_v4SPD16_eabi.lib</file>
         <name>fd_cmp_t2.asm.obj</name>
      </input_file>
      <input_file id="fl-d6">
         <path>C:\ti\ccs1040\ccs\tools\compiler\ti-cgt-arm_20.2.5.LTS\lib\</path>
         <kind>archive</kind>
         <file>rtsv7M4_T_le_v4SPD16_eabi.lib</file>
         <name>fd_div_t2.asm.obj</name>
      </input_file>
      <input_file id="fl-d7">
         <path>C:\ti\ccs1040\ccs\tools\compiler\ti-cgt-arm_20.2.5.LTS\lib\</path>
         <kind>archive</kind>
         <file>rtsv7M4_T_le_v4SPD16_eabi.lib</file>
         <name>fd_mul_t2.asm.obj</name>
      </input_file>
      <input_file id="fl-d8">
         <path>C:\ti\ccs1040\ccs\tools\compiler\ti-cgt-arm_20.2.5.LTS\lib\</path>
         <kind>archive</kind>
         <file>rtsv7M4_T_le_v4SPD16_eabi.lib</file>
         <name>fd_toi_t2.asm.obj</name>
      </input_file>
      <input_file id="fl-d9">
         <path>C:\ti\ccs1040\ccs\tools\compiler\ti-cgt-arm_20.2.5.LTS\lib\</path>
         <kind>archive</kind>
         <file>rtsv7M4_T_le_v4SPD16_eabi.lib</file>
         <name>fs_tod_t2.asm.obj</name>
      </input_file>
      <input_file id="fl-da">
         <path>C:\ti\ccs1040\ccs\tools\compiler\ti-cgt-arm_20.2.5.LTS\lib\</path>
         <kind>archive</kind>
         <file>rtsv7M4_T_le_v4SPD16_eabi.lib</file>
         <name>i_tofd_t2.asm.obj</name>
      </input_file>
      <input_file id="fl-db">
         <path>C:\ti\ccs1040\ccs\tools\compiler\ti-cgt-arm_20.2.5.LTS\lib\</path>
         <kind>archive</kind>
         <file>rtsv7M4_T_le_v4SPD16_eabi.lib</file>
         <name>memcpy_t2.asm.obj</name>
      </input_file>
      <input_file id="fl-dc">
         <path>C:\ti\ccs1040\ccs\tools\compiler\ti-cgt-arm_20.2.5.LTS\lib\</path>
         <kind>archive</kind>
         <file>rtsv7M4_T_le_v4SPD16_eabi.lib</file>
         <name>ull_div_t2.asm.obj</name>
      </input_file>
      <input_file id="fl-dd">
         <path>C:\ti\ccs1040\ccs\tools\compiler\ti-cgt-arm_20.2.5.LTS\lib\</path>
         <kind>archive</kind>
         <file>rtsv7M4_T_le_v4SPD16_eabi.lib</file>
         <name>memset_t2.asm.obj</name>
      </input_file>
      <input_file id="fl-de">
         <path>C:\ti\ccs1040\ccs\tools\compiler\ti-cgt-arm_20.2.5.LTS\lib\</path>
         <kind>archive</kind>
         <file>rtsv7M4_T_le_v4SPD16_eabi.lib</file>
         <name>copy_zero_init.c.obj</name>
      </input_file>
      <input_file id="fl-df">
         <path>C:\ti\ccs1040\ccs\tools\compiler\ti-cgt-arm_20.2.5.LTS\lib\</path>
         <kind>archive</kind>
         <file>rtsv7M4_T_le_v4SPD16_eabi.lib</file>
         <name>copy_decompress_none.c.obj</name>
      </input_file>
      <input_file id="fl-e0">
         <path>C:\ti\ccs1040\ccs\tools\compiler\ti-cgt-arm_20.2.5.LTS\lib\</path>
         <kind>archive</kind>
         <file>rtsv7M4_T_le_v4SPD16_eabi.lib</file>
         <name>copy_decompress_lzss.c.obj</name>
      </input_file>
      <input_file id="fl-e1">
         <path>C:\ti\ccs1040\ccs\tools\compiler\ti-cgt-arm_20.2.5.LTS\lib\</path>
         <kind>archive</kind>
         <file>rtsv7M4_T_le_v4SPD16_eabi.lib</file>
         <name>exit.c.obj</name>
      </input_file>
      <input_file id="fl-e2">
         <path>C:\ti\ccs1040\ccs\tools\compiler\ti-cgt-arm_20.2.5.LTS\lib\</path>
         <kind>archive</kind>
         <file>rtsv7M4_T_le_v4SPD16_eabi.lib</file>
         <name>_lock.c.obj</name>
      </input_file>
      <input_file id="fl-e3">
         <path>C:\ti\ccs1040\ccs\tools\compiler\ti-cgt-arm_20.2.5.LTS\lib\</path>
         <kind>archive</kind>
         <file>rtsv7M4_T_le_v4SPD16_eabi.lib</file>
         <name>_ltoa.c.obj</name>
      </input_file>
      <input_file id="fl-e4">
         <path>C:\ti\ccs1040\ccs\tools\compiler\ti-cgt-arm_20.2.5.LTS\lib\</path>
         <kind>archive</kind>
         <file>rtsv7M4_T_le_v4SPD16_eabi.lib</file>
         <name>atoi.c.obj</name>
      </input_file>
      <input_file id="fl-e5">
         <path>C:\ti\ccs1040\ccs\tools\compiler\ti-cgt-arm_20.2.5.LTS\lib\</path>
         <kind>archive</kind>
         <file>rtsv7M4_T_le_v4SPD16_eabi.lib</file>
         <name>ctype.c.obj</name>
      </input_file>
      <input_file id="fl-e6">
         <path>C:\ti\ccs1040\ccs\tools\compiler\ti-cgt-arm_20.2.5.LTS\lib\</path>
         <kind>archive</kind>
         <file>rtsv7M4_T_le_v4SPD16_eabi.lib</file>
         <name>defs.c.obj</name>
      </input_file>
      <input_file id="fl-e7">
         <path>C:\ti\ccs1040\ccs\tools\compiler\ti-cgt-arm_20.2.5.LTS\lib\</path>
         <kind>archive</kind>
         <file>rtsv7M4_T_le_v4SPD16_eabi.lib</file>
         <name>memccpy.c.obj</name>
      </input_file>
      <input_file id="fl-e8">
         <path>C:\ti\ccs1040\ccs\tools\compiler\ti-cgt-arm_20.2.5.LTS\lib\</path>
         <kind>archive</kind>
         <file>rtsv7M4_T_le_v4SPD16_eabi.lib</file>
         <name>memchr.c.obj</name>
      </input_file>
      <input_file id="fl-e9">
         <path>C:\ti\ccs1040\ccs\tools\compiler\ti-cgt-arm_20.2.5.LTS\lib\</path>
         <kind>archive</kind>
         <file>rtsv7M4_T_le_v4SPD16_eabi.lib</file>
         <name>memory.c.obj</name>
      </input_file>
      <input_file id="fl-ea">
         <path>C:\ti\ccs1040\ccs\tools\compiler\ti-cgt-arm_20.2.5.LTS\lib\</path>
         <kind>archive</kind>
         <file>rtsv7M4_T_le_v4SPD16_eabi.lib</file>
         <name>strchr.c.obj</name>
      </input_file>
      <input_file id="fl-eb">
         <path>C:\ti\ccs1040\ccs\tools\compiler\ti-cgt-arm_20.2.5.LTS\lib\</path>
         <kind>archive</kind>
         <file>rtsv7M4_T_le_v4SPD16_eabi.lib</file>
         <name>strlen.c.obj</name>
      </input_file>
      <input_file id="fl-ec">
         <path>C:\ti\ccs1040\ccs\tools\compiler\ti-cgt-arm_20.2.5.LTS\lib\</path>
         <kind>archive</kind>
         <file>rtsv7M4_T_le_v4SPD16_eabi.lib</file>
         <name>errno.c.obj</name>
      </input_file>
      <input_file id="fl-ed">
         <path>C:\ti\ccs1040\ccs\tools\compiler\ti-cgt-arm_20.2.5.LTS\lib\</path>
         <kind>archive</kind>
         <file>rtsv7M4_T_le_v4SPD16_eabi.lib</file>
         <name>boot_cortex_m.c.obj</name>
      </input_file>
      <input_file id="fl-ee">
         <path>C:\ti\ccs1040\ccs\tools\compiler\ti-cgt-arm_20.2.5.LTS\lib\</path>
         <kind>archive</kind>
         <file>rtsv7M4_T_le_v4SPD16_eabi.lib</file>
         <name>write.c.obj</name>
      </input_file>
      <input_file id="fl-ef">
         <path>C:\ti\ccs1040\ccs\tools\compiler\ti-cgt-arm_20.2.5.LTS\lib\</path>
         <kind>archive</kind>
         <file>rtsv7M4_T_le_v4SPD16_eabi.lib</file>
         <name>host_device.c.obj</name>
      </input_file>
      <input_file id="fl-f0">
         <path>C:\ti\ccs1040\ccs\tools\compiler\ti-cgt-arm_20.2.5.LTS\lib\</path>
         <kind>archive</kind>
         <file>rtsv7M4_T_le_v4SPD16_eabi.lib</file>
         <name>fflush.c.obj</name>
      </input_file>
      <input_file id="fl-f1">
         <path>C:\ti\ccs1040\ccs\tools\compiler\ti-cgt-arm_20.2.5.LTS\lib\</path>
         <kind>archive</kind>
         <file>rtsv7M4_T_le_v4SPD16_eabi.lib</file>
         <name>fopen.c.obj</name>
      </input_file>
      <input_file id="fl-f2">
         <path>C:\ti\ccs1040\ccs\tools\compiler\ti-cgt-arm_20.2.5.LTS\lib\</path>
         <kind>archive</kind>
         <file>rtsv7M4_T_le_v4SPD16_eabi.lib</file>
         <name>fseek.c.obj</name>
      </input_file>
      <input_file id="fl-f3">
         <path>C:\ti\ccs1040\ccs\tools\compiler\ti-cgt-arm_20.2.5.LTS\lib\</path>
         <kind>archive</kind>
         <file>rtsv7M4_T_le_v4SPD16_eabi.lib</file>
         <name>s_copysign.c.obj</name>
      </input_file>
      <input_file id="fl-f4">
         <path>C:\ti\ccs1040\ccs\tools\compiler\ti-cgt-arm_20.2.5.LTS\lib\</path>
         <kind>archive</kind>
         <file>rtsv7M4_T_le_v4SPD16_eabi.lib</file>
         <name>div0.asm.obj</name>
      </input_file>
      <input_file id="fl-f5">
         <path>C:\ti\ccs1040\ccs\tools\compiler\ti-cgt-arm_20.2.5.LTS\lib\</path>
         <kind>archive</kind>
         <file>rtsv7M4_T_le_v4SPD16_eabi.lib</file>
         <name>autoinit.c.obj</name>
      </input_file>
      <input_file id="fl-f6">
         <path>C:\ti\ccs1040\ccs\tools\compiler\ti-cgt-arm_20.2.5.LTS\lib\</path>
         <kind>archive</kind>
         <file>rtsv7M4_T_le_v4SPD16_eabi.lib</file>
         <name>pre_init.c.obj</name>
      </input_file>
      <input_file id="fl-f7">
         <path>C:\ti\ccs1040\ccs\tools\compiler\ti-cgt-arm_20.2.5.LTS\lib\</path>
         <kind>archive</kind>
         <file>rtsv7M4_T_le_v4SPD16_eabi.lib</file>
         <name>cpy_tbl.c.obj</name>
      </input_file>
      <input_file id="fl-f8">
         <path>C:\ti\ccs1040\ccs\tools\compiler\ti-cgt-arm_20.2.5.LTS\lib\</path>
         <kind>archive</kind>
         <file>rtsv7M4_T_le_v4SPD16_eabi.lib</file>
         <name>args_main.c.obj</name>
      </input_file>
      <input_file id="fl-f9">
         <path>C:\ti\ccs1040\ccs\tools\compiler\ti-cgt-arm_20.2.5.LTS\lib\</path>
         <kind>archive</kind>
         <file>rtsv7M4_T_le_v4SPD16_eabi.lib</file>
         <name>hostclose.c.obj</name>
      </input_file>
      <input_file id="fl-fa">
         <path>C:\ti\ccs1040\ccs\tools\compiler\ti-cgt-arm_20.2.5.LTS\lib\</path>
         <kind>archive</kind>
         <file>rtsv7M4_T_le_v4SPD16_eabi.lib</file>
         <name>hostlseek.c.obj</name>
      </input_file>
      <input_file id="fl-fb">
         <path>C:\ti\ccs1040\ccs\tools\compiler\ti-cgt-arm_20.2.5.LTS\lib\</path>
         <kind>archive</kind>
         <file>rtsv7M4_T_le_v4SPD16_eabi.lib</file>
         <name>hostopen.c.obj</name>
      </input_file>
      <input_file id="fl-fc">
         <path>C:\ti\ccs1040\ccs\tools\compiler\ti-cgt-arm_20.2.5.LTS\lib\</path>
         <kind>archive</kind>
         <file>rtsv7M4_T_le_v4SPD16_eabi.lib</file>
         <name>hostread.c.obj</name>
      </input_file>
      <input_file id="fl-fd">
         <path>C:\ti\ccs1040\ccs\tools\compiler\ti-cgt-arm_20.2.5.LTS\lib\</path>
         <kind>archive</kind>
         <file>rtsv7M4_T_le_v4SPD16_eabi.lib</file>
         <name>hostrename.c.obj</name>
      </input_file>
      <input_file id="fl-fe">
         <path>C:\ti\ccs1040\ccs\tools\compiler\ti-cgt-arm_20.2.5.LTS\lib\</path>
         <kind>archive</kind>
         <file>rtsv7M4_T_le_v4SPD16_eabi.lib</file>
         <name>hostunlink.c.obj</name>
      </input_file>
      <input_file id="fl-ff">
         <path>C:\ti\ccs1040\ccs\tools\compiler\ti-cgt-arm_20.2.5.LTS\lib\</path>
         <kind>archive</kind>
         <file>rtsv7M4_T_le_v4SPD16_eabi.lib</file>
         <name>hostwrite.c.obj</name>
      </input_file>
      <input_file id="fl-100">
         <path>C:\ti\ccs1040\ccs\tools\compiler\ti-cgt-arm_20.2.5.LTS\lib\</path>
         <kind>archive</kind>
         <file>rtsv7M4_T_le_v4SPD16_eabi.lib</file>
         <name>trgmsg.c.obj</name>
      </input_file>
      <input_file id="fl-101">
         <path>C:\ti\ccs1040\ccs\tools\compiler\ti-cgt-arm_20.2.5.LTS\lib\</path>
         <kind>archive</kind>
         <file>rtsv7M4_T_le_v4SPD16_eabi.lib</file>
         <name>open.c.obj</name>
      </input_file>
      <input_file id="fl-102">
         <path>C:\ti\ccs1040\ccs\tools\compiler\ti-cgt-arm_20.2.5.LTS\lib\</path>
         <kind>archive</kind>
         <file>rtsv7M4_T_le_v4SPD16_eabi.lib</file>
         <name>lseek.c.obj</name>
      </input_file>
      <input_file id="fl-103">
         <path>C:\ti\ccs1040\ccs\tools\compiler\ti-cgt-arm_20.2.5.LTS\lib\</path>
         <kind>archive</kind>
         <file>rtsv7M4_T_le_v4SPD16_eabi.lib</file>
         <name>fclose.c.obj</name>
      </input_file>
      <input_file id="fl-104">
         <path>C:\ti\ccs1040\ccs\tools\compiler\ti-cgt-arm_20.2.5.LTS\lib\</path>
         <kind>archive</kind>
         <file>rtsv7M4_T_le_v4SPD16_eabi.lib</file>
         <name>getdevice.c.obj</name>
      </input_file>
      <input_file id="fl-105">
         <path>C:\ti\ccs1040\ccs\tools\compiler\ti-cgt-arm_20.2.5.LTS\lib\</path>
         <kind>archive</kind>
         <file>rtsv7M4_T_le_v4SPD16_eabi.lib</file>
         <name>strcmp.c.obj</name>
      </input_file>
      <input_file id="fl-106">
         <path>C:\ti\ccs1040\ccs\tools\compiler\ti-cgt-arm_20.2.5.LTS\lib\</path>
         <kind>archive</kind>
         <file>rtsv7M4_T_le_v4SPD16_eabi.lib</file>
         <name>strcpy.c.obj</name>
      </input_file>
      <input_file id="fl-107">
         <path>C:\ti\ccs1040\ccs\tools\compiler\ti-cgt-arm_20.2.5.LTS\lib\</path>
         <kind>archive</kind>
         <file>rtsv7M4_T_le_v4SPD16_eabi.lib</file>
         <name>strncpy.c.obj</name>
      </input_file>
      <input_file id="fl-108">
         <path>C:\ti\ccs1040\ccs\tools\compiler\ti-cgt-arm_20.2.5.LTS\lib\</path>
         <kind>archive</kind>
         <file>rtsv7M4_T_le_v4SPD16_eabi.lib</file>
         <name>remove.c.obj</name>
      </input_file>
      <input_file id="fl-109">
         <path>C:\ti\ccs1040\ccs\tools\compiler\ti-cgt-arm_20.2.5.LTS\lib\</path>
         <kind>archive</kind>
         <file>rtsv7M4_T_le_v4SPD16_eabi.lib</file>
         <name>close.c.obj</name>
      </input_file>
      <input_file id="fl-10a">
         <path>C:\ti\ccs1040\ccs\tools\compiler\ti-cgt-arm_20.2.5.LTS\lib\</path>
         <kind>archive</kind>
         <file>rtsv7M4_T_le_v4SPD16_eabi.lib</file>
         <name>unlink.c.obj</name>
      </input_file>
   </input_file_list>
   <object_component_list>
      <object_component id="oc-26">
         <name>.intvecs:retain</name>
         <load_address>0x0</load_address>
         <run_address>0x0</run_address>
         <size>0xe4</size>
         <input_file_ref idref="fl-4"/>
      </object_component>
      <object_component id="oc-2c1">
         <name>.text:__TI_printfi</name>
         <load_address>0xe4</load_address>
         <run_address>0xe4</run_address>
         <size>0xa4e</size>
         <input_file_ref idref="fl-cc"/>
      </object_component>
      <object_component id="oc-70">
         <name>.text:Default_Handler</name>
         <load_address>0xb32</load_address>
         <run_address>0xb32</run_address>
         <size>0x2</size>
         <input_file_ref idref="fl-4"/>
      </object_component>
      <object_component id="oc-36a">
         <name>.text:_pconv_a</name>
         <load_address>0xb34</load_address>
         <run_address>0xb34</run_address>
         <size>0x270</size>
         <input_file_ref idref="fl-cc"/>
      </object_component>
      <object_component id="oc-be">
         <name>.text:main</name>
         <load_address>0xda4</load_address>
         <run_address>0xda4</run_address>
         <size>0x1f8</size>
         <input_file_ref idref="fl-2"/>
      </object_component>
      <object_component id="oc-135">
         <name>.text:CarPID</name>
         <load_address>0xf9c</load_address>
         <run_address>0xf9c</run_address>
         <size>0x1e0</size>
         <input_file_ref idref="fl-2"/>
      </object_component>
      <object_component id="oc-358">
         <name>.text:_pconv_g</name>
         <load_address>0x117c</load_address>
         <run_address>0x117c</run_address>
         <size>0x1d0</size>
         <input_file_ref idref="fl-cc"/>
      </object_component>
      <object_component id="oc-411">
         <name>.text</name>
         <load_address>0x134c</load_address>
         <run_address>0x134c</run_address>
         <size>0x1b6</size>
         <input_file_ref idref="fl-d4"/>
      </object_component>
      <object_component id="oc-38e">
         <name>.text:_nop</name>
         <load_address>0x1502</load_address>
         <run_address>0x1502</run_address>
         <size>0x2</size>
         <input_file_ref idref="fl-e2"/>
      </object_component>
      <object_component id="oc-262">
         <name>.text:privateTimer_AProcessClockSourceDivider</name>
         <load_address>0x1504</load_address>
         <run_address>0x1504</run_address>
         <size>0x144</size>
         <input_file_ref idref="fl-13"/>
      </object_component>
      <object_component id="oc-364">
         <name>.text:_pconv_e</name>
         <load_address>0x1648</load_address>
         <run_address>0x1648</run_address>
         <size>0x13c</size>
         <input_file_ref idref="fl-cc"/>
      </object_component>
      <object_component id="oc-3f7">
         <name>.text</name>
         <load_address>0x1784</load_address>
         <run_address>0x1784</run_address>
         <size>0x136</size>
         <input_file_ref idref="fl-d6"/>
      </object_component>
      <object_component id="oc-4af">
         <name>.text</name>
         <load_address>0x18ba</load_address>
         <run_address>0x18ba</run_address>
         <size>0x2</size>
         <input_file_ref idref="fl-f4"/>
      </object_component>
      <object_component id="oc-423">
         <name>.text:fcvt</name>
         <load_address>0x18bc</load_address>
         <run_address>0x18bc</run_address>
         <size>0x124</size>
         <input_file_ref idref="fl-cc"/>
      </object_component>
      <object_component id="oc-18f">
         <name>.text:UART_initModule</name>
         <load_address>0x19e0</load_address>
         <run_address>0x19e0</run_address>
         <size>0x11c</size>
         <input_file_ref idref="fl-14"/>
      </object_component>
      <object_component id="oc-39c">
         <name>.text:fputs</name>
         <load_address>0x1afc</load_address>
         <run_address>0x1afc</run_address>
         <size>0x114</size>
         <input_file_ref idref="fl-ce"/>
      </object_component>
      <object_component id="oc-437">
         <name>.text:scalbn</name>
         <load_address>0x1c10</load_address>
         <run_address>0x1c10</run_address>
         <size>0x110</size>
         <input_file_ref idref="fl-d2"/>
      </object_component>
      <object_component id="oc-320">
         <name>.text:_CSComputeCLKFrequency</name>
         <load_address>0x1d20</load_address>
         <run_address>0x1d20</run_address>
         <size>0x104</size>
         <input_file_ref idref="fl-f"/>
      </object_component>
      <object_component id="oc-55f">
         <name>.text:aligned_alloc</name>
         <load_address>0x1e24</load_address>
         <run_address>0x1e24</run_address>
         <size>0x100</size>
         <input_file_ref idref="fl-e9"/>
      </object_component>
      <object_component id="oc-3f2">
         <name>.text</name>
         <load_address>0x1f24</load_address>
         <run_address>0x1f24</run_address>
         <size>0xfc</size>
         <input_file_ref idref="fl-d7"/>
      </object_component>
      <object_component id="oc-3d7">
         <name>.text:CS_getDCOFrequency</name>
         <load_address>0x2020</load_address>
         <run_address>0x2020</run_address>
         <size>0xf8</size>
         <input_file_ref idref="fl-f"/>
      </object_component>
      <object_component id="oc-51b">
         <name>.text:free</name>
         <load_address>0x2118</load_address>
         <run_address>0x2118</run_address>
         <size>0xe4</size>
         <input_file_ref idref="fl-e9"/>
      </object_component>
      <object_component id="oc-4ea">
         <name>.text:setvbuf</name>
         <load_address>0x21fc</load_address>
         <run_address>0x21fc</run_address>
         <size>0xdc</size>
         <input_file_ref idref="fl-d0"/>
      </object_component>
      <object_component id="oc-7c">
         <name>.text:EUSCIA2_IRQHandler</name>
         <load_address>0x22d8</load_address>
         <run_address>0x22d8</run_address>
         <size>0xd4</size>
         <input_file_ref idref="fl-2"/>
      </object_component>
      <object_component id="oc-82">
         <name>.text:PORT1_IRQHandler</name>
         <load_address>0x23ac</load_address>
         <run_address>0x23ac</run_address>
         <size>0xc0</size>
         <input_file_ref idref="fl-2"/>
      </object_component>
      <object_component id="oc-34d">
         <name>.text:_ltostr</name>
         <load_address>0x246c</load_address>
         <run_address>0x246c</run_address>
         <size>0xb1</size>
         <input_file_ref idref="fl-cc"/>
      </object_component>
      <object_component id="oc-8e">
         <name>.text:PORT4_IRQHandler</name>
         <load_address>0x2520</load_address>
         <run_address>0x2520</run_address>
         <size>0xb0</size>
         <input_file_ref idref="fl-2"/>
      </object_component>
      <object_component id="oc-3a">
         <name>.text</name>
         <load_address>0x25d0</load_address>
         <run_address>0x25d0</run_address>
         <size>0x9c</size>
         <input_file_ref idref="fl-db"/>
      </object_component>
      <object_component id="oc-3eb">
         <name>.text</name>
         <load_address>0x266c</load_address>
         <run_address>0x266c</run_address>
         <size>0x96</size>
         <input_file_ref idref="fl-dc"/>
      </object_component>
      <object_component id="oc-499">
         <name>.text:SysCtl_A_getTLVInfo</name>
         <load_address>0x2704</load_address>
         <run_address>0x2704</run_address>
         <size>0x94</size>
         <input_file_ref idref="fl-12"/>
      </object_component>
      <object_component id="oc-3a3">
         <name>.text:fputc</name>
         <load_address>0x2798</load_address>
         <run_address>0x2798</run_address>
         <size>0x8c</size>
         <input_file_ref idref="fl-cd"/>
      </object_component>
      <object_component id="oc-189">
         <name>.text:GPIO_setAsPeripheralModuleFunctionInputPin</name>
         <load_address>0x2824</load_address>
         <run_address>0x2824</run_address>
         <size>0x88</size>
         <input_file_ref idref="fl-10"/>
      </object_component>
      <object_component id="oc-1a7">
         <name>.text:GPIO_setAsPeripheralModuleFunctionOutputPin</name>
         <load_address>0x28ac</load_address>
         <run_address>0x28ac</run_address>
         <size>0x88</size>
         <input_file_ref idref="fl-10"/>
      </object_component>
      <object_component id="oc-1c5">
         <name>.text:getHCSR04Distance</name>
         <load_address>0x2934</load_address>
         <run_address>0x2934</run_address>
         <size>0x88</size>
         <input_file_ref idref="fl-2"/>
      </object_component>
      <object_component id="oc-353">
         <name>.text:__aeabi_cdcmple</name>
         <load_address>0x29bc</load_address>
         <run_address>0x29bc</run_address>
         <size>0x86</size>
         <input_file_ref idref="fl-d5"/>
      </object_component>
      <object_component id="oc-3fc">
         <name>.text:__aeabi_cdrcmple</name>
         <load_address>0x2a42</load_address>
         <run_address>0x2a42</run_address>
         <size>0x86</size>
         <input_file_ref idref="fl-d5"/>
      </object_component>
      <object_component id="oc-1a1">
         <name>.text:Interrupt_enableInterrupt</name>
         <load_address>0x2ac8</load_address>
         <run_address>0x2ac8</run_address>
         <size>0x80</size>
         <input_file_ref idref="fl-11"/>
      </object_component>
      <object_component id="oc-49f">
         <name>.text:_CSGetDOCFrequency</name>
         <load_address>0x2b48</load_address>
         <run_address>0x2b48</run_address>
         <size>0x7c</size>
         <input_file_ref idref="fl-f"/>
      </object_component>
      <object_component id="oc-b2">
         <name>.text</name>
         <load_address>0x2bc4</load_address>
         <run_address>0x2bc4</run_address>
         <size>0x7a</size>
         <input_file_ref idref="fl-dd"/>
      </object_component>
      <object_component id="oc-d0">
         <name>.text:SystemInit</name>
         <load_address>0x2c40</load_address>
         <run_address>0x2c40</run_address>
         <size>0x78</size>
         <input_file_ref idref="fl-3"/>
      </object_component>
      <object_component id="oc-13b">
         <name>.text:Timer_A_generatePWM</name>
         <load_address>0x2cb8</load_address>
         <run_address>0x2cb8</run_address>
         <size>0x74</size>
         <input_file_ref idref="fl-13"/>
      </object_component>
      <object_component id="oc-566">
         <name>.text:__TI_closefile</name>
         <load_address>0x2d2c</load_address>
         <run_address>0x2d2c</run_address>
         <size>0x74</size>
         <input_file_ref idref="fl-103"/>
      </object_component>
      <object_component id="oc-5a7">
         <name>.text:split</name>
         <load_address>0x2da0</load_address>
         <run_address>0x2da0</run_address>
         <size>0x70</size>
         <input_file_ref idref="fl-e9"/>
      </object_component>
      <object_component id="oc-41c">
         <name>.text:_mcpy</name>
         <load_address>0x2e10</load_address>
         <run_address>0x2e10</run_address>
         <size>0x6e</size>
         <input_file_ref idref="fl-cc"/>
      </object_component>
      <object_component id="oc-596">
         <name>.text:HOSTrename</name>
         <load_address>0x2e80</load_address>
         <run_address>0x2e80</run_address>
         <size>0x6c</size>
         <input_file_ref idref="fl-fd"/>
      </object_component>
      <object_component id="oc-58a">
         <name>.text:HOSTlseek</name>
         <load_address>0x2eec</load_address>
         <run_address>0x2eec</run_address>
         <size>0x68</size>
         <input_file_ref idref="fl-fa"/>
      </object_component>
      <object_component id="oc-281">
         <name>.text:Timer_A_configureUpMode</name>
         <load_address>0x2f54</load_address>
         <run_address>0x2f54</run_address>
         <size>0x68</size>
         <input_file_ref idref="fl-13"/>
      </object_component>
      <object_component id="oc-17">
         <name>.text:decompress:lzss:__TI_decompress_lzss</name>
         <load_address>0x2fbc</load_address>
         <run_address>0x2fbc</run_address>
         <size>0x68</size>
         <input_file_ref idref="fl-e0"/>
      </object_component>
      <object_component id="oc-1d0">
         <name>.text:printf</name>
         <load_address>0x3024</load_address>
         <run_address>0x3024</run_address>
         <size>0x68</size>
         <input_file_ref idref="fl-cb"/>
      </object_component>
      <object_component id="oc-431">
         <name>.text:frexp</name>
         <load_address>0x308c</load_address>
         <run_address>0x308c</run_address>
         <size>0x64</size>
         <input_file_ref idref="fl-d1"/>
      </object_component>
      <object_component id="oc-4e4">
         <name>.text:fseek</name>
         <load_address>0x30f0</load_address>
         <run_address>0x30f0</run_address>
         <size>0x64</size>
         <input_file_ref idref="fl-f2"/>
      </object_component>
      <object_component id="oc-3cb">
         <name>.text:_CSGetDividerValue</name>
         <load_address>0x3154</load_address>
         <run_address>0x3154</run_address>
         <size>0x62</size>
         <input_file_ref idref="fl-f"/>
      </object_component>
      <object_component id="oc-468">
         <name>.text:__TI_wrt_ok</name>
         <load_address>0x31b6</load_address>
         <run_address>0x31b6</run_address>
         <size>0x62</size>
         <input_file_ref idref="fl-cf"/>
      </object_component>
      <object_component id="oc-572">
         <name>.text:HOSTopen</name>
         <load_address>0x3218</load_address>
         <run_address>0x3218</run_address>
         <size>0x60</size>
         <input_file_ref idref="fl-fb"/>
      </object_component>
      <object_component id="oc-5ae">
         <name>.text:close</name>
         <load_address>0x3278</load_address>
         <run_address>0x3278</run_address>
         <size>0x5c</size>
         <input_file_ref idref="fl-109"/>
      </object_component>
      <object_component id="oc-27b">
         <name>.text:GPIO_setAsInputPinWithPullDownResistor</name>
         <load_address>0x32d4</load_address>
         <run_address>0x32d4</run_address>
         <size>0x58</size>
         <input_file_ref idref="fl-10"/>
      </object_component>
      <object_component id="oc-1ad">
         <name>.text:GPIO_setAsInputPinWithPullUpResistor</name>
         <load_address>0x332c</load_address>
         <run_address>0x332c</run_address>
         <size>0x58</size>
         <input_file_ref idref="fl-10"/>
      </object_component>
      <object_component id="oc-57e">
         <name>.text:HOSTread</name>
         <load_address>0x3384</load_address>
         <run_address>0x3384</run_address>
         <size>0x58</size>
         <input_file_ref idref="fl-fc"/>
      </object_component>
      <object_component id="oc-584">
         <name>.text:HOSTwrite</name>
         <load_address>0x33dc</load_address>
         <run_address>0x33dc</run_address>
         <size>0x58</size>
         <input_file_ref idref="fl-ff"/>
      </object_component>
      <object_component id="oc-35e">
         <name>.text:_pconv_f</name>
         <load_address>0x3434</load_address>
         <run_address>0x3434</run_address>
         <size>0x56</size>
         <input_file_ref idref="fl-cc"/>
      </object_component>
      <object_component id="oc-177">
         <name>.text:Initalise_HCSR04</name>
         <load_address>0x348c</load_address>
         <run_address>0x348c</run_address>
         <size>0x54</size>
         <input_file_ref idref="fl-2"/>
      </object_component>
      <object_component id="oc-406">
         <name>.text:__TI_ltoa</name>
         <load_address>0x34e0</load_address>
         <run_address>0x34e0</run_address>
         <size>0x54</size>
         <input_file_ref idref="fl-e3"/>
      </object_component>
      <object_component id="oc-416">
         <name>.text:_ecpy</name>
         <load_address>0x3534</load_address>
         <run_address>0x3534</run_address>
         <size>0x52</size>
         <input_file_ref idref="fl-cc"/>
      </object_component>
      <object_component id="oc-33a">
         <name>.text:Timer_A_getCounterValue</name>
         <load_address>0x3586</load_address>
         <run_address>0x3586</run_address>
         <size>0x4c</size>
         <input_file_ref idref="fl-13"/>
      </object_component>
      <object_component id="oc-474">
         <name>.text:__TI_doflush</name>
         <load_address>0x35d2</load_address>
         <run_address>0x35d2</run_address>
         <size>0x4c</size>
         <input_file_ref idref="fl-f0"/>
      </object_component>
      <object_component id="oc-347">
         <name>.text:atoi</name>
         <load_address>0x3620</load_address>
         <run_address>0x3620</run_address>
         <size>0x4c</size>
         <input_file_ref idref="fl-e4"/>
      </object_component>
      <object_component id="oc-88">
         <name>.text:PORT3_IRQHandler</name>
         <load_address>0x366c</load_address>
         <run_address>0x366c</run_address>
         <size>0x48</size>
         <input_file_ref idref="fl-2"/>
      </object_component>
      <object_component id="oc-1e0">
         <name>.text:exit</name>
         <load_address>0x36b4</load_address>
         <run_address>0x36b4</run_address>
         <size>0x48</size>
         <input_file_ref idref="fl-e1"/>
      </object_component>
      <object_component id="oc-401">
         <name>.text</name>
         <load_address>0x36fc</load_address>
         <run_address>0x36fc</run_address>
         <size>0x48</size>
         <input_file_ref idref="fl-d8"/>
      </object_component>
      <object_component id="oc-578">
         <name>.text:HOSTclose</name>
         <load_address>0x3744</load_address>
         <run_address>0x3744</run_address>
         <size>0x44</size>
         <input_file_ref idref="fl-f9"/>
      </object_component>
      <object_component id="oc-590">
         <name>.text:HOSTunlink</name>
         <load_address>0x3788</load_address>
         <run_address>0x3788</run_address>
         <size>0x44</size>
         <input_file_ref idref="fl-fe"/>
      </object_component>
      <object_component id="oc-1e6">
         <name>.text:__TI_auto_init_nobinit_nopinit:__TI_auto_init_nobinit_nopinit</name>
         <load_address>0x37cc</load_address>
         <run_address>0x37cc</run_address>
         <size>0x44</size>
         <input_file_ref idref="fl-f5"/>
      </object_component>
      <object_component id="oc-255">
         <name>.text:checkOne</name>
         <load_address>0x3810</load_address>
         <run_address>0x3810</run_address>
         <size>0x44</size>
         <input_file_ref idref="fl-2"/>
      </object_component>
      <object_component id="oc-5e6">
         <name>.text:getdevice</name>
         <load_address>0x3854</load_address>
         <run_address>0x3854</run_address>
         <size>0x44</size>
         <input_file_ref idref="fl-104"/>
      </object_component>
      <object_component id="oc-17d">
         <name>.text:GPIO_setAsOutputPin</name>
         <load_address>0x3898</load_address>
         <run_address>0x3898</run_address>
         <size>0x40</size>
         <input_file_ref idref="fl-10"/>
      </object_component>
      <object_component id="oc-429">
         <name>.text:_fcpy</name>
         <load_address>0x38d8</load_address>
         <run_address>0x38d8</run_address>
         <size>0x3e</size>
         <input_file_ref idref="fl-cc"/>
      </object_component>
      <object_component id="oc-100">
         <name>.text:delayMs</name>
         <load_address>0x3916</load_address>
         <run_address>0x3916</run_address>
         <size>0x3c</size>
         <input_file_ref idref="fl-2"/>
      </object_component>
      <object_component id="oc-5bf">
         <name>.text:__TI_writemsg</name>
         <load_address>0x3954</load_address>
         <run_address>0x3954</run_address>
         <size>0x38</size>
         <input_file_ref idref="fl-100"/>
      </object_component>
      <object_component id="oc-2b9">
         <name>.text:getHCSR04Time</name>
         <load_address>0x398c</load_address>
         <run_address>0x398c</run_address>
         <size>0x38</size>
         <input_file_ref idref="fl-2"/>
      </object_component>
      <object_component id="oc-1cb">
         <name>.text</name>
         <load_address>0x39c4</load_address>
         <run_address>0x39c4</run_address>
         <size>0x38</size>
         <input_file_ref idref="fl-d9"/>
      </object_component>
      <object_component id="oc-608">
         <name>.text:strncpy</name>
         <load_address>0x39fc</load_address>
         <run_address>0x39fc</run_address>
         <size>0x36</size>
         <input_file_ref idref="fl-107"/>
      </object_component>
      <object_component id="oc-171">
         <name>.text:CS_setDCOCenteredFrequency</name>
         <load_address>0x3a34</load_address>
         <run_address>0x3a34</run_address>
         <size>0x34</size>
         <input_file_ref idref="fl-f"/>
      </object_component>
      <object_component id="oc-527">
         <name>.text:__TI_cleanup</name>
         <load_address>0x3a68</load_address>
         <run_address>0x3a68</run_address>
         <size>0x34</size>
         <input_file_ref idref="fl-f1"/>
      </object_component>
      <object_component id="oc-5c5">
         <name>.text:__TI_readmsg</name>
         <load_address>0x3a9c</load_address>
         <run_address>0x3a9c</run_address>
         <size>0x34</size>
         <input_file_ref idref="fl-100"/>
      </object_component>
      <object_component id="oc-58">
         <name>.text:_c_int00_noargs:_c_int00_noargs</name>
         <load_address>0x3ad0</load_address>
         <run_address>0x3ad0</run_address>
         <size>0x34</size>
         <input_file_ref idref="fl-ed"/>
      </object_component>
      <object_component id="oc-3d1">
         <name>.text:CS_clearInterruptFlag</name>
         <load_address>0x3b04</load_address>
         <run_address>0x3b04</run_address>
         <size>0x30</size>
         <input_file_ref idref="fl-f"/>
      </object_component>
      <object_component id="oc-2a7">
         <name>.text:GPIO_getInputPinValue</name>
         <load_address>0x3b34</load_address>
         <run_address>0x3b34</run_address>
         <size>0x30</size>
         <input_file_ref idref="fl-10"/>
      </object_component>
      <object_component id="oc-19b">
         <name>.text:UART_enableInterrupt</name>
         <load_address>0x3b64</load_address>
         <run_address>0x3b64</run_address>
         <size>0x30</size>
         <input_file_ref idref="fl-14"/>
      </object_component>
      <object_component id="oc-e2">
         <name>.text:UART_receiveData</name>
         <load_address>0x3b94</load_address>
         <run_address>0x3b94</run_address>
         <size>0x30</size>
         <input_file_ref idref="fl-14"/>
      </object_component>
      <object_component id="oc-60e">
         <name>.text:finddevice</name>
         <load_address>0x3bc4</load_address>
         <run_address>0x3bc4</run_address>
         <size>0x30</size>
         <input_file_ref idref="fl-104"/>
      </object_component>
      <object_component id="oc-40c">
         <name>.text</name>
         <load_address>0x3bf4</load_address>
         <run_address>0x3bf4</run_address>
         <size>0x2e</size>
         <input_file_ref idref="fl-da"/>
      </object_component>
      <object_component id="oc-d8">
         <name>.text:Timer_A_clearCaptureCompareInterrupt</name>
         <load_address>0x3c24</load_address>
         <run_address>0x3c24</run_address>
         <size>0x2c</size>
         <input_file_ref idref="fl-13"/>
      </object_component>
      <object_component id="oc-5b4">
         <name>.text:unlink</name>
         <load_address>0x3c50</load_address>
         <run_address>0x3c50</run_address>
         <size>0x2c</size>
         <input_file_ref idref="fl-10a"/>
      </object_component>
      <object_component id="oc-275">
         <name>.text:CS_getSMCLK</name>
         <load_address>0x3c7c</load_address>
         <run_address>0x3c7c</run_address>
         <size>0x28</size>
         <input_file_ref idref="fl-f"/>
      </object_component>
      <object_component id="oc-11b">
         <name>.text:GPIO_clearInterruptFlag</name>
         <load_address>0x3ca4</load_address>
         <run_address>0x3ca4</run_address>
         <size>0x28</size>
         <input_file_ref idref="fl-10"/>
      </object_component>
      <object_component id="oc-1b3">
         <name>.text:GPIO_enableInterrupt</name>
         <load_address>0x3ccc</load_address>
         <run_address>0x3ccc</run_address>
         <size>0x28</size>
         <input_file_ref idref="fl-10"/>
      </object_component>
      <object_component id="oc-127">
         <name>.text:GPIO_setOutputHighOnPin</name>
         <load_address>0x3cf4</load_address>
         <run_address>0x3cf4</run_address>
         <size>0x28</size>
         <input_file_ref idref="fl-10"/>
      </object_component>
      <object_component id="oc-183">
         <name>.text:GPIO_setOutputLowOnPin</name>
         <load_address>0x3d1c</load_address>
         <run_address>0x3d1c</run_address>
         <size>0x28</size>
         <input_file_ref idref="fl-10"/>
      </object_component>
      <object_component id="oc-558">
         <name>.text:free_list_insert</name>
         <load_address>0x3d44</load_address>
         <run_address>0x3d44</run_address>
         <size>0x28</size>
         <input_file_ref idref="fl-e9"/>
      </object_component>
      <object_component id="oc-513">
         <name>.text:lseek</name>
         <load_address>0x3d6c</load_address>
         <run_address>0x3d6c</run_address>
         <size>0x28</size>
         <input_file_ref idref="fl-102"/>
      </object_component>
      <object_component id="oc-47a">
         <name>.text:write</name>
         <load_address>0x3d94</load_address>
         <run_address>0x3d94</run_address>
         <size>0x28</size>
         <input_file_ref idref="fl-ee"/>
      </object_component>
      <object_component id="oc-1bf">
         <name>.text:Delay</name>
         <load_address>0x3dbc</load_address>
         <run_address>0x3dbc</run_address>
         <size>0x24</size>
         <input_file_ref idref="fl-2"/>
      </object_component>
      <object_component id="oc-115">
         <name>.text:GPIO_getInterruptStatus</name>
         <load_address>0x3de0</load_address>
         <run_address>0x3de0</run_address>
         <size>0x24</size>
         <input_file_ref idref="fl-10"/>
      </object_component>
      <object_component id="oc-f4">
         <name>.text:moveBackward</name>
         <load_address>0x3e04</load_address>
         <run_address>0x3e04</run_address>
         <size>0x24</size>
         <input_file_ref idref="fl-2"/>
      </object_component>
      <object_component id="oc-e8">
         <name>.text:moveForward</name>
         <load_address>0x3e28</load_address>
         <run_address>0x3e28</run_address>
         <size>0x24</size>
         <input_file_ref idref="fl-2"/>
      </object_component>
      <object_component id="oc-106">
         <name>.text:moveLeft</name>
         <load_address>0x3e4c</load_address>
         <run_address>0x3e4c</run_address>
         <size>0x24</size>
         <input_file_ref idref="fl-2"/>
      </object_component>
      <object_component id="oc-fa">
         <name>.text:moveRight</name>
         <load_address>0x3e70</load_address>
         <run_address>0x3e70</run_address>
         <size>0x24</size>
         <input_file_ref idref="fl-2"/>
      </object_component>
      <object_component id="oc-25b">
         <name>.text:newPWM</name>
         <load_address>0x3e94</load_address>
         <run_address>0x3e94</run_address>
         <size>0x24</size>
         <input_file_ref idref="fl-2"/>
      </object_component>
      <object_component id="oc-ee">
         <name>.text:stop</name>
         <load_address>0x3eb8</load_address>
         <run_address>0x3eb8</run_address>
         <size>0x24</size>
         <input_file_ref idref="fl-2"/>
      </object_component>
      <object_component id="oc-46e">
         <name>.text:memchr</name>
         <load_address>0x3edc</load_address>
         <run_address>0x3edc</run_address>
         <size>0x20</size>
         <input_file_ref idref="fl-e8"/>
      </object_component>
      <object_component id="oc-76">
         <name>.text:TA1_0_IRQHandler</name>
         <load_address>0x3efc</load_address>
         <run_address>0x3efc</run_address>
         <size>0x1c</size>
         <input_file_ref idref="fl-2"/>
      </object_component>
      <object_component id="oc-46">
         <name>.text:decompress:ZI:__TI_zero_init_nomemset:__TI_zero_init_nomemset</name>
         <load_address>0x3f18</load_address>
         <run_address>0x3f18</run_address>
         <size>0x1c</size>
         <input_file_ref idref="fl-de"/>
      </object_component>
      <object_component id="oc-552">
         <name>.text:free_list_remove</name>
         <load_address>0x3f34</load_address>
         <run_address>0x3f34</run_address>
         <size>0x1c</size>
         <input_file_ref idref="fl-e9"/>
      </object_component>
      <object_component id="oc-370">
         <name>.text:memccpy</name>
         <load_address>0x3f50</load_address>
         <run_address>0x3f50</run_address>
         <size>0x1c</size>
         <input_file_ref idref="fl-e7"/>
      </object_component>
      <object_component id="oc-121">
         <name>.text:set_All_LED2_Low</name>
         <load_address>0x3f6c</load_address>
         <run_address>0x3f6c</run_address>
         <size>0x1c</size>
         <input_file_ref idref="fl-2"/>
      </object_component>
      <object_component id="oc-4c8">
         <name>.text:copysign</name>
         <load_address>0x3f88</load_address>
         <run_address>0x3f88</run_address>
         <size>0x1a</size>
         <input_file_ref idref="fl-f3"/>
      </object_component>
      <object_component id="oc-287">
         <name>.text:Timer_A_clearTimer</name>
         <load_address>0x3fa4</load_address>
         <run_address>0x3fa4</run_address>
         <size>0x18</size>
         <input_file_ref idref="fl-13"/>
      </object_component>
      <object_component id="oc-625">
         <name>.text:strcmp</name>
         <load_address>0x3fbc</load_address>
         <run_address>0x3fbc</run_address>
         <size>0x18</size>
         <input_file_ref idref="fl-105"/>
      </object_component>
      <object_component id="oc-2ad">
         <name>.text:Timer_A_startCounter</name>
         <load_address>0x3fd4</load_address>
         <run_address>0x3fd4</run_address>
         <size>0x16</size>
         <input_file_ref idref="fl-13"/>
      </object_component>
      <object_component id="oc-195">
         <name>.text:UART_enableModule</name>
         <load_address>0x3fea</load_address>
         <run_address>0x3fea</run_address>
         <size>0x16</size>
         <input_file_ref idref="fl-14"/>
      </object_component>
      <object_component id="oc-43d">
         <name>.text:strchr</name>
         <load_address>0x4000</load_address>
         <run_address>0x4000</run_address>
         <size>0x16</size>
         <input_file_ref idref="fl-ea"/>
      </object_component>
      <object_component id="oc-2b3">
         <name>.text:Timer_A_stopTimer</name>
         <load_address>0x4016</load_address>
         <run_address>0x4016</run_address>
         <size>0x14</size>
         <input_file_ref idref="fl-13"/>
      </object_component>
      <object_component id="oc-141">
         <name>.text:stopLeftWheel</name>
         <load_address>0x402a</load_address>
         <run_address>0x402a</run_address>
         <size>0x14</size>
         <input_file_ref idref="fl-2"/>
      </object_component>
      <object_component id="oc-12e">
         <name>.text:stopRightWheel</name>
         <load_address>0x403e</load_address>
         <run_address>0x403e</run_address>
         <size>0x14</size>
         <input_file_ref idref="fl-2"/>
      </object_component>
      <object_component id="oc-5d9">
         <name>.text:strcpy</name>
         <load_address>0x4052</load_address>
         <run_address>0x4052</run_address>
         <size>0x14</size>
         <input_file_ref idref="fl-106"/>
      </object_component>
      <object_component id="oc-341">
         <name>.text:strlen</name>
         <load_address>0x4066</load_address>
         <run_address>0x4066</run_address>
         <size>0x14</size>
         <input_file_ref idref="fl-eb"/>
      </object_component>
      <object_component id="oc-376">
         <name>.text:wcslen</name>
         <load_address>0x407a</load_address>
         <run_address>0x407a</run_address>
         <size>0x12</size>
         <input_file_ref idref="fl-d3"/>
      </object_component>
      <object_component id="oc-1b9">
         <name>.text:Interrupt_enableMaster</name>
         <load_address>0x408c</load_address>
         <run_address>0x408c</run_address>
         <size>0x10</size>
         <input_file_ref idref="fl-11"/>
      </object_component>
      <object_component id="oc-1d">
         <name>.text:decompress:none:__TI_decompress_none</name>
         <load_address>0x409c</load_address>
         <run_address>0x409c</run_address>
         <size>0xe</size>
         <input_file_ref idref="fl-df"/>
      </object_component>
      <object_component id="oc-29f">
         <name>.text:CPU_cpsie</name>
         <load_address>0x40aa</load_address>
         <run_address>0x40aa</run_address>
         <size>0xc</size>
         <input_file_ref idref="fl-15"/>
      </object_component>
      <object_component id="oc-6a">
         <name>.text:Reset_Handler</name>
         <load_address>0x40b6</load_address>
         <run_address>0x40b6</run_address>
         <size>0xc</size>
         <input_file_ref idref="fl-4"/>
      </object_component>
      <object_component id="oc-37c">
         <name>.text:__aeabi_errno_addr</name>
         <load_address>0x40c4</load_address>
         <run_address>0x40c4</run_address>
         <size>0x8</size>
         <input_file_ref idref="fl-ec"/>
      </object_component>
      <object_component id="oc-521">
         <name>.text:malloc</name>
         <load_address>0x40cc</load_address>
         <run_address>0x40cc</run_address>
         <size>0x8</size>
         <input_file_ref idref="fl-e9"/>
      </object_component>
      <object_component id="oc-2d3">
         <name>.text:_outc</name>
         <load_address>0x40d4</load_address>
         <run_address>0x40d4</run_address>
         <size>0x4</size>
         <input_file_ref idref="fl-cb"/>
      </object_component>
      <object_component id="oc-2cd">
         <name>.text:_outs</name>
         <load_address>0x40d8</load_address>
         <run_address>0x40d8</run_address>
         <size>0x4</size>
         <input_file_ref idref="fl-cb"/>
      </object_component>
      <object_component id="oc-b8">
         <name>.text:_system_pre_init</name>
         <load_address>0x40dc</load_address>
         <run_address>0x40dc</run_address>
         <size>0x4</size>
         <input_file_ref idref="fl-f6"/>
      </object_component>
      <object_component id="oc-1da">
         <name>.text:abort:abort</name>
         <load_address>0x40e0</load_address>
         <run_address>0x40e0</run_address>
         <size>0x4</size>
         <input_file_ref idref="fl-e1"/>
      </object_component>
      <object_component id="oc-3e6">
         <name>.const:.string:_ctypes_</name>
         <load_address>0x40e4</load_address>
         <run_address>0x40e4</run_address>
         <size>0x101</size>
         <input_file_ref idref="fl-e5"/>
      </object_component>
      <object_component id="oc-24d">
         <name>.const:GPIO_PORT_TO_BASE</name>
         <load_address>0x41e8</load_address>
         <run_address>0x41e8</run_address>
         <size>0x30</size>
         <input_file_ref idref="fl-10"/>
      </object_component>
      <object_component id="oc-1d6">
         <name>.const:bluetooth</name>
         <load_address>0x4218</load_address>
         <run_address>0x4218</run_address>
         <size>0x28</size>
         <input_file_ref idref="fl-2"/>
      </object_component>
      <object_component id="oc-28d">
         <name>.const:$P$T0$1</name>
         <load_address>0x4240</load_address>
         <run_address>0x4240</run_address>
         <size>0x18</size>
         <input_file_ref idref="fl-2"/>
      </object_component>
      <object_component id="oc-298">
         <name>.const:g_pulEnRegs</name>
         <load_address>0x4258</load_address>
         <run_address>0x4258</run_address>
         <size>0x8</size>
         <input_file_ref idref="fl-11"/>
      </object_component>
      <object_component id="oc-665">
         <name>.cinit..data.load</name>
         <load_address>0x4260</load_address>
         <run_address>0x4260</run_address>
         <size>0x83</size>
      </object_component>
      <object_component id="oc-663">
         <name>__TI_handler_table</name>
         <load_address>0x42e4</load_address>
         <run_address>0x42e4</run_address>
         <size>0xc</size>
      </object_component>
      <object_component id="oc-666">
         <name>.cinit..bss.load</name>
         <load_address>0x42f0</load_address>
         <run_address>0x42f0</run_address>
         <size>0x8</size>
      </object_component>
      <object_component id="oc-664">
         <name>__TI_cinit_table</name>
         <load_address>0x42f8</load_address>
         <run_address>0x42f8</run_address>
         <size>0x10</size>
      </object_component>
      <object_component id="oc-637">
         <name>.binit</name>
         <load_address>0x0</load_address>
         <run_address>0x0</run_address>
         <size>0x0</size>
      </object_component>
      <object_component id="oc-10c">
         <name>.data</name>
         <load_address>0x200009b8</load_address>
         <run_address>0x200009b8</run_address>
         <size>0x30</size>
         <input_file_ref idref="fl-2"/>
      </object_component>
      <object_component id="oc-147">
         <name>.data:rightWheel</name>
         <load_address>0x20000a00</load_address>
         <run_address>0x20000a00</run_address>
         <size>0x18</size>
         <input_file_ref idref="fl-2"/>
      </object_component>
      <object_component id="oc-14a">
         <name>.data:leftWheel</name>
         <load_address>0x200009e8</load_address>
         <run_address>0x200009e8</run_address>
         <size>0x18</size>
         <input_file_ref idref="fl-2"/>
      </object_component>
      <object_component id="oc-2e3">
         <name>.data:$O1$$</name>
         <load_address>0x20000a28</load_address>
         <run_address>0x20000a28</run_address>
         <size>0xc</size>
         <input_file_ref idref="fl-e1"/>
      </object_component>
      <object_component id="oc-2c7">
         <name>.data:$O1$$</name>
         <load_address>0x20000a34</load_address>
         <run_address>0x20000a34</run_address>
         <size>0x8</size>
         <input_file_ref idref="fl-e2"/>
      </object_component>
      <object_component id="oc-2ca">
         <name>.data:_ftable</name>
         <load_address>0x20000800</load_address>
         <run_address>0x20000800</run_address>
         <size>0xf0</size>
         <input_file_ref idref="fl-e6"/>
      </object_component>
      <object_component id="oc-56c">
         <name>.data</name>
         <load_address>0x20000a18</load_address>
         <run_address>0x20000a18</run_address>
         <size>0x10</size>
         <input_file_ref idref="fl-e6"/>
      </object_component>
      <object_component id="oc-5a2">
         <name>.data:$O1$$</name>
         <load_address>0x20000a3c</load_address>
         <run_address>0x20000a3c</run_address>
         <size>0x8</size>
         <input_file_ref idref="fl-e9"/>
      </object_component>
      <object_component id="oc-44d">
         <name>.data</name>
         <load_address>0x20000a44</load_address>
         <run_address>0x20000a44</run_address>
         <size>0x4</size>
         <input_file_ref idref="fl-ec"/>
      </object_component>
      <object_component id="oc-53a">
         <name>.data:_device</name>
         <load_address>0x200008f0</load_address>
         <run_address>0x200008f0</run_address>
         <size>0x78</size>
         <input_file_ref idref="fl-ef"/>
      </object_component>
      <object_component id="oc-4f6">
         <name>.data:_stream</name>
         <load_address>0x20000968</load_address>
         <run_address>0x20000968</run_address>
         <size>0x50</size>
         <input_file_ref idref="fl-ef"/>
      </object_component>
      <object_component id="oc-3dd">
         <name>.bss</name>
         <uninitialized>true</uninitialized>
         <run_address>0x20000c08</run_address>
         <size>0x8</size>
         <input_file_ref idref="fl-f"/>
      </object_component>
      <object_component id="oc-5f0">
         <name>.bss:_CIOBUF_</name>
         <uninitialized>true</uninitialized>
         <run_address>0x20000a48</run_address>
         <size>0x120</size>
         <input_file_ref idref="fl-100"/>
      </object_component>
      <object_component id="oc-de">
         <name>.common:SR04IntTimes</name>
         <uninitialized>true</uninitialized>
         <run_address>0x20000c18</run_address>
         <size>0x4</size>
      </object_component>
      <object_component id="oc-5ba">
         <name>.common:__TI_tmpnams</name>
         <uninitialized>true</uninitialized>
         <run_address>0x20000b68</run_address>
         <size>0xa0</size>
      </object_component>
      <object_component id="oc-5cb">
         <name>.common:parmbuf</name>
         <uninitialized>true</uninitialized>
         <run_address>0x20000c10</run_address>
         <size>0x8</size>
      </object_component>
      <object_component id="oc-29">
         <name>.sysmem</name>
         <uninitialized>true</uninitialized>
         <run_address>0x20000000</run_address>
         <size>0x10</size>
         <input_file_ref idref="fl-e9"/>
      </object_component>
      <object_component id="oc-669">
         <name>.sysmem</name>
         <uninitialized>true</uninitialized>
         <run_address>0x20000000</run_address>
         <size>0x0</size>
      </object_component>
      <object_component id="oc-2c">
         <name>.stack</name>
         <uninitialized>true</uninitialized>
         <run_address>0x2000fe00</run_address>
         <size>0x4</size>
         <input_file_ref idref="fl-ed"/>
      </object_component>
      <object_component id="oc-668">
         <name>.stack</name>
         <uninitialized>true</uninitialized>
         <run_address>0x2000fe00</run_address>
         <size>0x0</size>
      </object_component>
      <object_component id="oc-df">
         <name>.debug_info</name>
         <load_address>0x0</load_address>
         <run_address>0x0</run_address>
         <size>0xd25</size>
         <input_file_ref idref="fl-2"/>
      </object_component>
      <object_component id="oc-10d">
         <name>.debug_info</name>
         <load_address>0xd25</load_address>
         <run_address>0xd25</run_address>
         <size>0x28e</size>
         <input_file_ref idref="fl-2"/>
      </object_component>
      <object_component id="oc-1d7">
         <name>.debug_info</name>
         <load_address>0xfb3</load_address>
         <run_address>0xfb3</run_address>
         <size>0xe4</size>
         <input_file_ref idref="fl-2"/>
      </object_component>
      <object_component id="oc-148">
         <name>.debug_info</name>
         <load_address>0x1097</load_address>
         <run_address>0x1097</run_address>
         <size>0xe6</size>
         <input_file_ref idref="fl-2"/>
      </object_component>
      <object_component id="oc-14b">
         <name>.debug_info</name>
         <load_address>0x117d</load_address>
         <run_address>0x117d</run_address>
         <size>0xe4</size>
         <input_file_ref idref="fl-2"/>
      </object_component>
      <object_component id="oc-28e">
         <name>.debug_info</name>
         <load_address>0x1261</load_address>
         <run_address>0x1261</run_address>
         <size>0xde</size>
         <input_file_ref idref="fl-2"/>
      </object_component>
      <object_component id="oc-1c1">
         <name>.debug_info</name>
         <load_address>0x133f</load_address>
         <run_address>0x133f</run_address>
         <size>0x133</size>
         <input_file_ref idref="fl-2"/>
      </object_component>
      <object_component id="oc-179">
         <name>.debug_info</name>
         <load_address>0x1472</load_address>
         <run_address>0x1472</run_address>
         <size>0x20e</size>
         <input_file_ref idref="fl-2"/>
      </object_component>
      <object_component id="oc-77">
         <name>.debug_info</name>
         <load_address>0x1680</load_address>
         <run_address>0x1680</run_address>
         <size>0x146</size>
         <input_file_ref idref="fl-2"/>
      </object_component>
      <object_component id="oc-2ba">
         <name>.debug_info</name>
         <load_address>0x17c6</load_address>
         <run_address>0x17c6</run_address>
         <size>0x177</size>
         <input_file_ref idref="fl-2"/>
      </object_component>
      <object_component id="oc-1c6">
         <name>.debug_info</name>
         <load_address>0x193d</load_address>
         <run_address>0x193d</run_address>
         <size>0x252</size>
         <input_file_ref idref="fl-2"/>
      </object_component>
      <object_component id="oc-e9">
         <name>.debug_info</name>
         <load_address>0x1b8f</load_address>
         <run_address>0x1b8f</run_address>
         <size>0x187</size>
         <input_file_ref idref="fl-2"/>
      </object_component>
      <object_component id="oc-ef">
         <name>.debug_info</name>
         <load_address>0x1d16</load_address>
         <run_address>0x1d16</run_address>
         <size>0x17b</size>
         <input_file_ref idref="fl-2"/>
      </object_component>
      <object_component id="oc-f5">
         <name>.debug_info</name>
         <load_address>0x1e91</load_address>
         <run_address>0x1e91</run_address>
         <size>0x189</size>
         <input_file_ref idref="fl-2"/>
      </object_component>
      <object_component id="oc-fb">
         <name>.debug_info</name>
         <load_address>0x201a</load_address>
         <run_address>0x201a</run_address>
         <size>0x184</size>
         <input_file_ref idref="fl-2"/>
      </object_component>
      <object_component id="oc-107">
         <name>.debug_info</name>
         <load_address>0x219e</load_address>
         <run_address>0x219e</run_address>
         <size>0x182</size>
         <input_file_ref idref="fl-2"/>
      </object_component>
      <object_component id="oc-12f">
         <name>.debug_info</name>
         <load_address>0x2320</load_address>
         <run_address>0x2320</run_address>
         <size>0x153</size>
         <input_file_ref idref="fl-2"/>
      </object_component>
      <object_component id="oc-142">
         <name>.debug_info</name>
         <load_address>0x2473</load_address>
         <run_address>0x2473</run_address>
         <size>0x151</size>
         <input_file_ref idref="fl-2"/>
      </object_component>
      <object_component id="oc-101">
         <name>.debug_info</name>
         <load_address>0x25c4</load_address>
         <run_address>0x25c4</run_address>
         <size>0x138</size>
         <input_file_ref idref="fl-2"/>
      </object_component>
      <object_component id="oc-122">
         <name>.debug_info</name>
         <load_address>0x26fc</load_address>
         <run_address>0x26fc</run_address>
         <size>0x175</size>
         <input_file_ref idref="fl-2"/>
      </object_component>
      <object_component id="oc-256">
         <name>.debug_info</name>
         <load_address>0x2871</load_address>
         <run_address>0x2871</run_address>
         <size>0x132</size>
         <input_file_ref idref="fl-2"/>
      </object_component>
      <object_component id="oc-25c">
         <name>.debug_info</name>
         <load_address>0x29a3</load_address>
         <run_address>0x29a3</run_address>
         <size>0x184</size>
         <input_file_ref idref="fl-2"/>
      </object_component>
      <object_component id="oc-136">
         <name>.debug_info</name>
         <load_address>0x2b27</load_address>
         <run_address>0x2b27</run_address>
         <size>0x38f</size>
         <input_file_ref idref="fl-2"/>
      </object_component>
      <object_component id="oc-bf">
         <name>.debug_info</name>
         <load_address>0x2eb6</load_address>
         <run_address>0x2eb6</run_address>
         <size>0x803</size>
         <input_file_ref idref="fl-2"/>
      </object_component>
      <object_component id="oc-7d">
         <name>.debug_info</name>
         <load_address>0x36b9</load_address>
         <run_address>0x36b9</run_address>
         <size>0x1de</size>
         <input_file_ref idref="fl-2"/>
      </object_component>
      <object_component id="oc-83">
         <name>.debug_info</name>
         <load_address>0x3897</load_address>
         <run_address>0x3897</run_address>
         <size>0x2d3</size>
         <input_file_ref idref="fl-2"/>
      </object_component>
      <object_component id="oc-89">
         <name>.debug_info</name>
         <load_address>0x3b6a</load_address>
         <run_address>0x3b6a</run_address>
         <size>0x16f</size>
         <input_file_ref idref="fl-2"/>
      </object_component>
      <object_component id="oc-8f">
         <name>.debug_info</name>
         <load_address>0x3cd9</load_address>
         <run_address>0x3cd9</run_address>
         <size>0x1af</size>
         <input_file_ref idref="fl-2"/>
      </object_component>
      <object_component id="oc-150">
         <name>.debug_info</name>
         <load_address>0x3e88</load_address>
         <run_address>0x3e88</run_address>
         <size>0x26b</size>
         <input_file_ref idref="fl-2"/>
      </object_component>
      <object_component id="oc-22b">
         <name>.debug_info</name>
         <load_address>0x40f3</load_address>
         <run_address>0x40f3</run_address>
         <size>0x1028</size>
         <input_file_ref idref="fl-2"/>
      </object_component>
      <object_component id="oc-226">
         <name>.debug_info</name>
         <load_address>0x511b</load_address>
         <run_address>0x511b</run_address>
         <size>0x37e2</size>
         <input_file_ref idref="fl-2"/>
      </object_component>
      <object_component id="oc-230">
         <name>.debug_info</name>
         <load_address>0x88fd</load_address>
         <run_address>0x88fd</run_address>
         <size>0x341</size>
         <input_file_ref idref="fl-2"/>
      </object_component>
      <object_component id="oc-110">
         <name>.debug_info</name>
         <load_address>0x8c3e</load_address>
         <run_address>0x8c3e</run_address>
         <size>0x8b</size>
         <input_file_ref idref="fl-2"/>
      </object_component>
      <object_component id="oc-26f">
         <name>.debug_info</name>
         <load_address>0x8cc9</load_address>
         <run_address>0x8cc9</run_address>
         <size>0x2a4</size>
         <input_file_ref idref="fl-2"/>
      </object_component>
      <object_component id="oc-23f">
         <name>.debug_info</name>
         <load_address>0x8f6d</load_address>
         <run_address>0x8f6d</run_address>
         <size>0xef</size>
         <input_file_ref idref="fl-2"/>
      </object_component>
      <object_component id="oc-235">
         <name>.debug_info</name>
         <load_address>0x905c</load_address>
         <run_address>0x905c</run_address>
         <size>0xbb</size>
         <input_file_ref idref="fl-2"/>
      </object_component>
      <object_component id="oc-2db">
         <name>.debug_info</name>
         <load_address>0x9117</load_address>
         <run_address>0x9117</run_address>
         <size>0x2c</size>
         <input_file_ref idref="fl-2"/>
      </object_component>
      <object_component id="oc-23a">
         <name>.debug_info</name>
         <load_address>0x9143</load_address>
         <run_address>0x9143</run_address>
         <size>0x102</size>
         <input_file_ref idref="fl-2"/>
      </object_component>
      <object_component id="oc-d1">
         <name>.debug_info</name>
         <load_address>0x9245</load_address>
         <run_address>0x9245</run_address>
         <size>0x13c</size>
         <input_file_ref idref="fl-3"/>
      </object_component>
      <object_component id="oc-35">
         <name>.debug_info</name>
         <load_address>0x9381</load_address>
         <run_address>0x9381</run_address>
         <size>0x84</size>
         <input_file_ref idref="fl-3"/>
      </object_component>
      <object_component id="oc-96">
         <name>.debug_info</name>
         <load_address>0x9405</load_address>
         <run_address>0x9405</run_address>
         <size>0x2dc</size>
         <input_file_ref idref="fl-4"/>
      </object_component>
      <object_component id="oc-27">
         <name>.debug_info</name>
         <load_address>0x96e1</load_address>
         <run_address>0x96e1</run_address>
         <size>0x108</size>
         <input_file_ref idref="fl-4"/>
      </object_component>
      <object_component id="oc-6b">
         <name>.debug_info</name>
         <load_address>0x97e9</load_address>
         <run_address>0x97e9</run_address>
         <size>0x16b</size>
         <input_file_ref idref="fl-4"/>
      </object_component>
      <object_component id="oc-71">
         <name>.debug_info</name>
         <load_address>0x9954</load_address>
         <run_address>0x9954</run_address>
         <size>0x153</size>
         <input_file_ref idref="fl-4"/>
      </object_component>
      <object_component id="oc-3c8">
         <name>.debug_info</name>
         <load_address>0x9aa7</load_address>
         <run_address>0x9aa7</run_address>
         <size>0x807</size>
         <input_file_ref idref="fl-f"/>
      </object_component>
      <object_component id="oc-3de">
         <name>.debug_info</name>
         <load_address>0xa2ae</load_address>
         <run_address>0xa2ae</run_address>
         <size>0x140</size>
         <input_file_ref idref="fl-f"/>
      </object_component>
      <object_component id="oc-3ce">
         <name>.debug_info</name>
         <load_address>0xa3ee</load_address>
         <run_address>0xa3ee</run_address>
         <size>0x1d9</size>
         <input_file_ref idref="fl-f"/>
      </object_component>
      <object_component id="oc-323">
         <name>.debug_info</name>
         <load_address>0xa5c7</load_address>
         <run_address>0xa5c7</run_address>
         <size>0x2a8</size>
         <input_file_ref idref="fl-f"/>
      </object_component>
      <object_component id="oc-4a2">
         <name>.debug_info</name>
         <load_address>0xa86f</load_address>
         <run_address>0xa86f</run_address>
         <size>0x1be</size>
         <input_file_ref idref="fl-f"/>
      </object_component>
      <object_component id="oc-174">
         <name>.debug_info</name>
         <load_address>0xaa2d</load_address>
         <run_address>0xaa2d</run_address>
         <size>0x1e5</size>
         <input_file_ref idref="fl-f"/>
      </object_component>
      <object_component id="oc-3da">
         <name>.debug_info</name>
         <load_address>0xac12</load_address>
         <run_address>0xac12</run_address>
         <size>0x28f</size>
         <input_file_ref idref="fl-f"/>
      </object_component>
      <object_component id="oc-278">
         <name>.debug_info</name>
         <load_address>0xaea1</load_address>
         <run_address>0xaea1</run_address>
         <size>0x1eb</size>
         <input_file_ref idref="fl-f"/>
      </object_component>
      <object_component id="oc-3d4">
         <name>.debug_info</name>
         <load_address>0xb08c</load_address>
         <run_address>0xb08c</run_address>
         <size>0x1d3</size>
         <input_file_ref idref="fl-f"/>
      </object_component>
      <object_component id="oc-30c">
         <name>.debug_info</name>
         <load_address>0xb25f</load_address>
         <run_address>0xb25f</run_address>
         <size>0x431a</size>
         <input_file_ref idref="fl-f"/>
      </object_component>
      <object_component id="oc-492">
         <name>.debug_info</name>
         <load_address>0xf579</load_address>
         <run_address>0xf579</run_address>
         <size>0x1b5</size>
         <input_file_ref idref="fl-f"/>
      </object_component>
      <object_component id="oc-31b">
         <name>.debug_info</name>
         <load_address>0xf72e</load_address>
         <run_address>0xf72e</run_address>
         <size>0x26b</size>
         <input_file_ref idref="fl-f"/>
      </object_component>
      <object_component id="oc-311">
         <name>.debug_info</name>
         <load_address>0xf999</load_address>
         <run_address>0xf999</run_address>
         <size>0x1028</size>
         <input_file_ref idref="fl-f"/>
      </object_component>
      <object_component id="oc-2ff">
         <name>.debug_info</name>
         <load_address>0x109c1</load_address>
         <run_address>0x109c1</run_address>
         <size>0x297</size>
         <input_file_ref idref="fl-f"/>
      </object_component>
      <object_component id="oc-21f">
         <name>.debug_info</name>
         <load_address>0x10c58</load_address>
         <run_address>0x10c58</run_address>
         <size>0xef</size>
         <input_file_ref idref="fl-f"/>
      </object_component>
      <object_component id="oc-21a">
         <name>.debug_info</name>
         <load_address>0x10d47</load_address>
         <run_address>0x10d47</run_address>
         <size>0xbb</size>
         <input_file_ref idref="fl-f"/>
      </object_component>
      <object_component id="oc-306">
         <name>.debug_info</name>
         <load_address>0x10e02</load_address>
         <run_address>0x10e02</run_address>
         <size>0x701</size>
         <input_file_ref idref="fl-10"/>
      </object_component>
      <object_component id="oc-24e">
         <name>.debug_info</name>
         <load_address>0x11503</load_address>
         <run_address>0x11503</run_address>
         <size>0x135</size>
         <input_file_ref idref="fl-10"/>
      </object_component>
      <object_component id="oc-17f">
         <name>.debug_info</name>
         <load_address>0x11638</load_address>
         <run_address>0x11638</run_address>
         <size>0x252</size>
         <input_file_ref idref="fl-10"/>
      </object_component>
      <object_component id="oc-1aa">
         <name>.debug_info</name>
         <load_address>0x1188a</load_address>
         <run_address>0x1188a</run_address>
         <size>0x2a5</size>
         <input_file_ref idref="fl-10"/>
      </object_component>
      <object_component id="oc-18b">
         <name>.debug_info</name>
         <load_address>0x11b2f</load_address>
         <run_address>0x11b2f</run_address>
         <size>0x2a3</size>
         <input_file_ref idref="fl-10"/>
      </object_component>
      <object_component id="oc-129">
         <name>.debug_info</name>
         <load_address>0x11dd2</load_address>
         <run_address>0x11dd2</run_address>
         <size>0x25a</size>
         <input_file_ref idref="fl-10"/>
      </object_component>
      <object_component id="oc-185">
         <name>.debug_info</name>
         <load_address>0x1202c</load_address>
         <run_address>0x1202c</run_address>
         <size>0x258</size>
         <input_file_ref idref="fl-10"/>
      </object_component>
      <object_component id="oc-27d">
         <name>.debug_info</name>
         <load_address>0x12284</load_address>
         <run_address>0x12284</run_address>
         <size>0x278</size>
         <input_file_ref idref="fl-10"/>
      </object_component>
      <object_component id="oc-1af">
         <name>.debug_info</name>
         <load_address>0x124fc</load_address>
         <run_address>0x124fc</run_address>
         <size>0x274</size>
         <input_file_ref idref="fl-10"/>
      </object_component>
      <object_component id="oc-2a9">
         <name>.debug_info</name>
         <load_address>0x12770</load_address>
         <run_address>0x12770</run_address>
         <size>0x27e</size>
         <input_file_ref idref="fl-10"/>
      </object_component>
      <object_component id="oc-1b6">
         <name>.debug_info</name>
[...]
      </symbol>
      <symbol id="sm-6ac">
         <name>__aeabi_dsub</name>
         <value>0x134d</value>
         <object_component_ref idref="oc-411"/>
      </symbol>
      <symbol id="sm-6ad">
         <name>__aeabi_dadd</name>
         <value>0x1357</value>
         <object_component_ref idref="oc-411"/>
      </symbol>
      <symbol id="sm-6cf">
         <name>__aeabi_cdcmpeq</name>
         <value>0x29bd</value>
         <object_component_ref idref="oc-353"/>
      </symbol>
      <symbol id="sm-6d0">
         <name>__aeabi_cdcmple</name>
         <value>0x29bd</value>
         <object_component_ref idref="oc-353"/>
      </symbol>
      <symbol id="sm-6d1">
         <name>__aeabi_cdrcmple</name>
         <value>0x2a43</value>
         <object_component_ref idref="oc-3fc"/>
      </symbol>
      <symbol id="sm-6e5">
         <name>__aeabi_ddiv</name>
         <value>0x1785</value>
         <object_component_ref idref="oc-3f7"/>
      </symbol>
      <symbol id="sm-6f0">
         <name>__aeabi_dmul</name>
         <value>0x1f25</value>
         <object_component_ref idref="oc-3f2"/>
      </symbol>
      <symbol id="sm-6fa">
         <name>__aeabi_d2iz</name>
         <value>0x36fd</value>
         <object_component_ref idref="oc-401"/>
      </symbol>
      <symbol id="sm-705">
         <name>__aeabi_f2d</name>
         <value>0x39c5</value>
         <object_component_ref idref="oc-1cb"/>
      </symbol>
      <symbol id="sm-70f">
         <name>__aeabi_i2d</name>
         <value>0x3bf5</value>
         <object_component_ref idref="oc-40c"/>
      </symbol>
      <symbol id="sm-72a">
         <name>memcpy</name>
         <value>0x25d1</value>
         <object_component_ref idref="oc-3a"/>
      </symbol>
      <symbol id="sm-72b">
         <name>__aeabi_memcpy</name>
         <value>0x25d1</value>
         <object_component_ref idref="oc-3a"/>
      </symbol>
      <symbol id="sm-72c">
         <name>__aeabi_memcpy8</name>
         <value>0x25d1</value>
         <object_component_ref idref="oc-3a"/>
      </symbol>
      <symbol id="sm-72d">
         <name>__aeabi_memcpy4</name>
         <value>0x25d1</value>
         <object_component_ref idref="oc-3a"/>
      </symbol>
      <symbol id="sm-73a">
         <name>__aeabi_uldivmod</name>
         <value>0x266d</value>
         <object_component_ref idref="oc-3eb"/>
      </symbol>
      <symbol id="sm-749">
         <name>__aeabi_memset</name>
         <value>0x2bc7</value>
         <object_component_ref idref="oc-b2"/>
      </symbol>
      <symbol id="sm-74a">
         <name>memset</name>
         <value>0x2bcd</value>
         <object_component_ref idref="oc-b2"/>
      </symbol>
      <symbol id="sm-74b">
         <name>__aeabi_memset8</name>
         <value>0x2bc7</value>
         <object_component_ref idref="oc-b2"/>
      </symbol>
      <symbol id="sm-74c">
         <name>__aeabi_memset4</name>
         <value>0x2bc7</value>
         <object_component_ref idref="oc-b2"/>
      </symbol>
      <symbol id="sm-74d">
         <name>__aeabi_memclr8</name>
         <value>0x2bc5</value>
         <object_component_ref idref="oc-b2"/>
      </symbol>
      <symbol id="sm-74e">
         <name>__aeabi_memclr4</name>
         <value>0x2bc5</value>
         <object_component_ref idref="oc-b2"/>
      </symbol>
      <symbol id="sm-74f">
         <name>__aeabi_memclr</name>
         <value>0x2bc5</value>
         <object_component_ref idref="oc-b2"/>
      </symbol>
      <symbol id="sm-763">
         <name>__TI_zero_init_nomemset</name>
         <value>0x3f19</value>
         <object_component_ref idref="oc-46"/>
      </symbol>
      <symbol id="sm-77a">
         <name>__TI_decompress_none</name>
         <value>0x409d</value>
         <object_component_ref idref="oc-1d"/>
      </symbol>
      <symbol id="sm-79d">
         <name>__TI_decompress_lzss</name>
         <value>0x2fbd</value>
         <object_component_ref idref="oc-17"/>
      </symbol>
      <symbol id="sm-7c3">
         <name>C$$EXIT</name>
         <value>0x40e1</value>
         <object_component_ref idref="oc-1da"/>
      </symbol>
      <symbol id="sm-7c4">
         <name>abort</name>
         <value>0x40e1</value>
         <object_component_ref idref="oc-1da"/>
      </symbol>
      <symbol id="sm-7c5">
         <name>__TI_dtors_ptr</name>
         <value>0x20000a2c</value>
         <object_component_ref idref="oc-2e3"/>
      </symbol>
      <symbol id="sm-7c6">
         <name>__TI_cleanup_ptr</name>
         <value>0x20000a28</value>
         <object_component_ref idref="oc-2e3"/>
      </symbol>
      <symbol id="sm-7c7">
         <name>__TI_enable_exit_profile_output</name>
         <value>0x20000a30</value>
         <object_component_ref idref="oc-2e3"/>
      </symbol>
      <symbol id="sm-7c8">
         <name>exit</name>
         <value>0x36b5</value>
         <object_component_ref idref="oc-1e0"/>
      </symbol>
      <symbol id="sm-7dd">
         <name>_nop</name>
         <value>0x1503</value>
         <object_component_ref idref="oc-38e"/>
      </symbol>
      <symbol id="sm-7de">
         <name>_lock</name>
         <value>0x20000a34</value>
         <object_component_ref idref="oc-2c7"/>
      </symbol>
      <symbol id="sm-7df">
         <name>_unlock</name>
         <value>0x20000a38</value>
         <object_component_ref idref="oc-2c7"/>
      </symbol>
      <symbol id="sm-7ee">
         <name>__TI_ltoa</name>
         <value>0x34e1</value>
         <object_component_ref idref="oc-406"/>
      </symbol>
      <symbol id="sm-804">
         <name>atoi</name>
         <value>0x3621</value>
         <object_component_ref idref="oc-347"/>
      </symbol>
      <symbol id="sm-80f">
         <name>_ctypes_</name>
         <value>0x40e4</value>
         <object_component_ref idref="oc-3e6"/>
      </symbol>
      <symbol id="sm-824">
         <name>__TI_tmpnams</name>
         <value>0x20000b68</value>
      </symbol>
      <symbol id="sm-825">
         <name>__aeabi_stdout</name>
         <value>0x20000a20</value>
         <object_component_ref idref="oc-56c"/>
      </symbol>
      <symbol id="sm-826">
         <name>__aeabi_stderr</name>
         <value>0x20000a24</value>
         <object_component_ref idref="oc-56c"/>
      </symbol>
      <symbol id="sm-827">
         <name>__aeabi_stdin</name>
         <value>0x20000a1c</value>
         <object_component_ref idref="oc-56c"/>
      </symbol>
      <symbol id="sm-828">
         <name>_ftable</name>
         <value>0x20000800</value>
         <object_component_ref idref="oc-2ca"/>
      </symbol>
      <symbol id="sm-829">
         <name>__TI_ft_end</name>
         <value>0x20000a18</value>
         <object_component_ref idref="oc-56c"/>
      </symbol>
      <symbol id="sm-839">
         <name>memccpy</name>
         <value>0x3f51</value>
         <object_component_ref idref="oc-370"/>
      </symbol>
      <symbol id="sm-849">
         <name>memchr</name>
         <value>0x3edd</value>
         <object_component_ref idref="oc-46e"/>
      </symbol>
      <symbol id="sm-8d2">
         <name>_sys_memory</name>
         <value>0x20000000</value>
         <object_component_ref idref="oc-29"/>
      </symbol>
      <symbol id="sm-8d3">
         <name>free</name>
         <value>0x2119</value>
         <object_component_ref idref="oc-51b"/>
      </symbol>
      <symbol id="sm-8d4">
         <name>memalign</name>
         <value>0x1e25</value>
         <object_component_ref idref="oc-55f"/>
      </symbol>
      <symbol id="sm-8d5">
         <name>malloc</name>
         <value>0x40cd</value>
         <object_component_ref idref="oc-521"/>
      </symbol>
      <symbol id="sm-8d6">
         <name>aligned_alloc</name>
         <value>0x1e25</value>
         <object_component_ref idref="oc-55f"/>
      </symbol>
      <symbol id="sm-8e6">
         <name>strchr</name>
         <value>0x4001</value>
         <object_component_ref idref="oc-43d"/>
      </symbol>
      <symbol id="sm-8f4">
         <name>strlen</name>
         <value>0x4067</value>
         <object_component_ref idref="oc-341"/>
      </symbol>
      <symbol id="sm-90a">
         <name>__aeabi_errno_addr</name>
         <value>0x40c5</value>
         <object_component_ref idref="oc-37c"/>
      </symbol>
      <symbol id="sm-90b">
         <name>errno</name>
         <value>0x20000a44</value>
         <object_component_ref idref="oc-44d"/>
      </symbol>
      <symbol id="sm-91e">
         <name>__stack</name>
         <value>0x2000fe00</value>
         <object_component_ref idref="oc-2c"/>
      </symbol>
      <symbol id="sm-91f">
         <name>_c_int00_noargs</name>
         <value>0x3ad1</value>
         <object_component_ref idref="oc-58"/>
      </symbol>
      <symbol id="sm-939">
         <name>write</name>
         <value>0x3d95</value>
         <object_component_ref idref="oc-47a"/>
      </symbol>
      <symbol id="sm-94a">
         <name>_stream</name>
         <value>0x20000968</value>
         <object_component_ref idref="oc-4f6"/>
      </symbol>
      <symbol id="sm-94b">
         <name>_device</name>
         <value>0x200008f0</value>
         <object_component_ref idref="oc-53a"/>
      </symbol>
      <symbol id="sm-95b">
         <name>__TI_doflush</name>
         <value>0x35d3</value>
         <object_component_ref idref="oc-474"/>
      </symbol>
      <symbol id="sm-96b">
         <name>__TI_cleanup</name>
         <value>0x3a69</value>
         <object_component_ref idref="oc-527"/>
      </symbol>
      <symbol id="sm-97d">
         <name>fseek</name>
         <value>0x30f1</value>
         <object_component_ref idref="oc-4e4"/>
      </symbol>
      <symbol id="sm-987">
         <name>copysign</name>
         <value>0x3f89</value>
         <object_component_ref idref="oc-4c8"/>
      </symbol>
      <symbol id="sm-988">
         <name>copysignl</name>
         <value>0x3f89</value>
         <object_component_ref idref="oc-4c8"/>
      </symbol>
      <symbol id="sm-992">
         <name>__aeabi_idiv0</name>
         <value>0x18bb</value>
         <object_component_ref idref="oc-4af"/>
      </symbol>
      <symbol id="sm-993">
         <name>__aeabi_ldiv0</name>
         <value>0x18bb</value>
         <object_component_ref idref="oc-4af"/>
      </symbol>
      <symbol id="sm-9bb">
         <name>__TI_auto_init_nobinit_nopinit</name>
         <value>0x37cd</value>
         <object_component_ref idref="oc-1e6"/>
      </symbol>
      <symbol id="sm-9c5">
         <name>_system_pre_init</name>
         <value>0x40dd</value>
         <object_component_ref idref="oc-b8"/>
      </symbol>
      <symbol id="sm-9d8">
         <name>HOSTclose</name>
         <value>0x3745</value>
         <object_component_ref idref="oc-578"/>
      </symbol>
      <symbol id="sm-9e9">
         <name>HOSTlseek</name>
         <value>0x2eed</value>
         <object_component_ref idref="oc-58a"/>
      </symbol>
      <symbol id="sm-9fb">
         <name>parmbuf</name>
         <value>0x20000c10</value>
      </symbol>
      <symbol id="sm-9fc">
         <name>HOSTopen</name>
         <value>0x3219</value>
         <object_component_ref idref="oc-572"/>
      </symbol>
      <symbol id="sm-a0d">
         <name>HOSTread</name>
         <value>0x3385</value>
         <object_component_ref idref="oc-57e"/>
      </symbol>
      <symbol id="sm-a1e">
         <name>HOSTrename</name>
         <value>0x2e81</value>
         <object_component_ref idref="oc-596"/>
      </symbol>
      <symbol id="sm-a2f">
         <name>HOSTunlink</name>
         <value>0x3789</value>
         <object_component_ref idref="oc-590"/>
      </symbol>
      <symbol id="sm-a40">
         <name>HOSTwrite</name>
         <value>0x33dd</value>
         <object_component_ref idref="oc-584"/>
      </symbol>
      <symbol id="sm-a64">
         <name>__TI_readmsg</name>
         <value>0x3a9d</value>
         <object_component_ref idref="oc-5c5"/>
      </symbol>
      <symbol id="sm-a65">
         <name>C$$IO$$</name>
         <value>0x3983</value>
         <object_component_ref idref="oc-5bf"/>
      </symbol>
      <symbol id="sm-a66">
         <name>__CIOBUF_</name>
         <value>0x20000a48</value>
         <object_component_ref idref="oc-5f0"/>
      </symbol>
      <symbol id="sm-a67">
         <name>__TI_writemsg</name>
         <value>0x3955</value>
         <object_component_ref idref="oc-5bf"/>
      </symbol>
      <symbol id="sm-a78">
         <name>lseek</name>
         <value>0x3d6d</value>
         <object_component_ref idref="oc-513"/>
      </symbol>
      <symbol id="sm-a8d">
         <name>__TI_closefile</name>
         <value>0x2d2d</value>
         <object_component_ref idref="oc-566"/>
      </symbol>
      <symbol id="sm-ab0">
         <name>finddevice</name>
         <value>0x3bc5</value>
         <object_component_ref idref="oc-60e"/>
      </symbol>
      <symbol id="sm-ab1">
         <name>getdevice</name>
         <value>0x3855</value>
         <object_component_ref idref="oc-5e6"/>
      </symbol>
      <symbol id="sm-ac0">
         <name>strcmp</name>
         <value>0x3fbd</value>
         <object_component_ref idref="oc-625"/>
      </symbol>
      <symbol id="sm-ace">
         <name>strcpy</name>
         <value>0x4053</value>
         <object_component_ref idref="oc-5d9"/>
      </symbol>
      <symbol id="sm-ade">
         <name>strncpy</name>
         <value>0x39fd</value>
         <object_component_ref idref="oc-608"/>
      </symbol>
      <symbol id="sm-af3">
         <name>close</name>
         <value>0x3279</value>
         <object_component_ref idref="oc-5ae"/>
      </symbol>
      <symbol id="sm-b03">
         <name>unlink</name>
         <value>0x3c51</value>
         <object_component_ref idref="oc-5b4"/>
      </symbol>
      <symbol id="sm-b04">
         <name>__TI_static_base__</name>
         <value>0x0</value>
      </symbol>
      <symbol id="sm-b07">
         <name>__mpu_init</name>
         <value>0x0</value>
      </symbol>
      <symbol id="sm-b08">
         <name>_system_post_cinit</name>
         <value>0x0</value>
      </symbol>
      <symbol id="sm-b09">
         <name>NMI_Handler</name>
         <value>0xb33</value>
      </symbol>
      <symbol id="sm-b0a">
         <name>HardFault_Handler</name>
         <value>0xb33</value>
      </symbol>
      <symbol id="sm-b0b">
         <name>MemManage_Handler</name>
         <value>0xb33</value>
      </symbol>
      <symbol id="sm-b0c">
         <name>BusFault_Handler</name>
         <value>0xb33</value>
      </symbol>
      <symbol id="sm-b0d">
         <name>UsageFault_Handler</name>
         <value>0xb33</value>
      </symbol>
      <symbol id="sm-b0e">
         <name>SVC_Handler</name>
         <value>0xb33</value>
      </symbol>
      <symbol id="sm-b0f">
         <name>DebugMon_Handler</name>
         <value>0xb33</value>
      </symbol>
      <symbol id="sm-b10">
         <name>PendSV_Handler</name>
         <value>0xb33</value>
      </symbol>
      <symbol id="sm-b11">
         <name>SysTick_Handler</name>
         <value>0xb33</value>
      </symbol>
      <symbol id="sm-b12">
         <name>PSS_IRQHandler</name>
         <value>0xb33</value>
      </symbol>
      <symbol id="sm-b13">
         <name>CS_IRQHandler</name>
         <value>0xb33</value>
      </symbol>
      <symbol id="sm-b14">
         <name>PCM_IRQHandler</name>
         <value>0xb33</value>
      </symbol>
      <symbol id="sm-b15">
         <name>WDT_A_IRQHandler</name>
         <value>0xb33</value>
      </symbol>
      <symbol id="sm-b16">
         <name>FPU_IRQHandler</name>
         <value>0xb33</value>
      </symbol>
      <symbol id="sm-b17">
         <name>FLCTL_IRQHandler</name>
         <value>0xb33</value>
      </symbol>
      <symbol id="sm-b18">
         <name>COMP_E0_IRQHandler</name>
         <value>0xb33</value>
      </symbol>
      <symbol id="sm-b19">
         <name>COMP_E1_IRQHandler</name>
         <value>0xb33</value>
      </symbol>
      <symbol id="sm-b1a">
         <name>TA0_0_IRQHandler</name>
         <value>0xb33</value>
      </symbol>
      <symbol id="sm-b1b">
         <name>TA0_N_IRQHandler</name>
         <value>0xb33</value>
      </symbol>
      <symbol id="sm-b1c">
         <name>TA1_0_IRQHandler</name>
         <value>0x3efd</value>
      </symbol>
      <symbol id="sm-b1d">
         <name>TA1_N_IRQHandler</name>
         <value>0xb33</value>
      </symbol>
      <symbol id="sm-b1e">
         <name>TA2_0_IRQHandler</name>
         <value>0xb33</value>
      </symbol>
      <symbol id="sm-b1f">
         <name>TA2_N_IRQHandler</name>
         <value>0xb33</value>
      </symbol>
      <symbol id="sm-b20">
         <name>TA3_0_IRQHandler</name>
         <value>0xb33</value>
      </symbol>
      <symbol id="sm-b21">
         <name>TA3_N_IRQHandler</name>
         <value>0xb33</value>
      </symbol>
      <symbol id="sm-b22">
         <name>EUSCIA0_IRQHandler</name>
         <value>0xb33</value>
      </symbol>
      <symbol id="sm-b23">
         <name>EUSCIA1_IRQHandler</name>
         <value>0xb33</value>
      </symbol>
      <symbol id="sm-b24">
         <name>EUSCIA2_IRQHandler</name>
         <value>0x22d9</value>
      </symbol>
      <symbol id="sm-b25">
         <name>EUSCIA3_IRQHandler</name>
         <value>0xb33</value>
      </symbol>
      <symbol id="sm-b26">
         <name>EUSCIB0_IRQHandler</name>
         <value>0xb33</value>
      </symbol>
      <symbol id="sm-b27">
         <name>EUSCIB1_IRQHandler</name>
         <value>0xb33</value>
      </symbol>
      <symbol id="sm-b28">
         <name>EUSCIB2_IRQHandler</name>
         <value>0xb33</value>
      </symbol>
      <symbol id="sm-b29">
         <name>EUSCIB3_IRQHandler</name>
         <value>0xb33</value>
      </symbol>
      <symbol id="sm-b2a">
         <name>ADC14_IRQHandler</name>
         <value>0xb33</value>
      </symbol>
      <symbol id="sm-b2b">
         <name>T32_INT1_IRQHandler</name>
         <value>0xb33</value>
      </symbol>
      <symbol id="sm-b2c">
         <name>T32_INT2_IRQHandler</name>
         <value>0xb33</value>
      </symbol>
      <symbol id="sm-b2d">
         <name>T32_INTC_IRQHandler</name>
         <value>0xb33</value>
      </symbol>
      <symbol id="sm-b2e">
         <name>AES256_IRQHandler</name>
         <value>0xb33</value>
      </symbol>
      <symbol id="sm-b2f">
         <name>RTC_C_IRQHandler</name>
         <value>0xb33</value>
      </symbol>
      <symbol id="sm-b30">
         <name>DMA_ERR_IRQHandler</name>
         <value>0xb33</value>
      </symbol>
      <symbol id="sm-b31">
         <name>DMA_INT3_IRQHandler</name>
         <value>0xb33</value>
      </symbol>
      <symbol id="sm-b32">
         <name>DMA_INT2_IRQHandler</name>
         <value>0xb33</value>
      </symbol>
      <symbol id="sm-b33">
         <name>DMA_INT1_IRQHandler</name>
         <value>0xb33</value>
      </symbol>
      <symbol id="sm-b34">
         <name>DMA_INT0_IRQHandler</name>
         <value>0xb33</value>
      </symbol>
      <symbol id="sm-b35">
         <name>PORT1_IRQHandler</name>
         <value>0x23ad</value>
      </symbol>
      <symbol id="sm-b36">
         <name>PORT2_IRQHandler</name>
         <value>0xb33</value>
      </symbol>
      <symbol id="sm-b37">
         <name>PORT3_IRQHandler</name>
         <value>0x366d</value>
      </symbol>
      <symbol id="sm-b38">
         <name>PORT4_IRQHandler</name>
         <value>0x2521</value>
      </symbol>
      <symbol id="sm-b39">
         <name>PORT5_IRQHandler</name>
         <value>0xb33</value>
      </symbol>
      <symbol id="sm-b3a">
         <name>PORT6_IRQHandler</name>
         <value>0xb33</value>
      </symbol>
      <symbol id="sm-b3b">
         <name>remove</name>
         <value>0x3c51</value>
      </symbol>
   </symbol_table>
   <title>Link successful</title>
</link_info>
