******************************************************************************
                  TI ARM Linker PC v20.2.5                     
******************************************************************************
>> Linked Mon Dec  6 01:42:42 2021

OUTPUT FILE NAME:   <MSP432 Robotic Car Version 1.0.out>
ENTRY POINT SYMBOL: "_c_int00_noargs"  address: 0000322d


MEMORY CONFIGURATION

         name            origin    length      used     unused   attr    fill
----------------------  --------  ---------  --------  --------  ----  --------
  MAIN                  00000000   00040000  000038f0  0003c710  R  X
  INFO                  00200000   00004000  00000000  00004000  R  X
  SRAM_CODE             01000000   00010000  00000df0  0000f210  RW X
  SRAM_DATA             20000000   00010000  00000df0  0000f210  RW  


SEGMENT ALLOCATION MAP

run origin  load origin   length   init length attrs members
----------  ----------- ---------- ----------- ----- -------
00000000    00000000    000038f0   000038f0    r-x
  00000000    00000000    000000e4   000000e4    r-- .intvecs
  000000e4    000000e4    00003600   00003600    r-x .text
  000036e4    000036e4    00000164   00000164    r-- .const
  00003848    00003848    000000a8   000000a8    r-- .cinit
20000000    20000000    00000bf0   00000000    rw-
  20000000    20000000    00000800   00000000    rw- .sysmem
  20000800    20000800    00000228   00000000    rw- .data
  20000a28    20000a28    000001c8   00000000    rw- .bss
2000fe00    2000fe00    00000200   00000000    rw-
  2000fe00    2000fe00    00000200   00000000    rw- .stack


SECTION ALLOCATION MAP

 output                                  attributes/
section   page    origin      length       input sections
--------  ----  ----------  ----------   ----------------
.intvecs   0    00000000    000000e4     
                  00000000    000000e4     startup_msp432p401r_ccs.obj (.intvecs:retain)

.text      0    000000e4    00003600     
                  000000e4    00000a4e     rtsv7M4_T_le_v4SPD16_eabi.lib : _printfi.c.obj (.text:__TI_printfi)
                  00000b32    00000002     startup_msp432p401r_ccs.obj (.text:Default_Handler)
                  00000b34    00000270     rtsv7M4_T_le_v4SPD16_eabi.lib : _printfi.c.obj (.text:_pconv_a)
                  00000da4    000001d0                                   : _printfi.c.obj (.text:_pconv_g)
                  00000f74    000001b6                                   : fd_add_t2.asm.obj (.text)
                  0000112a    00000002                                   : _lock.c.obj (.text:_nop)
                  0000112c    00000190     main.obj (.text:main)
                  000012bc    00000144     msp432p4xx_driverlib.lib : timer_a.o (.text:privateTimer_AProcessClockSourceDivider)
                  00001400    0000013c     rtsv7M4_T_le_v4SPD16_eabi.lib : _printfi.c.obj (.text:_pconv_e)
                  0000153c    00000136                                   : fd_div_t2.asm.obj (.text)
                  00001672    00000002                                   : div0.asm.obj (.text)
                  00001674    00000124                                   : _printfi.c.obj (.text:fcvt)
                  00001798    0000011c     msp432p4xx_driverlib.lib : uart.o (.text:UART_initModule)
                  000018b4    00000114     rtsv7M4_T_le_v4SPD16_eabi.lib : fputs.c.obj (.text:fputs)
                  000019c8    00000110                                   : s_scalbn.c.obj (.text:scalbn)
                  00001ad8    00000100                                   : memory.c.obj (.text:aligned_alloc)
                  00001bd8    000000fc                                   : fd_mul_t2.asm.obj (.text)
                  00001cd4    000000e4                                   : memory.c.obj (.text:free)
                  00001db8    000000dc                                   : setvbuf.c.obj (.text:setvbuf)
                  00001e94    000000d8     main.obj (.text:PORT1_IRQHandler)
                  00001f6c    000000b1     rtsv7M4_T_le_v4SPD16_eabi.lib : _printfi.c.obj (.text:_ltostr)
                  0000201d    00000003     --HOLE-- [fill = 0]
                  00002020    0000009c     main.obj (.text:EUSCIA2_IRQHandler)
                  000020bc    0000009c     rtsv7M4_T_le_v4SPD16_eabi.lib : memcpy_t2.asm.obj (.text)
                  00002158    00000096                                   : ull_div_t2.asm.obj (.text)
                  000021ee    00000002     --HOLE-- [fill = 0]
                  000021f0    0000008c                                   : fputc.c.obj (.text:fputc)
                  0000227c    00000088     msp432p4xx_driverlib.lib : gpio.o (.text:GPIO_setAsPeripheralModuleFunctionInputPin)
                  00002304    00000088                              : gpio.o (.text:GPIO_setAsPeripheralModuleFunctionOutputPin)
                  0000238c    00000086     rtsv7M4_T_le_v4SPD16_eabi.lib : fd_cmp_t2.asm.obj (.text:__aeabi_cdcmple)
                  00002412    00000086                                   : fd_cmp_t2.asm.obj (.text:__aeabi_cdrcmple)
                  00002498    00000080     msp432p4xx_driverlib.lib : interrupt.o (.text:Interrupt_enableInterrupt)
                  00002518    0000007a     rtsv7M4_T_le_v4SPD16_eabi.lib : memset_t2.asm.obj (.text)
                  00002592    00000002     --HOLE-- [fill = 0]
                  00002594    00000078     system_msp432p401r.obj (.text:SystemInit)
                  0000260c    00000074     msp432p4xx_driverlib.lib : timer_a.o (.text:Timer_A_generatePWM)
                  00002680    00000074     rtsv7M4_T_le_v4SPD16_eabi.lib : fclose.c.obj (.text:__TI_closefile)
                  000026f4    00000070                                   : memory.c.obj (.text:split)
                  00002764    0000006e                                   : _printfi.c.obj (.text:_mcpy)
                  000027d2    00000002     --HOLE-- [fill = 0]
                  000027d4    0000006c                                   : hostrename.c.obj (.text:HOSTrename)
                  00002840    00000068                                   : hostlseek.c.obj (.text:HOSTlseek)
                  000028a8    00000068                                   : copy_decompress_lzss.c.obj (.text:decompress:lzss:__TI_decompress_lzss)
                  00002910    00000068                                   : printf.c.obj (.text:printf)
                  00002978    00000064     main.obj (.text:PORT2_IRQHandler)
                  000029dc    00000064     main.obj (.text:PORT3_IRQHandler)
                  00002a40    00000064     rtsv7M4_T_le_v4SPD16_eabi.lib : s_frexp.c.obj (.text:frexp)
                  00002aa4    00000064                                   : fseek.c.obj (.text:fseek)
                  00002b08    00000062                                   : _io_perm.c.obj (.text:__TI_wrt_ok)
                  00002b6a    00000002     --HOLE-- [fill = 0]
                  00002b6c    00000060                                   : hostopen.c.obj (.text:HOSTopen)
                  00002bcc    0000005c                                   : close.c.obj (.text:close)
                  00002c28    00000058     msp432p4xx_driverlib.lib : gpio.o (.text:GPIO_setAsInputPinWithPullUpResistor)
                  00002c80    00000058     rtsv7M4_T_le_v4SPD16_eabi.lib : hostread.c.obj (.text:HOSTread)
                  00002cd8    00000058                                   : hostwrite.c.obj (.text:HOSTwrite)
                  00002d30    00000056                                   : _printfi.c.obj (.text:_pconv_f)
                  00002d86    00000054                                   : _ltoa.c.obj (.text:__TI_ltoa)
                  00002dda    00000052                                   : _printfi.c.obj (.text:_ecpy)
                  00002e2c    0000004c                                   : fflush.c.obj (.text:__TI_doflush)
                  00002e78    0000004c                                   : atoi.c.obj (.text:atoi)
                  00002ec4    00000048                                   : exit.c.obj (.text:exit)
                  00002f0c    00000048                                   : fd_toi_t2.asm.obj (.text)
                  00002f54    00000044                                   : hostclose.c.obj (.text:HOSTclose)
                  00002f98    00000044                                   : hostunlink.c.obj (.text:HOSTunlink)
                  00002fdc    00000044                                   : autoinit.c.obj (.text:__TI_auto_init_nobinit_nopinit:__TI_auto_init_nobinit_nopinit)
                  00003020    00000044                                   : getdevice.c.obj (.text:getdevice)
                  00003064    00000040     msp432p4xx_driverlib.lib : gpio.o (.text:GPIO_setAsOutputPin)
                  000030a4    0000003e     rtsv7M4_T_le_v4SPD16_eabi.lib : _printfi.c.obj (.text:_fcpy)
                  000030e2    0000003c     main.obj (.text:delayMs)
                  0000311e    00000002     --HOLE-- [fill = 0]
                  00003120    00000038     rtsv7M4_T_le_v4SPD16_eabi.lib : trgmsg.c.obj (.text:__TI_writemsg)
                  00003158    00000036                                   : strncpy.c.obj (.text:strncpy)
                  0000318e    00000002     --HOLE-- [fill = 0]
                  00003190    00000034     msp432p4xx_driverlib.lib : cs.o (.text:CS_setDCOCenteredFrequency)
                  000031c4    00000034     rtsv7M4_T_le_v4SPD16_eabi.lib : fopen.c.obj (.text:__TI_cleanup)
                  000031f8    00000034                                   : trgmsg.c.obj (.text:__TI_readmsg)
                  0000322c    00000034                                   : boot_cortex_m.c.obj (.text:_c_int00_noargs:_c_int00_noargs)
                  00003260    00000030     msp432p4xx_driverlib.lib : uart.o (.text:UART_enableInterrupt)
                  00003290    00000030                              : uart.o (.text:UART_receiveData)
                  000032c0    00000030     rtsv7M4_T_le_v4SPD16_eabi.lib : getdevice.c.obj (.text:finddevice)
                  000032f0    0000002e                                   : i_tofd_t2.asm.obj (.text)
                  0000331e    00000002     --HOLE-- [fill = 0]
                  00003320    0000002c                                   : unlink.c.obj (.text:unlink)
                  0000334c    00000028     msp432p4xx_driverlib.lib : gpio.o (.text:GPIO_clearInterruptFlag)
                  00003374    00000028                              : gpio.o (.text:GPIO_enableInterrupt)
                  0000339c    00000028                              : gpio.o (.text:GPIO_setOutputHighOnPin)
                  000033c4    00000028                              : gpio.o (.text:GPIO_setOutputLowOnPin)
                  000033ec    00000028     rtsv7M4_T_le_v4SPD16_eabi.lib : memory.c.obj (.text:free_list_insert)
                  00003414    00000028                                   : lseek.c.obj (.text:lseek)
                  0000343c    00000028                                   : write.c.obj (.text:write)
                  00003464    00000024     msp432p4xx_driverlib.lib : gpio.o (.text:GPIO_getInterruptStatus)
                  00003488    00000024     main.obj (.text:moveBackward)
                  000034ac    00000024     main.obj (.text:moveForward)
                  000034d0    00000024     main.obj (.text:moveLeft)
                  000034f4    00000024     main.obj (.text:moveRight)
                  00003518    00000024     main.obj (.text:stop)
                  0000353c    00000020     rtsv7M4_T_le_v4SPD16_eabi.lib : memchr.c.obj (.text:memchr)
                  0000355c    0000001c                                   : copy_zero_init.c.obj (.text:decompress:ZI:__TI_zero_init_nomemset:__TI_zero_init_nomemset)
                  00003578    0000001c                                   : memory.c.obj (.text:free_list_remove)
                  00003594    0000001c                                   : memccpy.c.obj (.text:memccpy)
                  000035b0    0000001c     main.obj (.text:set_All_LED2_Low)
                  000035cc    0000001a     rtsv7M4_T_le_v4SPD16_eabi.lib : s_copysign.c.obj (.text:copysign)
                  000035e6    00000018                                   : strcmp.c.obj (.text:strcmp)
                  000035fe    00000016     msp432p4xx_driverlib.lib : uart.o (.text:UART_enableModule)
                  00003614    00000016     rtsv7M4_T_le_v4SPD16_eabi.lib : strchr.c.obj (.text:strchr)
                  0000362a    00000014     main.obj (.text:stopLeftWheel)
                  0000363e    00000014     main.obj (.text:stopRightWheel)
                  00003652    00000014     rtsv7M4_T_le_v4SPD16_eabi.lib : strcpy.c.obj (.text:strcpy)
                  00003666    00000014                                   : strlen.c.obj (.text:strlen)
                  0000367a    00000012                                   : wcslen.c.obj (.text:wcslen)
                  0000368c    00000010     msp432p4xx_driverlib.lib : interrupt.o (.text:Interrupt_enableMaster)
                  0000369c    0000000e     rtsv7M4_T_le_v4SPD16_eabi.lib : copy_decompress_none.c.obj (.text:decompress:none:__TI_decompress_none)
                  000036aa    0000000c     msp432p4xx_driverlib.lib : cpu.o (.text:CPU_cpsie)
                  000036b6    0000000c     startup_msp432p401r_ccs.obj (.text:Reset_Handler)
                  000036c2    00000002     --HOLE-- [fill = 0]
                  000036c4    00000008     rtsv7M4_T_le_v4SPD16_eabi.lib : errno.c.obj (.text:__aeabi_errno_addr)
                  000036cc    00000008                                   : memory.c.obj (.text:malloc)
                  000036d4    00000004                                   : printf.c.obj (.text:_outc)
                  000036d8    00000004                                   : printf.c.obj (.text:_outs)
                  000036dc    00000004                                   : pre_init.c.obj (.text:_system_pre_init)
                  000036e0    00000004                                   : exit.c.obj (.text:abort:abort)

.const     0    000036e4    00000164     
                  000036e4    00000101     rtsv7M4_T_le_v4SPD16_eabi.lib : ctype.c.obj (.const:.string:_ctypes_)
                  000037e5    00000003     --HOLE-- [fill = 0]
                  000037e8    00000030     msp432p4xx_driverlib.lib : gpio.o (.const:GPIO_PORT_TO_BASE)
                  00003818    00000028     main.obj (.const:bluetooth)
                  00003840    00000008     msp432p4xx_driverlib.lib : interrupt.o (.const:g_pulEnRegs)

.cinit     0    00003848    000000a8     
                  00003848    00000082     (.cinit..data.load) [load image, compression = lzss]
                  000038ca    00000002     --HOLE-- [fill = 0]
                  000038cc    0000000c     (__TI_handler_table)
                  000038d8    00000008     (.cinit..bss.load) [load image, compression = zero_init]
                  000038e0    00000010     (__TI_cinit_table)

.init_array 
*          0    00000000    00000000     UNINITIALIZED

.binit     0    00000000    00000000     

.sysmem    0    20000000    00000800     UNINITIALIZED
                  20000000    00000010     rtsv7M4_T_le_v4SPD16_eabi.lib : memory.c.obj (.sysmem)
                  20000010    000007f0     --HOLE--

.data      0    20000800    00000228     UNINITIALIZED
                  20000800    000000f0     rtsv7M4_T_le_v4SPD16_eabi.lib : defs.c.obj (.data:_ftable)
                  200008f0    00000078                                   : host_device.c.obj (.data:_device)
                  20000968    00000050                                   : host_device.c.obj (.data:_stream)
                  200009b8    00000018     main.obj (.data:leftWheel)
                  200009d0    00000018     main.obj (.data:rightWheel)
                  200009e8    00000010     main.obj (.data)
                  200009f8    00000010     rtsv7M4_T_le_v4SPD16_eabi.lib : defs.c.obj (.data)
                  20000a08    0000000c                                   : exit.c.obj (.data:$O1$$)
                  20000a14    00000008                                   : _lock.c.obj (.data:$O1$$)
                  20000a1c    00000008                                   : memory.c.obj (.data:$O1$$)
                  20000a24    00000004                                   : errno.c.obj (.data)

.bss       0    20000a28    000001c8     UNINITIALIZED
                  20000a28    00000120     rtsv7M4_T_le_v4SPD16_eabi.lib : trgmsg.c.obj (.bss:_CIOBUF_)
                  20000b48    000000a0     (.common:__TI_tmpnams)
                  20000be8    00000008     (.common:parmbuf)

.stack     0    2000fe00    00000200     UNINITIALIZED
                  2000fe00    00000004     rtsv7M4_T_le_v4SPD16_eabi.lib : boot_cortex_m.c.obj (.stack)
                  2000fe04    000001fc     --HOLE--

__llvm_prf_cnts 
*          0    20000000    00000000     UNINITIALIZED

MODULE SUMMARY

       Module                        code    ro data   rw data
       ------                        ----    -------   -------
    .\
       main.obj                      1280    40        128    
       system_msp432p401r.obj        120     0         0      
    +--+-----------------------------+-------+---------+---------+
       Total:                        1400    40        128    
                                                              
    .\ccs\
       startup_msp432p401r_ccs.obj   14      228       0      
    +--+-----------------------------+-------+---------+---------+
       Total:                        14      228       0      
                                                              
    C:/ti/simplelink_msp432p4_sdk_3_40_01_02/source/ti/devices/msp432p4xx/driverlib/ccs/msp432p4xx_driverlib.lib
       gpio.o                        620     48        0      
       timer_a.o                     440     0         0      
       uart.o                        402     0         0      
       interrupt.o                   144     8         0      
       cs.o                          52      0         0      
       cpu.o                         12      0         0      
    +--+-----------------------------+-------+---------+---------+
       Total:                        1670    56        0      
                                                              
    C:\ti\ccs1040\ccs\tools\compiler\ti-cgt-arm_20.2.5.LTS\lib\rtsv7M4_T_le_v4SPD16_eabi.lib
       _printfi.c.obj                4851    0         0      
       defs.c.obj                    0       0         832    
       memory.c.obj                  672     0         16     
       trgmsg.c.obj                  108     0         576    
       fd_add_t2.asm.obj             438     0         0      
       host_device.c.obj             0       0         400    
       fd_div_t2.asm.obj             310     0         0      
       fputs.c.obj                   276     0         0      
       s_scalbn.c.obj                272     0         0      
       fd_cmp_t2.asm.obj             268     0         0      
       ctype.c.obj                   0       257       0      
       fd_mul_t2.asm.obj             252     0         0      
       setvbuf.c.obj                 220     0         0      
       memcpy_t2.asm.obj             156     0         0      
       ull_div_t2.asm.obj            150     0         0      
       fputc.c.obj                   140     0         0      
       memset_t2.asm.obj             122     0         0      
       fclose.c.obj                  116     0         0      
       getdevice.c.obj               116     0         0      
       hostopen.c.obj                96      0         16     
       printf.c.obj                  112     0         0      
       hostrename.c.obj              108     0         0      
       copy_decompress_lzss.c.obj    104     0         0      
       hostlseek.c.obj               104     0         0      
       exit.c.obj                    76      0         24     
       fseek.c.obj                   100     0         0      
       s_frexp.c.obj                 100     0         0      
       _io_perm.c.obj                98      0         0      
       close.c.obj                   92      0         0      
       hostread.c.obj                88      0         0      
       hostwrite.c.obj               88      0         0      
       _ltoa.c.obj                   84      0         0      
       atoi.c.obj                    76      0         0      
       fflush.c.obj                  76      0         0      
       fd_toi_t2.asm.obj             72      0         0      
       autoinit.c.obj                68      0         0      
       hostclose.c.obj               68      0         0      
       hostunlink.c.obj              68      0         0      
       strncpy.c.obj                 54      0         0      
       boot_cortex_m.c.obj           52      0         0      
       fopen.c.obj                   52      0         0      
       i_tofd_t2.asm.obj             46      0         0      
       unlink.c.obj                  44      0         0      
       lseek.c.obj                   40      0         0      
       write.c.obj                   40      0         0      
       memchr.c.obj                  32      0         0      
       copy_zero_init.c.obj          28      0         0      
       memccpy.c.obj                 28      0         0      
       s_copysign.c.obj              26      0         0      
       strcmp.c.obj                  24      0         0      
       strchr.c.obj                  22      0         0      
       strcpy.c.obj                  20      0         0      
       strlen.c.obj                  20      0         0      
       _lock.c.obj                   2       0         16     
       wcslen.c.obj                  18      0         0      
       errno.c.obj                   8       0         8      
       copy_decompress_none.c.obj    14      0         0      
       pre_init.c.obj                4       0         0      
       div0.asm.obj                  2       0         0      
    +--+-----------------------------+-------+---------+---------+
       Total:                        10721   257       1888   
                                                              
       Heap:                         0       0         4096   
       Stack:                        0       0         1024   
       Linker Generated:             0       166       0      
    +--+-----------------------------+-------+---------+---------+
       Grand Total:                  13805   747       7136   


LINKER GENERATED COPY TABLES

__TI_cinit_table @ 000038e0 records: 2, size/record: 8, table size: 16
	.data: load addr=00003848, load size=00000082 bytes, run addr=20000800, run size=00000228 bytes, compression=lzss
	.bss: load addr=000038d8, load size=00000008 bytes, run addr=20000a28, run size=000001c8 bytes, compression=zero_init


LINKER GENERATED HANDLER TABLE

__TI_handler_table @ 000038cc records: 3, size/record: 4, table size: 12
	index: 0, handler: __TI_decompress_lzss
	index: 1, handler: __TI_decompress_none
	index: 2, handler: __TI_zero_init


GLOBAL SYMBOLS: SORTED ALPHABETICALLY BY Name 

address   name                                       
-------   ----                                       
00000b33  ADC14_IRQHandler                           
00000b33  AES256_IRQHandler                          
00000b33  BusFault_Handler                           
000036e1  C$$EXIT                                    
0000314f  C$$IO$$                                    
00000b33  COMP_E0_IRQHandler                         
00000b33  COMP_E1_IRQHandler                         
000036ab  CPU_cpsie                                  
00000b33  CS_IRQHandler                              
00003191  CS_setDCOCenteredFrequency                 
00000b33  DMA_ERR_IRQHandler                         
00000b33  DMA_INT0_IRQHandler                        
00000b33  DMA_INT1_IRQHandler                        
00000b33  DMA_INT2_IRQHandler                        
00000b33  DMA_INT3_IRQHandler                        
00000b33  DebugMon_Handler                           
00000b33  Default_Handler                            
00000b33  EUSCIA0_IRQHandler                         
00000b33  EUSCIA1_IRQHandler                         
00002021  EUSCIA2_IRQHandler                         
00002021  EUSCIA2_IRQHandler                         
00000b33  EUSCIA3_IRQHandler                         
00000b33  EUSCIB0_IRQHandler                         
00000b33  EUSCIB1_IRQHandler                         
00000b33  EUSCIB2_IRQHandler                         
00000b33  EUSCIB3_IRQHandler                         
00000b33  FLCTL_IRQHandler                           
00000b33  FPU_IRQHandler                             
0000334d  GPIO_clearInterruptFlag                    
00003375  GPIO_enableInterrupt                       
00003465  GPIO_getInterruptStatus                    
00002c29  GPIO_setAsInputPinWithPullUpResistor       
00003065  GPIO_setAsOutputPin                        
0000227d  GPIO_setAsPeripheralModuleFunctionInputPin 
00002305  GPIO_setAsPeripheralModuleFunctionOutputPin
0000339d  GPIO_setOutputHighOnPin                    
000033c5  GPIO_setOutputLowOnPin                     
00002f55  HOSTclose                                  
00002841  HOSTlseek                                  
00002b6d  HOSTopen                                   
00002c81  HOSTread                                   
000027d5  HOSTrename                                 
00002f99  HOSTunlink                                 
00002cd9  HOSTwrite                                  
00000b33  HardFault_Handler                          
00002499  Interrupt_enableInterrupt                  
0000368d  Interrupt_enableMaster                     
00000b33  MemManage_Handler                          
00000b33  NMI_Handler                                
00000b33  PCM_IRQHandler                             
00001e95  PORT1_IRQHandler                           
00001e95  PORT1_IRQHandler                           
00002979  PORT2_IRQHandler                           
00002979  PORT2_IRQHandler                           
000029dd  PORT3_IRQHandler                           
000029dd  PORT3_IRQHandler                           
00000b33  PORT4_IRQHandler                           
00000b33  PORT5_IRQHandler                           
00000b33  PORT6_IRQHandler                           
00000b33  PSS_IRQHandler                             
00000b33  PendSV_Handler                             
00000b33  RTC_C_IRQHandler                           
000036b7  Reset_Handler                              
00000b33  SVC_Handler                                
00000b33  SysTick_Handler                            
00002595  SystemInit                                 
00000b33  T32_INT1_IRQHandler                        
00000b33  T32_INT2_IRQHandler                        
00000b33  T32_INTC_IRQHandler                        
00000b33  TA0_0_IRQHandler                           
00000b33  TA0_N_IRQHandler                           
00000b33  TA1_0_IRQHandler                           
00000b33  TA1_N_IRQHandler                           
00000b33  TA2_0_IRQHandler                           
00000b33  TA2_N_IRQHandler                           
00000b33  TA3_0_IRQHandler                           
00000b33  TA3_N_IRQHandler                           
0000260d  Timer_A_generatePWM                        
00003261  UART_enableInterrupt                       
000035ff  UART_enableModule                          
00001799  UART_initModule                            
00003291  UART_receiveData                           
00000b33  UsageFault_Handler                         
4000480c  WDTCTL_SYM                                 
00000b33  WDT_A_IRQHandler                           
20000a28  __CIOBUF_                                  
20010000  __STACK_END                                
00000200  __STACK_SIZE                               
00000800  __SYSMEM_SIZE                              
000038e0  __TI_CINIT_Base                            
000038f0  __TI_CINIT_Limit                           
000038cc  __TI_Handler_Table_Base                    
000038d8  __TI_Handler_Table_Limit                   
00002fdd  __TI_auto_init_nobinit_nopinit             
000031c5  __TI_cleanup                               
20000a08  __TI_cleanup_ptr                           
00002681  __TI_closefile                             
000028a9  __TI_decompress_lzss                       
0000369d  __TI_decompress_none                       
00002e2d  __TI_doflush                               
20000a0c  __TI_dtors_ptr                             
20000a10  __TI_enable_exit_profile_output            
200009f8  __TI_ft_end                                
00002d87  __TI_ltoa                                  
ffffffff  __TI_pprof_out_hndl                        
000000e5  __TI_printfi                               
ffffffff  __TI_prof_data_size                        
ffffffff  __TI_prof_data_start                       
000031f9  __TI_readmsg                               
00000000  __TI_static_base__                         
20000b48  __TI_tmpnams                               
00003121  __TI_writemsg                              
00002b09  __TI_wrt_ok                                
0000355d  __TI_zero_init_nomemset                    
0000238d  __aeabi_cdcmpeq                            
0000238d  __aeabi_cdcmple                            
00002413  __aeabi_cdrcmple                           
00002f0d  __aeabi_d2iz                               
00000f7f  __aeabi_dadd                               
0000153d  __aeabi_ddiv                               
00001bd9  __aeabi_dmul                               
00000f75  __aeabi_dsub                               
000036c5  __aeabi_errno_addr                         
000032f1  __aeabi_i2d                                
00001673  __aeabi_idiv0                              
00001673  __aeabi_ldiv0                              
00002519  __aeabi_memclr                             
00002519  __aeabi_memclr4                            
00002519  __aeabi_memclr8                            
000020bd  __aeabi_memcpy                             
000020bd  __aeabi_memcpy4                            
000020bd  __aeabi_memcpy8                            
0000251b  __aeabi_memset                             
0000251b  __aeabi_memset4                            
0000251b  __aeabi_memset8                            
20000a04  __aeabi_stderr                             
200009fc  __aeabi_stdin                              
20000a00  __aeabi_stdout                             
00002159  __aeabi_uldivmod                           
ffffffff  __binit__                                  
ffffffff  __c_args__                                 
UNDEFED   __mpu_init                                 
2000fe00  __stack                                    
20000000  __start___llvm_prf_cnts                    
20000000  __stop___llvm_prf_cnts                     
0000322d  _c_int00_noargs                            
000036e4  _ctypes_                                   
200008f0  _device                                    
20000800  _ftable                                    
20000a14  _lock                                      
0000112b  _nop                                       
20000968  _stream                                    
20000000  _sys_memory                                
UNDEFED   _system_post_cinit                         
000036dd  _system_pre_init                           
20000a18  _unlock                                    
000036e1  abort                                      
00001ad9  aligned_alloc                              
00002e79  atoi                                       
ffffffff  binit                                      
00003818  bluetooth                                  
00002bcd  close                                      
000035cd  copysign                                   
000035cd  copysignl                                  
000030e3  delayMs                                    
20000a24  errno                                      
00002ec5  exit                                       
000032c1  finddevice                                 
000021f1  fputc                                      
000018b5  fputs                                      
00001cd5  free                                       
00002a41  frexp                                      
00002a41  frexpl                                     
00002aa5  fseek                                      
00003021  getdevice                                  
00000000  interruptVectors                           
000019c9  ldexp                                      
000019c9  ldexpl                                     
200009b8  leftWheel                                  
00003415  lseek                                      
0000112d  main                                       
000036cd  malloc                                     
00001ad9  memalign                                   
00003595  memccpy                                    
0000353d  memchr                                     
000020bd  memcpy                                     
00002521  memset                                     
00003489  moveBackward                               
000034ad  moveForward                                
000034d1  moveLeft                                   
000034f5  moveRight                                  
20000be8  parmbuf                                    
00002911  printf                                     
000021f1  putc                                       
00003321  remove                                     
200009d0  rightWheel                                 
000019c9  scalbn                                     
000019c9  scalbnl                                    
000035b1  set_All_LED2_Low                           
00001db9  setvbuf                                    
00003519  stop                                       
0000362b  stopLeftWheel                              
0000363f  stopRightWheel                             
00003615  strchr                                     
000035e7  strcmp                                     
00003653  strcpy                                     
00003667  strlen                                     
00003159  strncpy                                    
00003321  unlink                                     
0000367b  wcslen                                     
0000343d  write                                      


GLOBAL SYMBOLS: SORTED BY Symbol Address 

address   name                                       
-------   ----                                       
00000000  __TI_static_base__                         
00000000  interruptVectors                           
000000e5  __TI_printfi                               
00000200  __STACK_SIZE                               
00000800  __SYSMEM_SIZE                              
00000b33  ADC14_IRQHandler                           
00000b33  AES256_IRQHandler                          
00000b33  BusFault_Handler                           
00000b33  COMP_E0_IRQHandler                         
00000b33  COMP_E1_IRQHandler                         
00000b33  CS_IRQHandler                              
00000b33  DMA_ERR_IRQHandler                         
00000b33  DMA_INT0_IRQHandler                        
00000b33  DMA_INT1_IRQHandler                        
00000b33  DMA_INT2_IRQHandler                        
00000b33  DMA_INT3_IRQHandler                        
00000b33  DebugMon_Handler                           
00000b33  Default_Handler                            
00000b33  EUSCIA0_IRQHandler                         
00000b33  EUSCIA1_IRQHandler                         
00000b33  EUSCIA3_IRQHandler                         
00000b33  EUSCIB0_IRQHandler                         
00000b33  EUSCIB1_IRQHandler                         
00000b33  EUSCIB2_IRQHandler                         
00000b33  EUSCIB3_IRQHandler                         
00000b33  FLCTL_IRQHandler                           
00000b33  FPU_IRQHandler                             
00000b33  HardFault_Handler                          
00000b33  MemManage_Handler                          
00000b33  NMI_Handler                                
00000b33  PCM_IRQHandler                             
00000b33  PORT4_IRQHandler                           
00000b33  PORT5_IRQHandler                           
00000b33  PORT6_IRQHandler                           
00000b33  PSS_IRQHandler                             
00000b33  PendSV_Handler                             
00000b33  RTC_C_IRQHandler                           
00000b33  SVC_Handler                                
00000b33  SysTick_Handler                            
00000b33  T32_INT1_IRQHandler                        
00000b33  T32_INT2_IRQHandler                        
00000b33  T32_INTC_IRQHandler                        
00000b33  TA0_0_IRQHandler                           
00000b33  TA0_N_IRQHandler                           
00000b33  TA1_0_IRQHandler                           
00000b33  TA1_N_IRQHandler                           
00000b33  TA2_0_IRQHandler                           
00000b33  TA2_N_IRQHandler                           
00000b33  TA3_0_IRQHandler                           
00000b33  TA3_N_IRQHandler                           
00000b33  UsageFault_Handler                         
00000b33  WDT_A_IRQHandler                           
00000f75  __aeabi_dsub                               
00000f7f  __aeabi_dadd                               
0000112b  _nop                                       
0000112d  main                                       
0000153d  __aeabi_ddiv                               
00001673  __aeabi_idiv0                              
00001673  __aeabi_ldiv0                              
00001799  UART_initModule                            
000018b5  fputs                                      
000019c9  ldexp                                      
000019c9  ldexpl                                     
000019c9  scalbn                                     
000019c9  scalbnl                                    
00001ad9  aligned_alloc                              
00001ad9  memalign                                   
00001bd9  __aeabi_dmul                               
00001cd5  free                                       
00001db9  setvbuf                                    
00001e95  PORT1_IRQHandler                           
00001e95  PORT1_IRQHandler                           
00002021  EUSCIA2_IRQHandler                         
00002021  EUSCIA2_IRQHandler                         
000020bd  __aeabi_memcpy                             
000020bd  __aeabi_memcpy4                            
000020bd  __aeabi_memcpy8                            
000020bd  memcpy                                     
00002159  __aeabi_uldivmod                           
000021f1  fputc                                      
000021f1  putc                                       
0000227d  GPIO_setAsPeripheralModuleFunctionInputPin 
00002305  GPIO_setAsPeripheralModuleFunctionOutputPin
0000238d  __aeabi_cdcmpeq                            
0000238d  __aeabi_cdcmple                            
00002413  __aeabi_cdrcmple                           
00002499  Interrupt_enableInterrupt                  
00002519  __aeabi_memclr                             
00002519  __aeabi_memclr4                            
00002519  __aeabi_memclr8                            
0000251b  __aeabi_memset                             
0000251b  __aeabi_memset4                            
0000251b  __aeabi_memset8                            
00002521  memset                                     
00002595  SystemInit                                 
0000260d  Timer_A_generatePWM                        
00002681  __TI_closefile                             
000027d5  HOSTrename                                 
00002841  HOSTlseek                                  
000028a9  __TI_decompress_lzss                       
00002911  printf                                     
00002979  PORT2_IRQHandler                           
00002979  PORT2_IRQHandler                           
000029dd  PORT3_IRQHandler                           
000029dd  PORT3_IRQHandler                           
00002a41  frexp                                      
00002a41  frexpl                                     
00002aa5  fseek                                      
00002b09  __TI_wrt_ok                                
00002b6d  HOSTopen                                   
00002bcd  close                                      
00002c29  GPIO_setAsInputPinWithPullUpResistor       
00002c81  HOSTread                                   
00002cd9  HOSTwrite                                  
00002d87  __TI_ltoa                                  
00002e2d  __TI_doflush                               
00002e79  atoi                                       
00002ec5  exit                                       
00002f0d  __aeabi_d2iz                               
00002f55  HOSTclose                                  
00002f99  HOSTunlink                                 
00002fdd  __TI_auto_init_nobinit_nopinit             
00003021  getdevice                                  
00003065  GPIO_setAsOutputPin                        
000030e3  delayMs                                    
00003121  __TI_writemsg                              
0000314f  C$$IO$$                                    
00003159  strncpy                                    
00003191  CS_setDCOCenteredFrequency                 
000031c5  __TI_cleanup                               
000031f9  __TI_readmsg                               
0000322d  _c_int00_noargs                            
00003261  UART_enableInterrupt                       
00003291  UART_receiveData                           
000032c1  finddevice                                 
000032f1  __aeabi_i2d                                
00003321  remove                                     
00003321  unlink                                     
0000334d  GPIO_clearInterruptFlag                    
00003375  GPIO_enableInterrupt                       
0000339d  GPIO_setOutputHighOnPin                    
000033c5  GPIO_setOutputLowOnPin                     
00003415  lseek                                      
0000343d  write                                      
00003465  GPIO_getInterruptStatus                    
00003489  moveBackward                               
000034ad  moveForward                                
000034d1  moveLeft                                   
000034f5  moveRight                                  
00003519  stop                                       
0000353d  memchr                                     
0000355d  __TI_zero_init_nomemset                    
00003595  memccpy                                    
000035b1  set_All_LED2_Low                           
000035cd  copysign                                   
000035cd  copysignl                                  
000035e7  strcmp                                     
000035ff  UART_enableModule                          
00003615  strchr                                     
0000362b  stopLeftWheel                              
0000363f  stopRightWheel                             
00003653  strcpy                                     
00003667  strlen                                     
0000367b  wcslen                                     
0000368d  Interrupt_enableMaster                     
0000369d  __TI_decompress_none                       
000036ab  CPU_cpsie                                  
000036b7  Reset_Handler                              
000036c5  __aeabi_errno_addr                         
000036cd  malloc                                     
000036dd  _system_pre_init                           
000036e1  C$$EXIT                                    
000036e1  abort                                      
000036e4  _ctypes_                                   
00003818  bluetooth                                  
000038cc  __TI_Handler_Table_Base                    
000038d8  __TI_Handler_Table_Limit                   
000038e0  __TI_CINIT_Base                            
000038f0  __TI_CINIT_Limit                           
20000000  __start___llvm_prf_cnts                    
20000000  __stop___llvm_prf_cnts                     
20000000  _sys_memory                                
20000800  _ftable                                    
200008f0  _device                                    
20000968  _stream                                    
200009b8  leftWheel                                  
200009d0  rightWheel                                 
200009f8  __TI_ft_end                                
200009fc  __aeabi_stdin                              
20000a00  __aeabi_stdout                             
20000a04  __aeabi_stderr                             
20000a08  __TI_cleanup_ptr                           
20000a0c  __TI_dtors_ptr                             
20000a10  __TI_enable_exit_profile_output            
20000a14  _lock                                      
20000a18  _unlock                                    
20000a24  errno                                      
20000a28  __CIOBUF_                                  
20000b48  __TI_tmpnams                               
20000be8  parmbuf                                    
2000fe00  __stack                                    
20010000  __STACK_END                                
4000480c  WDTCTL_SYM                                 
ffffffff  __TI_pprof_out_hndl                        
ffffffff  __TI_prof_data_size                        
ffffffff  __TI_prof_data_start                       
ffffffff  __binit__                                  
ffffffff  __c_args__                                 
ffffffff  binit                                      
UNDEFED   __mpu_init                                 
UNDEFED   _system_post_cinit                         

[211 symbols]
